Archive member included to satisfy reference by file (symbol)

C:/Users/juanr/Desktop/AeroGuyRedo/nflib/lib\libnflib.a(nf_2d.o)
                              init.o (NF_Set2D)
C:/Users/juanr/Desktop/AeroGuyRedo/nflib/lib\libnflib.a(nf_basic.o)
                              C:/Users/juanr/Desktop/AeroGuyRedo/nflib/lib\libnflib.a(nf_2d.o) (NF_Error)
C:/Users/juanr/Desktop/AeroGuyRedo/nflib/lib\libnflib.a(nf_sprite256.o)
                              init.o (NF_InitSpriteBuffers)
C:/Users/juanr/Desktop/AeroGuyRedo/nflib/lib\libnflib.a(nf_tiledbg.o)
                              init.o (NF_InitTiledBgBuffers)
C:/devkitPro/libnds/lib\libfilesystem.a(nitrofs.o)
                              C:/Users/juanr/Desktop/AeroGuyRedo/nflib/lib\libnflib.a(nf_basic.o) (nitroFSInit)
C:/devkitPro/libnds/lib\libfat.a(libfat.o)
                              C:/Users/juanr/Desktop/AeroGuyRedo/nflib/lib\libnflib.a(nf_basic.o) (fatInitDefault)
C:/devkitPro/libnds/lib\libfat.a(disc.o)
                              C:/devkitPro/libnds/lib\libfat.a(libfat.o) (_FAT_disc_interfaces)
C:/devkitPro/libnds/lib\libfat.a(fatfile.o)
                              C:/devkitPro/libnds/lib\libfat.a(libfat.o) (_FAT_open_r)
C:/devkitPro/libnds/lib\libfat.a(cache.o)
                              C:/devkitPro/libnds/lib\libfat.a(fatfile.o) (_FAT_cache_readSectors)
C:/devkitPro/libnds/lib\libfat.a(fatdir.o)
                              C:/devkitPro/libnds/lib\libfat.a(libfat.o) (_FAT_stat_r)
C:/devkitPro/libnds/lib\libfat.a(directory.o)
                              C:/devkitPro/libnds/lib\libfat.a(fatfile.o) (_FAT_directory_entryGetCluster)
C:/devkitPro/libnds/lib\libfat.a(partition.o)
                              C:/devkitPro/libnds/lib\libfat.a(libfat.o) (_FAT_partition_destructor)
C:/devkitPro/libnds/lib\libfat.a(lock.o)
                              C:/devkitPro/libnds/lib\libfat.a(partition.o) (_FAT_lock_init)
C:/devkitPro/libnds/lib\libfat.a(filetime.o)
                              C:/devkitPro/libnds/lib\libfat.a(fatfile.o) (_FAT_filetime_getTimeFromRTC)
C:/devkitPro/libnds/lib\libfat.a(file_allocation_table.o)
                              C:/devkitPro/libnds/lib\libfat.a(fatfile.o) (_FAT_fat_nextCluster)
C:/devkitPro/libnds/lib\libnds9.a(video.o)
                              C:/Users/juanr/Desktop/AeroGuyRedo/nflib/lib\libnflib.a(nf_basic.o) (setBrightness)
C:/devkitPro/libnds/lib\libnds9.a(console.o)
                              C:/Users/juanr/Desktop/AeroGuyRedo/nflib/lib\libnflib.a(nf_basic.o) (consoleDemoInit)
C:/devkitPro/libnds/lib\libnds9.a(sprite.o)
                              C:/Users/juanr/Desktop/AeroGuyRedo/nflib/lib\libnflib.a(nf_sprite256.o) (oamInit)
C:/devkitPro/libnds/lib\libnds9.a(keys.o)
                              game.o (scanKeys)
C:/devkitPro/libnds/lib\libnds9.a(dldi.o)
                              C:/devkitPro/libnds/lib\libfat.a(disc.o) (dldiGetInternal)
C:/devkitPro/libnds/lib\libnds9.a(initSystem.o)
                              c:/devkitpro/devkitarm/bin/../lib/gcc/arm-none-eabi/10.2.0/../../../../arm-none-eabi/lib/thumb/ds_arm9_crt0.o (initSystem)
C:/devkitPro/libnds/lib\libnds9.a(timeSupport.o)
                              C:/devkitPro/libnds/lib\libnds9.a(initSystem.o) (__libnds_gtod)
C:/devkitPro/libnds/lib\libnds9.a(securearea.o)
                              c:/devkitpro/devkitarm/bin/../lib/gcc/arm-none-eabi/10.2.0/../../../../arm-none-eabi/lib/thumb/ds_arm9_crt0.o (__secure_area__)
C:/devkitPro/libnds/lib\libnds9.a(interrupts.o)
                              C:/devkitPro/libnds/lib\libnds9.a(initSystem.o) (irqInit)
C:/devkitPro/libnds/lib\libnds9.a(libnds_exit.arm.o)
                              c:/devkitpro/devkitarm/bin/../lib/gcc/arm-none-eabi/10.2.0/../../../../arm-none-eabi/lib/thumb/ds_arm9_crt0.o (__libnds_exit)
C:/devkitPro/libnds/lib\libnds9.a(card.o)
                              C:/devkitPro/libnds/lib\libfilesystem.a(nitrofs.o) (cardParamCommand)
C:/devkitPro/libnds/lib\libnds9.a(fifosystem.o)
                              C:/devkitPro/libnds/lib\libnds9.a(initSystem.o) (fifoSetValue32Handler)
C:/devkitPro/libnds/lib\libnds9.a(dcache.o)
                              C:/Users/juanr/Desktop/AeroGuyRedo/nflib/lib\libnflib.a(nf_basic.o) (DC_FlushRange)
C:/devkitPro/libnds/lib\libnds9.a(dldi_stub.o)
                              C:/devkitPro/libnds/lib\libnds9.a(dldi.o) (_io_dldi_stub)
C:/devkitPro/libnds/lib\libnds9.a(mpu_setup.o)
                              c:/devkitpro/devkitarm/bin/../lib/gcc/arm-none-eabi/10.2.0/../../../../arm-none-eabi/lib/thumb/ds_arm9_crt0.o (__libnds_mpu_setup)
C:/devkitPro/libnds/lib\libnds9.a(IntrWait.o)
                              game.o (swiWaitForVBlank)
C:/devkitPro/libnds/lib\libnds9.a(cpu_clock.o)
                              C:/devkitPro/libnds/lib\libnds9.a(initSystem.o) (setCpuClock)
C:/devkitPro/libnds/lib\libnds9.a(interruptDispatcher.o)
                              C:/devkitPro/libnds/lib\libnds9.a(interrupts.o) (IntrMain)
[...]
Memory Configuration

Name             Origin             Length             Attributes
ewram            0x0000000002000000 0x0000000000380000
dtcm             0x0000000002ff0000 0x0000000000004000
vectors          0x0000000001000000 0x0000000000000100
itcm             0x0000000001000100 0x0000000000007f00
*default*        0x0000000000000000 0xffffffffffffffff

Linker script and memory map

                0x0000000002380000                __ewram_end = (ORIGIN (ewram) + LENGTH (ewram))
                0x0000000002380000                __eheap_end = (ORIGIN (ewram) + LENGTH (ewram))
                0x0000000002ff4000                __dtcm_top = (ORIGIN (dtcm) + LENGTH (dtcm))
                0x0000000002ff3ff8                __irq_flags = (__dtcm_top - 0x8)
                0x0000000002ff3ffc                __irq_vector = (__dtcm_top - 0x4)
                0x0000000002ff3f00                __sp_svc = (__dtcm_top - 0x100)
                0x0000000002ff3e00                __sp_irq = (__sp_svc - 0x100)
                0x0000000002ff3d00                __sp_usr = (__sp_irq - 0x100)

.secure         0x0000000002000000      0x800
 *(.secure)
 .secure        0x0000000002000000      0x800 C:/devkitPro/libnds/lib\libnds9.a(securearea.o)
                0x0000000002000000                __secure_area__

.crt0           0x0000000002000800      0x300
                0x0000000002000800                __text_start = .
 *(.crt0)
 .crt0          0x0000000002000800      0x300 c:/devkitpro/devkitarm/bin/../lib/gcc/arm-none-eabi/10.2.0/../../../../arm-none-eabi/lib/thumb/ds_arm9_crt0.o
                0x0000000002000800                _start
                0x0000000002000b00                . = ALIGN (0x4)

.plt
 *(.plt)

.init           0x0000000002000b00        0xc
 *(SORT_NONE(.init))
 .init          0x0000000002000b00        0x4 c:/devkitpro/devkitarm/bin/../lib/gcc/arm-none-eabi/10.2.0/thumb/crti.o
                0x0000000002000b00                _init
 .init          0x0000000002000b04        0x8 c:/devkitpro/devkitarm/bin/../lib/gcc/arm-none-eabi/10.2.0/thumb/crtn.o

.text           0x0000000002000b40    0x1d908
 *(EXCLUDE_FILE(*.twl* *.vectors* *.itcm*) .text)
 .text          0x0000000002000b40       0x2c collision.o
                0x0000000002000b40                checkCollision
 .text          0x0000000002000b6c      0x13c game.o
                0x0000000002000b6c                game
 .text          0x0000000002000ca8       0x40 init.o
                0x0000000002000ca8                init
 .text          0x0000000002000ce8       0x2c move.o
                0x0000000002000ce8                move
 .text          0x0000000002000d14       0x68 titleScreen.o
                0x0000000002000d14                titleScreen
 .text          0x0000000002000d7c      0x868 C:/Users/juanr/Desktop/AeroGuyRedo/nflib/lib\libnflib.a(nf_2d.o)
                0x0000000002000d7c                NF_Set2D
                0x0000000002000de0                NF_ShowBg
                0x0000000002000e5c                NF_HideBg
                0x0000000002000f00                NF_ScrollBg
                0x0000000002001270                NF_MoveSprite
                0x0000000002001290                NF_SpriteLayer
                0x00000000020012ac                NF_ShowSprite
                0x00000000020012cc                NF_HflipSprite
                0x00000000020012e8                NF_GetSpriteHflip
                0x0000000002001304                NF_VflipSprite
                0x0000000002001320                NF_GetSpriteVflip
                0x000000000200133c                NF_SpriteFrame
                0x0000000002001408                NF_EnableSpriteRotScale
                0x00000000020014a0                NF_DisableSpriteRotScale
                0x0000000002001514                NF_SpriteRotScale
 .text          0x00000000020015e4      0x474 C:/Users/juanr/Desktop/AeroGuyRedo/nflib/lib\libnflib.a(nf_basic.o)
                0x00000000020015e4                NF_Error
                0x000000000200186c                NF_SetRootFolder
                0x00000000020019c4                NF_DmaMemCopy
                0x0000000002001a48                NF_GetLanguage
 .text          0x0000000002001a58     0x1358 C:/Users/juanr/Desktop/AeroGuyRedo/nflib/lib\libnflib.a(nf_sprite256.o)
                0x0000000002001a58                NF_InitSpriteBuffers
                0x0000000002001aa4                NF_ResetSpriteBuffers
                0x0000000002001ad8                NF_InitSpriteSys
                0x0000000002001ce4                NF_LoadSpriteGfx
                0x0000000002001dfc                NF_UnloadSpriteGfx
                0x0000000002001e64                NF_LoadSpritePal
                0x0000000002001f68                NF_UnloadSpritePal
                0x0000000002001fb8                NF_VramSpriteGfx
                0x00000000020022f0                NF_VramSpriteGfxDefrag
                0x000000000200250c                NF_FreeSpriteGfx
                0x0000000002002614                NF_VramSpritePal
                0x00000000020026e0                NF_CreateSprite
                0x0000000002002a10                NF_DeleteSprite
                0x0000000002002ab0                NF_SpriteOamSet
                0x0000000002002ba0                NF_SpriteSetPalColor
                0x0000000002002c38                NF_SpriteEditPalColor
                0x0000000002002cb4                NF_SpriteUpdatePalette
                0x0000000002002d44                NF_SpriteGetPalColor
 .text          0x0000000002002db0     0x1a84 C:/Users/juanr/Desktop/AeroGuyRedo/nflib/lib\libnflib.a(nf_tiledbg.o)
                0x0000000002002db0                NF_InitTiledBgBuffers
                0x0000000002002e68                NF_ResetTiledBgBuffers
                0x0000000002002eb8                NF_InitTiledBgSys
                0x0000000002002fec                NF_LoadTiledBg
                0x0000000002003270                NF_LoadTilesForBg
                0x00000000020034f0                NF_UnloadTiledBg
                0x00000000020035a0                NF_DeleteTiledBg
                0x0000000002003748                NF_CreateTiledBg
                0x0000000002003e08                NF_GetTileMapAdress
                0x0000000002003ec4                NF_GetTileOfMap
                0x0000000002003f00                NF_SetTileOfMap
                0x0000000002003f44                NF_UpdateVramMap
                0x0000000002004064                NF_BgSetPalColor
                0x0000000002004114                NF_BgEditPalColor
                0x00000000020041bc                NF_BgUpdatePalette
                0x000000000200427c                NF_BgGetPalColor
                0x0000000002004314                NF_GetTilePal
                0x0000000002004348                NF_SetTilePal
                0x000000000200438c                NF_LoadExBgPal
                0x000000000200446c                NF_UnloadExBgPal
                0x00000000020044b8                NF_VramExBgPal
                0x0000000002004560                NF_SetExBgPal
                0x0000000002004620                NF_SetTileHflip
                0x000000000200465c                NF_SetTileVflip
                0x0000000002004698                NF_RotateTileGfx
 *fill*         0x0000000002004834        0xc ff
 .text          0x0000000002004840     0x4000 C:/devkitPro/libnds/lib\libnds9.a(dldi_stub.o)
                0x0000000002004840                _io_dldi_stub
 .text          0x0000000002008840      0x11c c:/devkitpro/devkitarm/bin/../lib/gcc/arm-none-eabi/10.2.0/thumb\libgcc.a(_udivsi3.o)
                0x0000000002008840                __aeabi_uidiv
                0x0000000002008840                __udivsi3
                0x000000000200893c                __aeabi_uidivmod
 .text          0x000000000200895c      0x150 c:/devkitpro/devkitarm/bin/../lib/gcc/arm-none-eabi/10.2.0/thumb\libgcc.a(_divsi3.o)
                0x000000000200895c                __divsi3
                0x000000000200895c                __aeabi_idiv
                0x0000000002008a8c                __aeabi_idivmod
 .text          0x0000000002008aac        0x4 c:/devkitpro/devkitarm/bin/../lib/gcc/arm-none-eabi/10.2.0/thumb\libgcc.a(_dvmd_tls.o)
                0x0000000002008aac                __aeabi_idiv0
                0x0000000002008aac                __aeabi_ldiv0
 .text          0x0000000002008ab0       0xd4 c:/devkitpro/devkitarm/bin/../lib/gcc/arm-none-eabi/10.2.0/thumb\libgcc.a(_aeabi_ldivmod.o)
                0x0000000002008ab0                __aeabi_ldivmod
 .text          0x0000000002008b84       0x28 c:/devkitpro/devkitarm/bin/../lib/gcc/arm-none-eabi/10.2.0/thumb\libgcc.a(_clzdi2.o)
                0x0000000002008b84                __clzdi2
 .text          0x0000000002008bac       0x48 c:/devkitpro/devkitarm/bin/../lib/gcc/arm-none-eabi/10.2.0/thumb\libgcc.a(_clzsi2.o)
                0x0000000002008bac                __clzsi2
 .text          0x0000000002008bf4      0x224 c:/devkitpro/devkitarm/bin/../lib/gcc/arm-none-eabi/10.2.0/../../../../arm-none-eabi/lib/thumb\libg.a(lib_a-strcmp.o)
                0x0000000002008bf4                strcmp
 .text          0x0000000002008e18       0x14 c:/devkitpro/devkitarm/bin/../lib/gcc/arm-none-eabi/10.2.0/thumb\libgcc.a(_thumb1_case_uqi.o)
                0x0000000002008e18                __gnu_thumb1_case_uqi
 .text          0x0000000002008e2c       0x14 c:/devkitpro/devkitarm/bin/../lib/gcc/arm-none-eabi/10.2.0/thumb\libgcc.a(_thumb1_case_uhi.o)
                0x0000000002008e2c                __gnu_thumb1_case_uhi
 .text          0x0000000002008e40      0x424 c:/devkitpro/devkitarm/bin/../lib/gcc/arm-none-eabi/10.2.0/thumb\libgcc.a(_arm_addsubdf3.o)
                0x0000000002008e40                __aeabi_drsub
                0x0000000002008e48                __aeabi_dsub
                0x0000000002008e48                __subdf3
                0x0000000002008e4c                __aeabi_dadd
                0x0000000002008e4c                __adddf3
                0x000000000200915c                __floatunsidf
                0x000000000200915c                __aeabi_ui2d
                0x0000000002009180                __floatsidf
                0x0000000002009180                __aeabi_i2d
                0x00000000020091a8                __aeabi_f2d
                0x00000000020091a8                __extendsfdf2
                0x00000000020091f0                __floatundidf
                0x00000000020091f0                __aeabi_ul2d
                0x0000000002009204                __floatdidf
                0x0000000002009204                __aeabi_l2d
 .text          0x0000000002009264      0x49c c:/devkitpro/devkitarm/bin/../lib/gcc/arm-none-eabi/10.2.0/thumb\libgcc.a(_arm_muldivdf3.o)
                0x0000000002009264                __aeabi_dmul
                0x0000000002009264                __muldf3
                0x00000000020094f4                __divdf3
                0x00000000020094f4                __aeabi_ddiv
 .text          0x0000000002009700      0x144 c:/devkitpro/devkitarm/bin/../lib/gcc/arm-none-eabi/10.2.0/thumb\libgcc.a(_arm_cmpdf2.o)
                0x0000000002009700                __gtdf2
                0x0000000002009700                __gedf2
                0x0000000002009708                __ltdf2
                0x0000000002009708                __ledf2
                0x0000000002009710                __nedf2
                0x0000000002009710                __eqdf2
                0x0000000002009710                __cmpdf2
                0x0000000002009798                __aeabi_cdrcmple
                0x00000000020097b4                __aeabi_cdcmpeq
                0x00000000020097b4                __aeabi_cdcmple
                0x00000000020097cc                __aeabi_dcmpeq
                0x00000000020097e4                __aeabi_dcmplt
                0x00000000020097fc                __aeabi_dcmple
                0x0000000002009814                __aeabi_dcmpge
                0x000000000200982c                __aeabi_dcmpgt
 .text          0x0000000002009844       0x38 c:/devkitpro/devkitarm/bin/../lib/gcc/arm-none-eabi/10.2.0/thumb\libgcc.a(_arm_unorddf2.o)
                0x0000000002009844                __unorddf2
                0x0000000002009844                __aeabi_dcmpun
 .text          0x000000000200987c       0x5c c:/devkitpro/devkitarm/bin/../lib/gcc/arm-none-eabi/10.2.0/thumb\libgcc.a(_arm_fixdfsi.o)
                0x000000000200987c                __aeabi_d2iz
                0x000000000200987c                __fixdfsi
 .text          0x00000000020098d8       0x3c c:/devkitpro/devkitarm/bin/../lib/gcc/arm-none-eabi/10.2.0/thumb\libgcc.a(_aeabi_uldivmod.o)
                0x00000000020098d8                __aeabi_uldivmod
 *(EXCLUDE_FILE(*.twl* *.vectors* *.itcm*) .stub)
 *(EXCLUDE_FILE(*.twl* *.vectors* *.itcm*) .text.*)
 .text.__do_global_dtors_aux
                0x0000000002009914       0x2c c:/devkitpro/devkitarm/bin/../lib/gcc/arm-none-eabi/10.2.0/thumb/crtbegin.o
 .text.frame_dummy
                0x0000000002009940       0x24 c:/devkitpro/devkitarm/bin/../lib/gcc/arm-none-eabi/10.2.0/thumb/crtbegin.o
 .text.startup  0x0000000002009964       0x14 main.o
                0x0000000002009964                main
 .text.nitroFSDirClose
                0x0000000002009978        0x4 C:/devkitPro/libnds/lib\libfilesystem.a(nitrofs.o)
 .text.nitroFSSeek
                0x000000000200997c       0x78 C:/devkitPro/libnds/lib\libfilesystem.a(nitrofs.o)
 .text.nitroFSFstat
                0x00000000020099f4       0x10 C:/devkitPro/libnds/lib\libfilesystem.a(nitrofs.o)
 .text.nitroSubReadBlock
                0x0000000002009a04       0x54 C:/devkitPro/libnds/lib\libfilesystem.a(nitrofs.o)
 .text.nitroSubReadCard
                0x0000000002009a58       0xb0 C:/devkitPro/libnds/lib\libfilesystem.a(nitrofs.o)
 .text.nitroFSClose
                0x0000000002009b08        0x4 C:/devkitPro/libnds/lib\libfilesystem.a(nitrofs.o)
 .text.nitroDirReset
                0x0000000002009b0c       0x9c C:/devkitPro/libnds/lib\libfilesystem.a(nitrofs.o)
 .text.nitroFSRead
                0x0000000002009ba8       0xbc C:/devkitPro/libnds/lib\libfilesystem.a(nitrofs.o)
 .text.nitroFSDirNext
                0x0000000002009c64      0x30c C:/devkitPro/libnds/lib\libfilesystem.a(nitrofs.o)
 .text.nitroFSDirOpen
                0x0000000002009f70       0xe0 C:/devkitPro/libnds/lib\libfilesystem.a(nitrofs.o)
 .text.nitroFSChdir
                0x000000000200a050       0x30 C:/devkitPro/libnds/lib\libfilesystem.a(nitrofs.o)
 .text.nitroFSOpen
                0x000000000200a080       0xc4 C:/devkitPro/libnds/lib\libfilesystem.a(nitrofs.o)
 .text.nitroFSstat
                0x000000000200a144       0x68 C:/devkitPro/libnds/lib\libfilesystem.a(nitrofs.o)
 .text.nitroFSInit
                0x000000000200a1ac      0x12c C:/devkitPro/libnds/lib\libfilesystem.a(nitrofs.o)
                0x000000000200a1ac                nitroFSInit
 .text.fatMount.part.0
                0x000000000200a2d8       0xa0 C:/devkitPro/libnds/lib\libfat.a(libfat.o)
 .text.fatMount
                0x000000000200a378       0x3c C:/devkitPro/libnds/lib\libfat.a(libfat.o)
                0x000000000200a378                fatMount
 .text.fatInit  0x000000000200a3b4      0x130 C:/devkitPro/libnds/lib\libfat.a(libfat.o)
                0x000000000200a3b4                fatInit
 .text.fatInitDefault
                0x000000000200a4e4        0xc C:/devkitPro/libnds/lib\libfat.a(libfat.o)
                0x000000000200a4e4                fatInitDefault
 .text._FAT_check_position_for_next_cluster.part.0
                0x000000000200a4f0       0x68 C:/devkitPro/libnds/lib\libfat.a(fatfile.o)
 .text._FAT_syncToDisc.part.0
                0x000000000200a558       0xd4 C:/devkitPro/libnds/lib\libfat.a(fatfile.o)
 .text._FAT_file_extend_r
                0x000000000200a62c      0x208 C:/devkitPro/libnds/lib\libfat.a(fatfile.o)
 .text._FAT_open_r
                0x000000000200a834      0x2d4 C:/devkitPro/libnds/lib\libfat.a(fatfile.o)
                0x000000000200a834                _FAT_open_r
 .text._FAT_close_r
                0x000000000200ab08       0x74 C:/devkitPro/libnds/lib\libfat.a(fatfile.o)
                0x000000000200ab08                _FAT_close_r
 .text._FAT_read_r
                0x000000000200ab7c      0x398 C:/devkitPro/libnds/lib\libfat.a(fatfile.o)
                0x000000000200ab7c                _FAT_read_r
 .text._FAT_write_r
                0x000000000200af14      0x53c C:/devkitPro/libnds/lib\libfat.a(fatfile.o)
                0x000000000200af14                _FAT_write_r
 .text._FAT_seek_r
                0x000000000200b450      0x194 C:/devkitPro/libnds/lib\libfat.a(fatfile.o)
                0x000000000200b450                _FAT_seek_r
 .text._FAT_fstat_r
                0x000000000200b5e4       0x8c C:/devkitPro/libnds/lib\libfat.a(fatfile.o)
                0x000000000200b5e4                _FAT_fstat_r
 .text._FAT_ftruncate_r
                0x000000000200b670      0x16c C:/devkitPro/libnds/lib\libfat.a(fatfile.o)
                0x000000000200b670                _FAT_ftruncate_r
 .text._FAT_fsync_r
                0x000000000200b7dc       0x44 C:/devkitPro/libnds/lib\libfat.a(fatfile.o)
                0x000000000200b7dc                _FAT_fsync_r
 .text._FAT_cache_getPage
                0x000000000200b820       0xf0 C:/devkitPro/libnds/lib\libfat.a(cache.o)
 .text._FAT_cache_constructor
                0x000000000200b910       0x90 C:/devkitPro/libnds/lib\libfat.a(cache.o)
                0x000000000200b910                _FAT_cache_constructor
 .text._FAT_cache_readSectors
                0x000000000200b9a0       0x60 C:/devkitPro/libnds/lib\libfat.a(cache.o)
                0x000000000200b9a0                _FAT_cache_readSectors
 .text._FAT_cache_readPartialSector
                0x000000000200ba00       0x3c C:/devkitPro/libnds/lib\libfat.a(cache.o)
                0x000000000200ba00                _FAT_cache_readPartialSector
 .text._FAT_cache_readLittleEndianValue
                0x000000000200ba3c       0x70 C:/devkitPro/libnds/lib\libfat.a(cache.o)
                0x000000000200ba3c                _FAT_cache_readLittleEndianValue
 .text._FAT_cache_writePartialSector
                0x000000000200baac       0x4c C:/devkitPro/libnds/lib\libfat.a(cache.o)
                0x000000000200baac                _FAT_cache_writePartialSector
 .text._FAT_cache_writeLittleEndianValue
                0x000000000200baf8       0x8c C:/devkitPro/libnds/lib\libfat.a(cache.o)
                0x000000000200baf8                _FAT_cache_writeLittleEndianValue
 .text._FAT_cache_eraseWritePartialSector
                0x000000000200bb84       0x60 C:/devkitPro/libnds/lib\libfat.a(cache.o)
                0x000000000200bb84                _FAT_cache_eraseWritePartialSector
 .text._FAT_cache_writeSectors
                0x000000000200bbe4       0x80 C:/devkitPro/libnds/lib\libfat.a(cache.o)
                0x000000000200bbe4                _FAT_cache_writeSectors
 .text._FAT_cache_flush
                0x000000000200bc64       0x40 C:/devkitPro/libnds/lib\libfat.a(cache.o)
                0x000000000200bc64                _FAT_cache_flush
 .text._FAT_stat_r
                0x000000000200bca4       0x90 C:/devkitPro/libnds/lib\libfat.a(fatdir.o)
                0x000000000200bca4                _FAT_stat_r
 .text._FAT_link_r
                0x000000000200bd34        0xc C:/devkitPro/libnds/lib\libfat.a(fatdir.o)
                0x000000000200bd34                _FAT_link_r
 .text._FAT_unlink_r
                0x000000000200bd40      0x184 C:/devkitPro/libnds/lib\libfat.a(fatdir.o)
                0x000000000200bd40                _FAT_unlink_r
 .text._FAT_chdir_r
                0x000000000200bec4       0x70 C:/devkitPro/libnds/lib\libfat.a(fatdir.o)
                0x000000000200bec4                _FAT_chdir_r
 .text._FAT_rename_r
                0x000000000200bf34      0x1c4 C:/devkitPro/libnds/lib\libfat.a(fatdir.o)
                0x000000000200bf34                _FAT_rename_r
 .text._FAT_mkdir_r
                0x000000000200c0f8      0x244 C:/devkitPro/libnds/lib\libfat.a(fatdir.o)
                0x000000000200c0f8                _FAT_mkdir_r
 .text._FAT_statvfs_r
                0x000000000200c33c       0x78 C:/devkitPro/libnds/lib\libfat.a(fatdir.o)
                0x000000000200c33c                _FAT_statvfs_r
 .text._FAT_diropen_r
                0x000000000200c3b4       0xb0 C:/devkitPro/libnds/lib\libfat.a(fatdir.o)
                0x000000000200c3b4                _FAT_diropen_r
 .text._FAT_dirreset_r
                0x000000000200c464       0x4c C:/devkitPro/libnds/lib\libfat.a(fatdir.o)
                0x000000000200c464                _FAT_dirreset_r
 .text._FAT_dirnext_r
                0x000000000200c4b0       0x7c C:/devkitPro/libnds/lib\libfat.a(fatdir.o)
                0x000000000200c4b0                _FAT_dirnext_r
 .text._FAT_dirclose_r
                0x000000000200c52c       0x20 C:/devkitPro/libnds/lib\libfat.a(fatdir.o)
                0x000000000200c52c                _FAT_dirclose_r
 .text._FAT_directory_entryGetAlias
                0x000000000200c54c       0xc8 C:/devkitPro/libnds/lib\libfat.a(directory.o)
 .text._FAT_directory_incrementDirEntryPosition
                0x000000000200c614       0x80 C:/devkitPro/libnds/lib\libfat.a(directory.o)
 .text._FAT_directory_mbsncasecmp
                0x000000000200c694       0xa8 C:/devkitPro/libnds/lib\libfat.a(directory.o)
 .text._FAT_directory_ucs2tombs.constprop.0
                0x000000000200c73c       0x90 C:/devkitPro/libnds/lib\libfat.a(directory.o)
 .text._FAT_directory_entryGetCluster
                0x000000000200c7cc       0x20 C:/devkitPro/libnds/lib\libfat.a(directory.o)
                0x000000000200c7cc                _FAT_directory_entryGetCluster
 .text._FAT_directory_getNextEntry
                0x000000000200c7ec      0x23c C:/devkitPro/libnds/lib\libfat.a(directory.o)
                0x000000000200c7ec                _FAT_directory_getNextEntry
 .text._FAT_directory_entryExists
                0x000000000200ca28       0x80 C:/devkitPro/libnds/lib\libfat.a(directory.o)
 .text._FAT_directory_getFirstEntry
                0x000000000200caa8       0x20 C:/devkitPro/libnds/lib\libfat.a(directory.o)
                0x000000000200caa8                _FAT_directory_getFirstEntry
 .text._FAT_directory_getRootEntry
                0x000000000200cac8       0x60 C:/devkitPro/libnds/lib\libfat.a(directory.o)
                0x000000000200cac8                _FAT_directory_getRootEntry
 .text._FAT_directory_entryFromPosition
                0x000000000200cb28      0x150 C:/devkitPro/libnds/lib\libfat.a(directory.o)
                0x000000000200cb28                _FAT_directory_entryFromPosition
 .text._FAT_directory_entryFromPath
                0x000000000200cc78      0x248 C:/devkitPro/libnds/lib\libfat.a(directory.o)
                0x000000000200cc78                _FAT_directory_entryFromPath
 .text._FAT_directory_removeEntry
                0x000000000200cec0       0xd8 C:/devkitPro/libnds/lib\libfat.a(directory.o)
                0x000000000200cec0                _FAT_directory_removeEntry
 .text._FAT_directory_addEntry
                0x000000000200cf98      0x808 C:/devkitPro/libnds/lib\libfat.a(directory.o)
                0x000000000200cf98                _FAT_directory_addEntry
 .text._FAT_directory_chdir
                0x000000000200d7a0       0x3c C:/devkitPro/libnds/lib\libfat.a(directory.o)
                0x000000000200d7a0                _FAT_directory_chdir
 .text._FAT_directory_entryStat
                0x000000000200d7dc       0xe4 C:/devkitPro/libnds/lib\libfat.a(directory.o)
                0x000000000200d7dc                _FAT_directory_entryStat
 .text.isValidMBR
                0x000000000200d8c0       0x5c C:/devkitPro/libnds/lib\libfat.a(partition.o)
 .text._FAT_updateFS_INFO
                0x000000000200d91c       0x54 C:/devkitPro/libnds/lib\libfat.a(partition.o)
 .text.FindFirstValidPartition_buf.part.0
                0x000000000200d970      0x11c C:/devkitPro/libnds/lib\libfat.a(partition.o)
 .text._FAT_partition_getPartitionFromPath
                0x000000000200da8c       0x10 C:/devkitPro/libnds/lib\libfat.a(partition.o)
                0x000000000200da8c                _FAT_partition_getPartitionFromPath
 .text._FAT_partition_createFSinfo
                0x000000000200da9c       0x50 C:/devkitPro/libnds/lib\libfat.a(partition.o)
                0x000000000200da9c                _FAT_partition_createFSinfo
 .text._FAT_partition_readFSinfo.part.0
                0x000000000200daec       0x74 C:/devkitPro/libnds/lib\libfat.a(partition.o)
 .text._FAT_partition_constructor_buf
                0x000000000200db60      0x2e8 C:/devkitPro/libnds/lib\libfat.a(partition.o)
                0x000000000200db60                _FAT_partition_constructor_buf
 .text._FAT_partition_constructor
                0x000000000200de48       0x40 C:/devkitPro/libnds/lib\libfat.a(partition.o)
                0x000000000200de48                _FAT_partition_constructor
 .text._FAT_partition_readFSinfo
                0x000000000200de88       0x10 C:/devkitPro/libnds/lib\libfat.a(partition.o)
                0x000000000200de88                _FAT_partition_readFSinfo
 .text._FAT_lock_init
                0x000000000200de98        0x4 C:/devkitPro/libnds/lib\libfat.a(lock.o)
                0x000000000200de98                _FAT_lock_init
 .text._FAT_lock
                0x000000000200de9c        0x4 C:/devkitPro/libnds/lib\libfat.a(lock.o)
                0x000000000200de9c                _FAT_lock
 .text._FAT_unlock
                0x000000000200dea0        0x4 C:/devkitPro/libnds/lib\libfat.a(lock.o)
                0x000000000200dea0                _FAT_unlock
 .text._FAT_filetime_getTimeFromRTC
                0x000000000200dea4       0x44 C:/devkitPro/libnds/lib\libfat.a(filetime.o)
                0x000000000200dea4                _FAT_filetime_getTimeFromRTC
 .text._FAT_filetime_getDateFromRTC
                0x000000000200dee8       0x44 C:/devkitPro/libnds/lib\libfat.a(filetime.o)
                0x000000000200dee8                _FAT_filetime_getDateFromRTC
 .text._FAT_filetime_to_time_t
                0x000000000200df2c       0x38 C:/devkitPro/libnds/lib\libfat.a(filetime.o)
                0x000000000200df2c                _FAT_filetime_to_time_t
 .text._FAT_fat_writeFatEntry.part.0.isra.0
                0x000000000200df64      0x12c C:/devkitPro/libnds/lib\libfat.a(file_allocation_table.o)
 .text._FAT_fat_nextCluster
                0x000000000200e090      0x108 C:/devkitPro/libnds/lib\libfat.a(file_allocation_table.o)
                0x000000000200e090                _FAT_fat_nextCluster
 .text._FAT_fat_linkFreeCluster
                0x000000000200e198       0xac C:/devkitPro/libnds/lib\libfat.a(file_allocation_table.o)
                0x000000000200e198                _FAT_fat_linkFreeCluster
 .text._FAT_fat_linkFreeClusterCleared
                0x000000000200e244       0x68 C:/devkitPro/libnds/lib\libfat.a(file_allocation_table.o)
                0x000000000200e244                _FAT_fat_linkFreeClusterCleared
 .text._FAT_fat_clearLinks
                0x000000000200e2ac       0x7c C:/devkitPro/libnds/lib\libfat.a(file_allocation_table.o)
                0x000000000200e2ac                _FAT_fat_clearLinks
 .text._FAT_fat_trimChain
                0x000000000200e328       0x80 C:/devkitPro/libnds/lib\libfat.a(file_allocation_table.o)
                0x000000000200e328                _FAT_fat_trimChain
 .text._FAT_fat_lastCluster
                0x000000000200e3a8       0x34 C:/devkitPro/libnds/lib\libfat.a(file_allocation_table.o)
                0x000000000200e3a8                _FAT_fat_lastCluster
 .text._FAT_fat_freeClusterCount
                0x000000000200e3dc       0x2c C:/devkitPro/libnds/lib\libfat.a(file_allocation_table.o)
                0x000000000200e3dc                _FAT_fat_freeClusterCount
 .text.setBrightness
                0x000000000200e408       0x40 C:/devkitPro/libnds/lib\libnds9.a(video.o)
                0x000000000200e408                setBrightness
 .text.vramDefault
                0x000000000200e448       0xd0 C:/devkitPro/libnds/lib\libnds9.a(video.o)
                0x000000000200e448                vramDefault
 .text.newRow   0x000000000200e518       0xb0 C:/devkitPro/libnds/lib\libnds9.a(console.o)
 .text.consolePrintChar
                0x000000000200e5c8       0xec C:/devkitPro/libnds/lib\libnds9.a(console.o)
                0x000000000200e5c8                consolePrintChar
 .text.con_write
                0x000000000200e6b4      0x374 C:/devkitPro/libnds/lib\libnds9.a(console.o)
                0x000000000200e6b4                con_write
 .text.consoleLoadFont
                0x000000000200ea28      0x2a8 C:/devkitPro/libnds/lib\libnds9.a(console.o)
                0x000000000200ea28                consoleLoadFont
 .text.consoleInit
                0x000000000200ecd0      0x194 C:/devkitPro/libnds/lib\libnds9.a(console.o)
                0x000000000200ecd0                consoleInit
 .text.consoleDemoInit
                0x000000000200ee64       0x40 C:/devkitPro/libnds/lib\libnds9.a(console.o)
                0x000000000200ee64                consoleDemoInit
 .text.consoleClear
                0x000000000200eea4       0x10 C:/devkitPro/libnds/lib\libnds9.a(console.o)
                0x000000000200eea4                consoleClear
 .text.oamInit  0x000000000200eeb4      0x118 C:/devkitPro/libnds/lib\libnds9.a(sprite.o)
                0x000000000200eeb4                oamInit
 .text.oamGfxPtrToOffset
                0x000000000200efcc       0x34 C:/devkitPro/libnds/lib\libnds9.a(sprite.o)
                0x000000000200efcc                oamGfxPtrToOffset
 .text.oamSet   0x000000000200f000      0x11c C:/devkitPro/libnds/lib\libnds9.a(sprite.o)
                0x000000000200f000                oamSet
 .text.oamUpdate
                0x000000000200f11c       0x60 C:/devkitPro/libnds/lib\libnds9.a(sprite.o)
                0x000000000200f11c                oamUpdate
 .text.oamRotateScale
                0x000000000200f17c       0x4c C:/devkitPro/libnds/lib\libnds9.a(sprite.o)
                0x000000000200f17c                oamRotateScale
 .text.scanKeys
                0x000000000200f1c8       0x8c C:/devkitPro/libnds/lib\libnds9.a(keys.o)
                0x000000000200f1c8                scanKeys
 .text.keysHeld
                0x000000000200f254        0xc C:/devkitPro/libnds/lib\libnds9.a(keys.o)
                0x000000000200f254                keysHeld
 .text.dldiGetInternal
                0x000000000200f260       0x34 C:/devkitPro/libnds/lib\libnds9.a(dldi.o)
                0x000000000200f260                dldiGetInternal
 .text.get_io_dsisd
                0x000000000200f294       0x24 C:/devkitPro/libnds/lib\libnds9.a(dldi.o)
                0x000000000200f294                get_io_dsisd
 .text.initSystem
                0x000000000200f2b8      0x198 C:/devkitPro/libnds/lib\libnds9.a(initSystem.o)
                0x000000000200f2b8                initSystem
 .text.__libnds_gtod
                0x000000000200f450       0x28 C:/devkitPro/libnds/lib\libnds9.a(timeSupport.o)
                0x000000000200f450                __libnds_gtod
 .text.irqDummy
                0x000000000200f478        0x4 C:/devkitPro/libnds/lib\libnds9.a(interrupts.o)
                0x000000000200f478                irqDummy
 .text.irqSet   0x000000000200f47c       0x6c C:/devkitPro/libnds/lib\libnds9.a(interrupts.o)
                0x000000000200f47c                irqSet
 .text.irqInit  0x000000000200f4e8       0x50 C:/devkitPro/libnds/lib\libnds9.a(interrupts.o)
                0x000000000200f4e8                irqInit
 .text.irqEnable
                0x000000000200f538       0x64 C:/devkitPro/libnds/lib\libnds9.a(interrupts.o)
                0x000000000200f538                irqEnable
 .text.systemErrorExit
                0x000000000200f59c        0x4 C:/devkitPro/libnds/lib\libnds9.a(libnds_exit.arm.o)
                0x000000000200f59c                systemErrorExit
 .text.__libnds_exit
                0x000000000200f5a0       0x5c C:/devkitPro/libnds/lib\libnds9.a(libnds_exit.arm.o)
                0x000000000200f5a0                __libnds_exit
 .text.cardPolledTransfer
                0x000000000200f5fc       0x54 C:/devkitPro/libnds/lib\libnds9.a(card.o)
                0x000000000200f5fc                cardPolledTransfer
 .text.cardParamCommand
                0x000000000200f650       0x34 C:/devkitPro/libnds/lib\libnds9.a(card.o)
                0x000000000200f650                cardParamCommand
 .text.fifo_queueBlock
                0x000000000200f684       0x44 C:/devkitPro/libnds/lib\libnds9.a(fifosystem.o)
 .text.fifo_waitBlock
                0x000000000200f6c8       0x80 C:/devkitPro/libnds/lib\libnds9.a(fifosystem.o)
 .text.fifoInternalSend.part.0
                0x000000000200f748       0xd4 C:/devkitPro/libnds/lib\libnds9.a(fifosystem.o)
 .text.fifoInternalSendInterrupt
                0x000000000200f81c       0xa8 C:/devkitPro/libnds/lib\libnds9.a(fifosystem.o)
 .text.fifoSetValue32Handler
                0x000000000200f8c4       0xd8 C:/devkitPro/libnds/lib\libnds9.a(fifosystem.o)
                0x000000000200f8c4                fifoSetValue32Handler
 .text.fifoSendValue32
                0x000000000200f99c       0x4c C:/devkitPro/libnds/lib\libnds9.a(fifosystem.o)
                0x000000000200f99c                fifoSendValue32
 .text.fifoSendDatamsg
                0x000000000200f9e8       0x90 C:/devkitPro/libnds/lib\libnds9.a(fifosystem.o)
                0x000000000200f9e8                fifoSendDatamsg
 .text.fifoGetValue32
                0x000000000200fa78       0x70 C:/devkitPro/libnds/lib\libnds9.a(fifosystem.o)
                0x000000000200fa78                fifoGetValue32
 .text.fifoGetDatamsg
                0x000000000200fae8       0xf4 C:/devkitPro/libnds/lib\libnds9.a(fifosystem.o)
                0x000000000200fae8                fifoGetDatamsg
 .text.fifoInternalRecvInterrupt
                0x000000000200fbdc      0x380 C:/devkitPro/libnds/lib\libnds9.a(fifosystem.o)
 .text.fifoSetDatamsgHandler
                0x000000000200ff5c       0x9c C:/devkitPro/libnds/lib\libnds9.a(fifosystem.o)
                0x000000000200ff5c                fifoSetDatamsgHandler
 .text.fifoCheckValue32
                0x000000000200fff8       0x24 C:/devkitPro/libnds/lib\libnds9.a(fifosystem.o)
                0x000000000200fff8                fifoCheckValue32
 .text.fifoInit
                0x000000000201001c       0xf8 C:/devkitPro/libnds/lib\libnds9.a(fifosystem.o)
                0x000000000201001c                fifoInit
 .text.DC_FlushRange
                0x0000000002010114       0x24 C:/devkitPro/libnds/lib\libnds9.a(dcache.o)
                0x0000000002010114                DC_FlushRange
 .text.DC_InvalidateRange
                0x0000000002010138       0x2c C:/devkitPro/libnds/lib\libnds9.a(dcache.o)
                0x0000000002010138                DC_InvalidateRange
 .text.__libnds_mpu_setup
                0x0000000002010164      0x174 C:/devkitPro/libnds/lib\libnds9.a(mpu_setup.o)
                0x0000000002010164                __libnds_mpu_setup
 .text.memUncached
                0x00000000020102d8       0x20 C:/devkitPro/libnds/lib\libnds9.a(mpu_setup.o)
                0x00000000020102d8                memUncached
 .text.swiWaitForVBlank
                0x00000000020102f8        0x8 C:/devkitPro/libnds/lib\libnds9.a(IntrWait.o)
                0x00000000020102f8                swiWaitForVBlank
 .text.swiIntrWait
                0x0000000002010300       0x70 C:/devkitPro/libnds/lib\libnds9.a(IntrWait.o)
                0x0000000002010300                swiIntrWait
 .text.setCpuClock
                0x0000000002010370       0x50 C:/devkitPro/libnds/lib\libnds9.a(cpu_clock.o)
                0x0000000002010370                setCpuClock
 .text.swiSoftReset
                0x00000000020103c0       0x2c C:/devkitPro/libnds/lib\libnds9.a(swiSoftReset.o)
                0x00000000020103c0                swiSoftReset
 .text.swiDelay
                0x00000000020103ec        0x4 C:/devkitPro/libnds/lib\libnds9.a(biosCalls.o)
                0x00000000020103ec                swiDelay
 .text.checkIfText
                0x00000000020103f0       0x5c C:/devkitPro/libnds/lib\libnds9.a(background.o)
                0x00000000020103f0                checkIfText
 .text.bgUpdate
                0x000000000201044c       0xf4 C:/devkitPro/libnds/lib\libnds9.a(background.o)
                0x000000000201044c                bgUpdate
 .text.bgInit_call
                0x0000000002010540       0xc4 C:/devkitPro/libnds/lib\libnds9.a(background.o)
                0x0000000002010540                bgInit_call
 .text.bgInitSub_call
                0x0000000002010604       0xcc C:/devkitPro/libnds/lib\libnds9.a(background.o)
                0x0000000002010604                bgInitSub_call
 .text.oamAllocReset
                0x00000000020106d0       0x1c C:/devkitPro/libnds/lib\libnds9.a(sprite_alloc.o)
                0x00000000020106d0                oamAllocReset
 .text.systemValueHandler
                0x00000000020106ec       0x48 C:/devkitPro/libnds/lib\libnds9.a(system.o)
                0x00000000020106ec                systemValueHandler
 .text.systemMsgHandler
                0x0000000002010734       0x60 C:/devkitPro/libnds/lib\libnds9.a(system.o)
                0x0000000002010734                systemMsgHandler
 .text.powerOn  0x0000000002010794       0x2c C:/devkitPro/libnds/lib\libnds9.a(system.o)
                0x0000000002010794                powerOn
 .text.sinLutLookup
                0x00000000020107c0       0x38 C:/devkitPro/libnds/lib\libnds9.a(trig.o)
                0x00000000020107c0                sinLutLookup
 .text.sinLerp  0x00000000020107f8       0x40 C:/devkitPro/libnds/lib\libnds9.a(trig.o)
                0x00000000020107f8                sinLerp
 .text.cosLerp  0x0000000002010838       0x4c C:/devkitPro/libnds/lib\libnds9.a(trig.o)
                0x0000000002010838                cosLerp
 .text.__muldi3
                0x0000000002010884       0x54 c:/devkitpro/devkitarm/bin/../lib/gcc/arm-none-eabi/10.2.0/thumb\libgcc.a(_muldi3.o)
                0x0000000002010884                __muldi3
                0x0000000002010884                __aeabi_lmul
 .text.__udivmoddi4
                0x00000000020108d8      0x19c c:/devkitpro/devkitarm/bin/../lib/gcc/arm-none-eabi/10.2.0/thumb\libgcc.a(_udivmoddi4.o)
                0x00000000020108d8                __udivmoddi4
 .text.calloc   0x0000000002010a74       0x18 c:/devkitpro/devkitarm/bin/../lib/gcc/arm-none-eabi/10.2.0/../../../../arm-none-eabi/lib/thumb\libg.a(lib_a-calloc.o)
                0x0000000002010a74                calloc
 .text._calloc_r
                0x0000000002010a8c       0x60 c:/devkitpro/devkitarm/bin/../lib/gcc/arm-none-eabi/10.2.0/../../../../arm-none-eabi/lib/thumb\libg.a(lib_a-callocr.o)
                0x0000000002010a8c                _calloc_r
 .text._fclose_r
                0x0000000002010aec       0xe8 c:/devkitpro/devkitarm/bin/../lib/gcc/arm-none-eabi/10.2.0/../../../../arm-none-eabi/lib/thumb\libg.a(lib_a-fclose.o)
                0x0000000002010aec                _fclose_r
 .text.fclose   0x0000000002010bd4       0x14 c:/devkitpro/devkitarm/bin/../lib/gcc/arm-none-eabi/10.2.0/../../../../arm-none-eabi/lib/thumb\libg.a(lib_a-fclose.o)
                0x0000000002010bd4                fclose
 .text.__sflush_r
                0x0000000002010be8      0x1c0 c:/devkitpro/devkitarm/bin/../lib/gcc/arm-none-eabi/10.2.0/../../../../arm-none-eabi/lib/thumb\libg.a(lib_a-fflush.o)
                0x0000000002010be8                __sflush_r
 .text._fflush_r
                0x0000000002010da8       0x70 c:/devkitpro/devkitarm/bin/../lib/gcc/arm-none-eabi/10.2.0/../../../../arm-none-eabi/lib/thumb\libg.a(lib_a-fflush.o)
                0x0000000002010da8                _fflush_r
 .text.fflush   0x0000000002010e18       0x2c c:/devkitpro/devkitarm/bin/../lib/gcc/arm-none-eabi/10.2.0/../../../../arm-none-eabi/lib/thumb\libg.a(lib_a-fflush.o)
                0x0000000002010e18                fflush
 .text._cleanup_r
                0x0000000002010e44       0x14 c:/devkitpro/devkitarm/bin/../lib/gcc/arm-none-eabi/10.2.0/../../../../arm-none-eabi/lib/thumb\libg.a(lib_a-findfp.o)
                0x0000000002010e44                _cleanup_r
 .text.__sinit  0x0000000002010e58      0x124 c:/devkitpro/devkitarm/bin/../lib/gcc/arm-none-eabi/10.2.0/../../../../arm-none-eabi/lib/thumb\libg.a(lib_a-findfp.o)
                0x0000000002010e58                __sinit
 .text.__sfp    0x0000000002010f7c       0xdc c:/devkitpro/devkitarm/bin/../lib/gcc/arm-none-eabi/10.2.0/../../../../arm-none-eabi/lib/thumb\libg.a(lib_a-findfp.o)
                0x0000000002010f7c                __sfp
 .text.__sfp_lock_acquire
                0x0000000002011058       0x14 c:/devkitpro/devkitarm/bin/../lib/gcc/arm-none-eabi/10.2.0/../../../../arm-none-eabi/lib/thumb\libg.a(lib_a-findfp.o)
                0x0000000002011058                __sfp_lock_acquire
 .text.__sfp_lock_release
                0x000000000201106c       0x14 c:/devkitpro/devkitarm/bin/../lib/gcc/arm-none-eabi/10.2.0/../../../../arm-none-eabi/lib/thumb\libg.a(lib_a-findfp.o)
                0x000000000201106c                __sfp_lock_release
 .text._fopen_r
                0x0000000002011080       0xb8 c:/devkitpro/devkitarm/bin/../lib/gcc/arm-none-eabi/10.2.0/../../../../arm-none-eabi/lib/thumb\libg.a(lib_a-fopen.o)
                0x0000000002011080                _fopen_r
 .text.fopen    0x0000000002011138       0x18 c:/devkitpro/devkitarm/bin/../lib/gcc/arm-none-eabi/10.2.0/../../../../arm-none-eabi/lib/thumb\libg.a(lib_a-fopen.o)
                0x0000000002011138                fopen
 .text._fread_r
                0x0000000002011150      0x1f0 c:/devkitpro/devkitarm/bin/../lib/gcc/arm-none-eabi/10.2.0/../../../../arm-none-eabi/lib/thumb\libg.a(lib_a-fread.o)
                0x0000000002011150                _fread_r
 .text.fread    0x0000000002011340       0x24 c:/devkitpro/devkitarm/bin/../lib/gcc/arm-none-eabi/10.2.0/../../../../arm-none-eabi/lib/thumb\libg.a(lib_a-fread.o)
                0x0000000002011340                fread
 .text._malloc_trim_r
                0x0000000002011364       0xa0 c:/devkitpro/devkitarm/bin/../lib/gcc/arm-none-eabi/10.2.0/../../../../arm-none-eabi/lib/thumb\libg.a(lib_a-freer.o)
                0x0000000002011364                _malloc_trim_r
 .text._free_r  0x0000000002011404      0x1e0 c:/devkitpro/devkitarm/bin/../lib/gcc/arm-none-eabi/10.2.0/../../../../arm-none-eabi/lib/thumb\libg.a(lib_a-freer.o)
                0x0000000002011404                _free_r
 .text._fseek_r
                0x00000000020115e4       0x18 c:/devkitpro/devkitarm/bin/../lib/gcc/arm-none-eabi/10.2.0/../../../../arm-none-eabi/lib/thumb\libg.a(lib_a-fseek.o)
                0x00000000020115e4                _fseek_r
 .text.fseek    0x00000000020115fc       0x24 c:/devkitpro/devkitarm/bin/../lib/gcc/arm-none-eabi/10.2.0/../../../../arm-none-eabi/lib/thumb\libg.a(lib_a-fseek.o)
                0x00000000020115fc                fseek
 .text._fseeko_r
                0x0000000002011620      0x39c c:/devkitpro/devkitarm/bin/../lib/gcc/arm-none-eabi/10.2.0/../../../../arm-none-eabi/lib/thumb\libg.a(lib_a-fseeko.o)
                0x0000000002011620                _fseeko_r
 .text.ftell    0x00000000020119bc       0x24 c:/devkitpro/devkitarm/bin/../lib/gcc/arm-none-eabi/10.2.0/../../../../arm-none-eabi/lib/thumb\libg.a(lib_a-ftell.o)
                0x00000000020119bc                ftell
 .text._ftello_r
                0x00000000020119e0      0x118 c:/devkitpro/devkitarm/bin/../lib/gcc/arm-none-eabi/10.2.0/../../../../arm-none-eabi/lib/thumb\libg.a(lib_a-ftello.o)
                0x00000000020119e0                _ftello_r
 .text._fwalk   0x0000000002011af8       0x48 c:/devkitpro/devkitarm/bin/../lib/gcc/arm-none-eabi/10.2.0/../../../../arm-none-eabi/lib/thumb\libg.a(lib_a-fwalk.o)
                0x0000000002011af8                _fwalk
 .text._fwalk_reent
                0x0000000002011b40       0x50 c:/devkitpro/devkitarm/bin/../lib/gcc/arm-none-eabi/10.2.0/../../../../arm-none-eabi/lib/thumb\libg.a(lib_a-fwalk.o)
                0x0000000002011b40                _fwalk_reent
 .text.__libc_init_array
                0x0000000002011b90       0x50 c:/devkitpro/devkitarm/bin/../lib/gcc/arm-none-eabi/10.2.0/../../../../arm-none-eabi/lib/thumb\libg.a(lib_a-init.o)
                0x0000000002011b90                __libc_init_array
 .text.iprintf  0x0000000002011be0       0x24 c:/devkitpro/devkitarm/bin/../lib/gcc/arm-none-eabi/10.2.0/../../../../arm-none-eabi/lib/thumb\libg.a(lib_a-iprintf.o)
                0x0000000002011be0                iprintf
 .text.localtime_r
                0x0000000002011c04      0x244 c:/devkitpro/devkitarm/bin/../lib/gcc/arm-none-eabi/10.2.0/../../../../arm-none-eabi/lib/thumb\libg.a(lib_a-lcltime_r.o)
                0x0000000002011c04                localtime_r
 .text.__locale_mb_cur_max
                0x0000000002011e48       0x10 c:/devkitpro/devkitarm/bin/../lib/gcc/arm-none-eabi/10.2.0/../../../../arm-none-eabi/lib/thumb\libg.a(lib_a-locale.o)
                0x0000000002011e48                __locale_mb_cur_max
 .text.__smakebuf_r
                0x0000000002011e58       0xec c:/devkitpro/devkitarm/bin/../lib/gcc/arm-none-eabi/10.2.0/../../../../arm-none-eabi/lib/thumb\libg.a(lib_a-makebuf.o)
                0x0000000002011e58                __smakebuf_r
 .text.__swhatbuf_r
                0x0000000002011f44       0x64 c:/devkitpro/devkitarm/bin/../lib/gcc/arm-none-eabi/10.2.0/../../../../arm-none-eabi/lib/thumb\libg.a(lib_a-makebuf.o)
                0x0000000002011f44                __swhatbuf_r
 .text.malloc   0x0000000002011fa8       0x14 c:/devkitpro/devkitarm/bin/../lib/gcc/arm-none-eabi/10.2.0/../../../../arm-none-eabi/lib/thumb\libg.a(lib_a-malloc.o)
                0x0000000002011fa8                malloc
 .text.free     0x0000000002011fbc       0x14 c:/devkitpro/devkitarm/bin/../lib/gcc/arm-none-eabi/10.2.0/../../../../arm-none-eabi/lib/thumb\libg.a(lib_a-malloc.o)
                0x0000000002011fbc                free
 .text._malloc_r
                0x0000000002011fd0      0x59c c:/devkitpro/devkitarm/bin/../lib/gcc/arm-none-eabi/10.2.0/../../../../arm-none-eabi/lib/thumb\libg.a(lib_a-mallocr.o)
                0x0000000002011fd0                _malloc_r
 .text._mbrtowc_r
                0x000000000201256c       0x60 c:/devkitpro/devkitarm/bin/../lib/gcc/arm-none-eabi/10.2.0/../../../../arm-none-eabi/lib/thumb\libg.a(lib_a-mbrtowc.o)
                0x000000000201256c                _mbrtowc_r
 .text.mbrtowc  0x00000000020125cc       0x80 c:/devkitpro/devkitarm/bin/../lib/gcc/arm-none-eabi/10.2.0/../../../../arm-none-eabi/lib/thumb\libg.a(lib_a-mbrtowc.o)
                0x00000000020125cc                mbrtowc
 .text.mbsrtowcs
                0x000000000201264c       0x28 c:/devkitpro/devkitarm/bin/../lib/gcc/arm-none-eabi/10.2.0/../../../../arm-none-eabi/lib/thumb\libg.a(lib_a-mbsrtowcs.o)
                0x000000000201264c                mbsrtowcs
 .text.__utf8_mbtowc
                0x0000000002012674      0x280 c:/devkitpro/devkitarm/bin/../lib/gcc/arm-none-eabi/10.2.0/../../../../arm-none-eabi/lib/thumb\libg.a(lib_a-mbtowc_r.o)
                0x0000000002012674                __utf8_mbtowc
 .text.memcmp   0x00000000020128f4       0x4c c:/devkitpro/devkitarm/bin/../lib/gcc/arm-none-eabi/10.2.0/../../../../arm-none-eabi/lib/thumb\libg.a(lib_a-memcmp.o)
                0x00000000020128f4                memcmp
 .text.memcpy   0x0000000002012940       0xa8 c:/devkitpro/devkitarm/bin/../lib/gcc/arm-none-eabi/10.2.0/../../../../arm-none-eabi/lib/thumb\libg.a(lib_a-memcpy-stub.o)
                0x0000000002012940                memcpy
 .text.memmove  0x00000000020129e8       0xbc c:/devkitpro/devkitarm/bin/../lib/gcc/arm-none-eabi/10.2.0/../../../../arm-none-eabi/lib/thumb\libg.a(lib_a-memmove.o)
                0x00000000020129e8                memmove
 .text.memset   0x0000000002012aa4       0xb0 c:/devkitpro/devkitarm/bin/../lib/gcc/arm-none-eabi/10.2.0/../../../../arm-none-eabi/lib/thumb\libg.a(lib_a-memset.o)
                0x0000000002012aa4                memset
 .text.validate_structure
                0x0000000002012b54      0x1e8 c:/devkitpro/devkitarm/bin/../lib/gcc/arm-none-eabi/10.2.0/../../../../arm-none-eabi/lib/thumb\libg.a(lib_a-mktime.o)
 .text.mktime   0x0000000002012d3c      0x450 c:/devkitpro/devkitarm/bin/../lib/gcc/arm-none-eabi/10.2.0/../../../../arm-none-eabi/lib/thumb\libg.a(lib_a-mktime.o)
                0x0000000002012d3c                mktime
 .text.__malloc_lock
                0x000000000201318c       0x14 c:/devkitpro/devkitarm/bin/../lib/gcc/arm-none-eabi/10.2.0/../../../../arm-none-eabi/lib/thumb\libg.a(lib_a-mlock.o)
                0x000000000201318c                __malloc_lock
 .text.__malloc_unlock
                0x00000000020131a0       0x14 c:/devkitpro/devkitarm/bin/../lib/gcc/arm-none-eabi/10.2.0/../../../../arm-none-eabi/lib/thumb\libg.a(lib_a-mlock.o)
                0x00000000020131a0                __malloc_unlock
 .text.realloc  0x00000000020131b4       0x18 c:/devkitpro/devkitarm/bin/../lib/gcc/arm-none-eabi/10.2.0/../../../../arm-none-eabi/lib/thumb\libg.a(lib_a-realloc.o)
                0x00000000020131b4                realloc
 .text._realloc_r
                0x00000000020131cc      0x38c c:/devkitpro/devkitarm/bin/../lib/gcc/arm-none-eabi/10.2.0/../../../../arm-none-eabi/lib/thumb\libg.a(lib_a-reallocr.o)
                0x00000000020131cc                _realloc_r
 .text.lflush   0x0000000002013558       0x20 c:/devkitpro/devkitarm/bin/../lib/gcc/arm-none-eabi/10.2.0/../../../../arm-none-eabi/lib/thumb\libg.a(lib_a-refill.o)
 .text.__srefill_r
                0x0000000002013578      0x118 c:/devkitpro/devkitarm/bin/../lib/gcc/arm-none-eabi/10.2.0/../../../../arm-none-eabi/lib/thumb\libg.a(lib_a-refill.o)
                0x0000000002013578                __srefill_r
 .text.rewind   0x0000000002013690       0x20 c:/devkitpro/devkitarm/bin/../lib/gcc/arm-none-eabi/10.2.0/../../../../arm-none-eabi/lib/thumb\libg.a(lib_a-rewind.o)
                0x0000000002013690                rewind
 .text.setvbuf  0x00000000020136b0      0x1ac c:/devkitpro/devkitarm/bin/../lib/gcc/arm-none-eabi/10.2.0/../../../../arm-none-eabi/lib/thumb\libg.a(lib_a-setvbuf.o)
                0x00000000020136b0                setvbuf
 .text.siscanf  0x000000000201385c       0x4c c:/devkitpro/devkitarm/bin/../lib/gcc/arm-none-eabi/10.2.0/../../../../arm-none-eabi/lib/thumb\libg.a(lib_a-siscanf.o)
                0x000000000201385c                siscanf
 .text.sprintf  0x00000000020138a8       0x40 c:/devkitpro/devkitarm/bin/../lib/gcc/arm-none-eabi/10.2.0/../../../../arm-none-eabi/lib/thumb\libg.a(lib_a-sprintf.o)
                0x00000000020138a8                sprintf
 .text.__sread  0x00000000020138e8       0x34 c:/devkitpro/devkitarm/bin/../lib/gcc/arm-none-eabi/10.2.0/../../../../arm-none-eabi/lib/thumb\libg.a(lib_a-stdio.o)
                0x00000000020138e8                __sread
 .text.__seofread
                0x000000000201391c        0x4 c:/devkitpro/devkitarm/bin/../lib/gcc/arm-none-eabi/10.2.0/../../../../arm-none-eabi/lib/thumb\libg.a(lib_a-stdio.o)
                0x000000000201391c                __seofread
 .text.__swrite
                0x0000000002013920       0x54 c:/devkitpro/devkitarm/bin/../lib/gcc/arm-none-eabi/10.2.0/../../../../arm-none-eabi/lib/thumb\libg.a(lib_a-stdio.o)
                0x0000000002013920                __swrite
 .text.__sseek  0x0000000002013974       0x40 c:/devkitpro/devkitarm/bin/../lib/gcc/arm-none-eabi/10.2.0/../../../../arm-none-eabi/lib/thumb\libg.a(lib_a-stdio.o)
                0x0000000002013974                __sseek
 .text.__sclose
                0x00000000020139b4       0x10 c:/devkitpro/devkitarm/bin/../lib/gcc/arm-none-eabi/10.2.0/../../../../arm-none-eabi/lib/thumb\libg.a(lib_a-stdio.o)
                0x00000000020139b4                __sclose
 .text.stpcpy   0x00000000020139c4       0x50 c:/devkitpro/devkitarm/bin/../lib/gcc/arm-none-eabi/10.2.0/../../../../arm-none-eabi/lib/thumb\libg.a(lib_a-stpcpy.o)
                0x00000000020139c4                stpcpy
 .text.strcasecmp
                0x0000000002013a14       0x48 c:/devkitpro/devkitarm/bin/../lib/gcc/arm-none-eabi/10.2.0/../../../../arm-none-eabi/lib/thumb\libg.a(lib_a-strcasecmp.o)
                0x0000000002013a14                strcasecmp
 .text.strchr   0x0000000002013a5c       0xc8 c:/devkitpro/devkitarm/bin/../lib/gcc/arm-none-eabi/10.2.0/../../../../arm-none-eabi/lib/thumb\libg.a(lib_a-strchr.o)
                0x0000000002013a5c                strchr
 .text.strcpy   0x0000000002013b24       0x10 c:/devkitpro/devkitarm/bin/../lib/gcc/arm-none-eabi/10.2.0/../../../../arm-none-eabi/lib/thumb\libg.a(lib_a-strcpy.o)
                0x0000000002013b24                strcpy
 .text.strdup   0x0000000002013b34       0x14 c:/devkitpro/devkitarm/bin/../lib/gcc/arm-none-eabi/10.2.0/../../../../arm-none-eabi/lib/thumb\libg.a(lib_a-strdup.o)
                0x0000000002013b34                strdup
 .text._strdup_r
                0x0000000002013b48       0x2c c:/devkitpro/devkitarm/bin/../lib/gcc/arm-none-eabi/10.2.0/../../../../arm-none-eabi/lib/thumb\libg.a(lib_a-strdup_r.o)
                0x0000000002013b48                _strdup_r
 .text.strlen   0x0000000002013b74       0x60 c:/devkitpro/devkitarm/bin/../lib/gcc/arm-none-eabi/10.2.0/../../../../arm-none-eabi/lib/thumb\libg.a(lib_a-strlen-stub.o)
                0x0000000002013b74                strlen
 .text.strncasecmp
                0x0000000002013bd4       0x54 c:/devkitpro/devkitarm/bin/../lib/gcc/arm-none-eabi/10.2.0/../../../../arm-none-eabi/lib/thumb\libg.a(lib_a-strncasecmp.o)
                0x0000000002013bd4                strncasecmp
 .text.strncmp  0x0000000002013c28       0x78 c:/devkitpro/devkitarm/bin/../lib/gcc/arm-none-eabi/10.2.0/../../../../arm-none-eabi/lib/thumb\libg.a(lib_a-strncmp.o)
                0x0000000002013c28                strncmp
 .text.strncpy  0x0000000002013ca0       0x74 c:/devkitpro/devkitarm/bin/../lib/gcc/arm-none-eabi/10.2.0/../../../../arm-none-eabi/lib/thumb\libg.a(lib_a-strncpy.o)
                0x0000000002013ca0                strncpy
 .text.strnlen  0x0000000002013d14       0x28 c:/devkitpro/devkitarm/bin/../lib/gcc/arm-none-eabi/10.2.0/../../../../arm-none-eabi/lib/thumb\libg.a(lib_a-strnlen.o)
                0x0000000002013d14                strnlen
 .text.strpbrk  0x0000000002013d3c       0x40 c:/devkitpro/devkitarm/bin/../lib/gcc/arm-none-eabi/10.2.0/../../../../arm-none-eabi/lib/thumb\libg.a(lib_a-strpbrk.o)
                0x0000000002013d3c                strpbrk
 .text.strrchr  0x0000000002013d7c       0x2c c:/devkitpro/devkitarm/bin/../lib/gcc/arm-none-eabi/10.2.0/../../../../arm-none-eabi/lib/thumb\libg.a(lib_a-strrchr.o)
                0x0000000002013d7c                strrchr
 .text._strtol_l.part.0
                0x0000000002013da8      0x150 c:/devkitpro/devkitarm/bin/../lib/gcc/arm-none-eabi/10.2.0/../../../../arm-none-eabi/lib/thumb\libg.a(lib_a-strtol.o)
 .text._strtol_r
                0x0000000002013ef8       0x20 c:/devkitpro/devkitarm/bin/../lib/gcc/arm-none-eabi/10.2.0/../../../../arm-none-eabi/lib/thumb\libg.a(lib_a-strtol.o)
                0x0000000002013ef8                _strtol_r
 .text.get_arg  0x0000000002013f18       0x32 c:/devkitpro/devkitarm/bin/../lib/gcc/arm-none-eabi/10.2.0/../../../../arm-none-eabi/lib/thumb\libg.a(lib_a-svfiscanf.o)
 .text._sungetc_r
                0x0000000002013f4a       0x7e c:/devkitpro/devkitarm/bin/../lib/gcc/arm-none-eabi/10.2.0/../../../../arm-none-eabi/lib/thumb\libg.a(lib_a-svfiscanf.o)
                0x0000000002013f4a                _sungetc_r
 .text.__ssrefill_r
                0x0000000002013fc8       0x42 c:/devkitpro/devkitarm/bin/../lib/gcc/arm-none-eabi/10.2.0/../../../../arm-none-eabi/lib/thumb\libg.a(lib_a-svfiscanf.o)
                0x0000000002013fc8                __ssrefill_r
 .text._sfread_r
                0x000000000201400a       0x8a c:/devkitpro/devkitarm/bin/../lib/gcc/arm-none-eabi/10.2.0/../../../../arm-none-eabi/lib/thumb\libg.a(lib_a-svfiscanf.o)
                0x000000000201400a                _sfread_r
 .text.__ssvfiscanf_r
                0x0000000002014094     0x1b6c c:/devkitpro/devkitarm/bin/../lib/gcc/arm-none-eabi/10.2.0/../../../../arm-none-eabi/lib/thumb\libg.a(lib_a-svfiscanf.o)
                0x0000000002014094                __ssvfiscanf_r
 .text.get_arg  0x0000000002015c00      0x3f0 c:/devkitpro/devkitarm/bin/../lib/gcc/arm-none-eabi/10.2.0/../../../../arm-none-eabi/lib/thumb\libg.a(lib_a-svfprintf.o)
 .text._svfprintf_r
                0x0000000002015ff0     0x2498 c:/devkitpro/devkitarm/bin/../lib/gcc/arm-none-eabi/10.2.0/../../../../arm-none-eabi/lib/thumb\libg.a(lib_a-svfprintf.o)
                0x0000000002015ff0                _svfprintf_r
 .text.lseek    0x0000000002018488       0x24 c:/devkitpro/devkitarm/bin/../lib/gcc/arm-none-eabi/10.2.0/../../../../arm-none-eabi/lib/thumb\libg.a(lib_a-syslseek.o)
                0x0000000002018488                lseek
 .text.open     0x00000000020184ac       0x28 c:/devkitpro/devkitarm/bin/../lib/gcc/arm-none-eabi/10.2.0/../../../../arm-none-eabi/lib/thumb\libg.a(lib_a-sysopen.o)
                0x00000000020184ac                open
 .text.read     0x00000000020184d4       0x1c c:/devkitpro/devkitarm/bin/../lib/gcc/arm-none-eabi/10.2.0/../../../../arm-none-eabi/lib/thumb\libg.a(lib_a-sysread.o)
                0x00000000020184d4                read
 .text.time     0x00000000020184f0       0x34 c:/devkitpro/devkitarm/bin/../lib/gcc/arm-none-eabi/10.2.0/../../../../arm-none-eabi/lib/thumb\libg.a(lib_a-time.o)
                0x00000000020184f0                time
 .text.towlower
                0x0000000002018524       0x10 c:/devkitpro/devkitarm/bin/../lib/gcc/arm-none-eabi/10.2.0/../../../../arm-none-eabi/lib/thumb\libg.a(lib_a-towlower.o)
                0x0000000002018524                towlower
 .text.towupper
                0x0000000002018534       0x10 c:/devkitpro/devkitarm/bin/../lib/gcc/arm-none-eabi/10.2.0/../../../../arm-none-eabi/lib/thumb\libg.a(lib_a-towupper.o)
                0x0000000002018534                towupper
 .text.__tzcalc_limits
                0x0000000002018544      0x1a8 c:/devkitpro/devkitarm/bin/../lib/gcc/arm-none-eabi/10.2.0/../../../../arm-none-eabi/lib/thumb\libg.a(lib_a-tzcalc_limits.o)
                0x0000000002018544                __tzcalc_limits
 .text.__tz_lock
                0x00000000020186ec       0x14 c:/devkitpro/devkitarm/bin/../lib/gcc/arm-none-eabi/10.2.0/../../../../arm-none-eabi/lib/thumb\libg.a(lib_a-tzlock.o)
                0x00000000020186ec                __tz_lock
 .text.__tz_unlock
                0x0000000002018700       0x14 c:/devkitpro/devkitarm/bin/../lib/gcc/arm-none-eabi/10.2.0/../../../../arm-none-eabi/lib/thumb\libg.a(lib_a-tzlock.o)
                0x0000000002018700                __tz_unlock
 .text._tzset_unlocked
                0x0000000002018714       0x10 c:/devkitpro/devkitarm/bin/../lib/gcc/arm-none-eabi/10.2.0/../../../../arm-none-eabi/lib/thumb\libg.a(lib_a-tzset.o)
                0x0000000002018714                _tzset_unlocked
 .text._tzset_unlocked_r
                0x0000000002018724      0x360 c:/devkitpro/devkitarm/bin/../lib/gcc/arm-none-eabi/10.2.0/../../../../arm-none-eabi/lib/thumb\libg.a(lib_a-tzset_r.o)
                0x0000000002018724                _tzset_unlocked_r
 .text.__submore
                0x0000000002018a84       0x88 c:/devkitpro/devkitarm/bin/../lib/gcc/arm-none-eabi/10.2.0/../../../../arm-none-eabi/lib/thumb\libg.a(lib_a-ungetc.o)
                0x0000000002018a84                __submore
 .text.get_arg  0x0000000002018b0c      0x3f0 c:/devkitpro/devkitarm/bin/../lib/gcc/arm-none-eabi/10.2.0/../../../../arm-none-eabi/lib/thumb\libg.a(lib_a-vfiprintf.o)
 .text.__sprint_r
                0x0000000002018efc       0x20 c:/devkitpro/devkitarm/bin/../lib/gcc/arm-none-eabi/10.2.0/../../../../arm-none-eabi/lib/thumb\libg.a(lib_a-vfiprintf.o)
                0x0000000002018efc                __sprint_r
 .text._vfiprintf_r
                0x0000000002018f1c     0x1800 c:/devkitpro/devkitarm/bin/../lib/gcc/arm-none-eabi/10.2.0/../../../../arm-none-eabi/lib/thumb\libg.a(lib_a-vfiprintf.o)
                0x0000000002018f1c                _vfiprintf_r
 .text.__sbprintf
                0x000000000201a71c       0x8c c:/devkitpro/devkitarm/bin/../lib/gcc/arm-none-eabi/10.2.0/../../../../arm-none-eabi/lib/thumb\libg.a(lib_a-vfiprintf.o)
 .text._wcrtomb_r
                0x000000000201a7a8       0x5c c:/devkitpro/devkitarm/bin/../lib/gcc/arm-none-eabi/10.2.0/../../../../arm-none-eabi/lib/thumb\libg.a(lib_a-wcrtomb.o)
                0x000000000201a7a8                _wcrtomb_r
 .text.wcrtomb  0x000000000201a804       0x74 c:/devkitpro/devkitarm/bin/../lib/gcc/arm-none-eabi/10.2.0/../../../../arm-none-eabi/lib/thumb\libg.a(lib_a-wcrtomb.o)
                0x000000000201a804                wcrtomb
 .text._wcsrtombs_r
                0x000000000201a878       0x1c c:/devkitpro/devkitarm/bin/../lib/gcc/arm-none-eabi/10.2.0/../../../../arm-none-eabi/lib/thumb\libg.a(lib_a-wcsrtombs.o)
                0x000000000201a878                _wcsrtombs_r
 .text.wctob    0x000000000201a894       0x48 c:/devkitpro/devkitarm/bin/../lib/gcc/arm-none-eabi/10.2.0/../../../../arm-none-eabi/lib/thumb\libg.a(lib_a-wctob.o)
                0x000000000201a894                wctob
 .text.__utf8_wctomb
                0x000000000201a8dc       0xb4 c:/devkitpro/devkitarm/bin/../lib/gcc/arm-none-eabi/10.2.0/../../../../arm-none-eabi/lib/thumb\libg.a(lib_a-wctomb_r.o)
                0x000000000201a8dc                __utf8_wctomb
 .text.__swsetup_r
                0x000000000201a990       0xe4 c:/devkitpro/devkitarm/bin/../lib/gcc/arm-none-eabi/10.2.0/../../../../arm-none-eabi/lib/thumb\libg.a(lib_a-wsetup.o)
                0x000000000201a990                __swsetup_r
 .text.div      0x000000000201aa74       0x34 c:/devkitpro/devkitarm/bin/../lib/gcc/arm-none-eabi/10.2.0/../../../../arm-none-eabi/lib/thumb\libg.a(lib_a-div.o)
                0x000000000201aa74                div
 .text.quorem   0x000000000201aaa8      0x14c c:/devkitpro/devkitarm/bin/../lib/gcc/arm-none-eabi/10.2.0/../../../../arm-none-eabi/lib/thumb\libg.a(lib_a-dtoa.o)
 .text._dtoa_r  0x000000000201abf4      0xff0 c:/devkitpro/devkitarm/bin/../lib/gcc/arm-none-eabi/10.2.0/../../../../arm-none-eabi/lib/thumb\libg.a(lib_a-dtoa.o)
                0x000000000201abf4                _dtoa_r
 .text.__errno  0x000000000201bbe4        0xc c:/devkitpro/devkitarm/bin/../lib/gcc/arm-none-eabi/10.2.0/../../../../arm-none-eabi/lib/thumb\libg.a(lib_a-errno.o)
                0x000000000201bbe4                __errno
 .text.__sflags
                0x000000000201bbf0       0xa4 c:/devkitpro/devkitarm/bin/../lib/gcc/arm-none-eabi/10.2.0/../../../../arm-none-eabi/lib/thumb\libg.a(lib_a-flags.o)
                0x000000000201bbf0                __sflags
 .text.__sfvwrite_r
                0x000000000201bc94      0x324 c:/devkitpro/devkitarm/bin/../lib/gcc/arm-none-eabi/10.2.0/../../../../arm-none-eabi/lib/thumb\libg.a(lib_a-fvwrite.o)
                0x000000000201bc94                __sfvwrite_r
 .text._findenv_r
                0x000000000201bfb8       0x94 c:/devkitpro/devkitarm/bin/../lib/gcc/arm-none-eabi/10.2.0/../../../../arm-none-eabi/lib/thumb\libg.a(lib_a-getenv_r.o)
                0x000000000201bfb8                _findenv_r
 .text._getenv_r
                0x000000000201c04c       0x10 c:/devkitpro/devkitarm/bin/../lib/gcc/arm-none-eabi/10.2.0/../../../../arm-none-eabi/lib/thumb\libg.a(lib_a-getenv_r.o)
                0x000000000201c04c                _getenv_r
 .text.__gettzinfo
                0x000000000201c05c        0x8 c:/devkitpro/devkitarm/bin/../lib/gcc/arm-none-eabi/10.2.0/../../../../arm-none-eabi/lib/thumb\libg.a(lib_a-gettzinfo.o)
                0x000000000201c05c                __gettzinfo
 .text.gmtime_r
                0x000000000201c064      0x1d8 c:/devkitpro/devkitarm/bin/../lib/gcc/arm-none-eabi/10.2.0/../../../../arm-none-eabi/lib/thumb\libg.a(lib_a-gmtime_r.o)
                0x000000000201c064                gmtime_r
 .text.iswspace
                0x000000000201c23c       0x10 c:/devkitpro/devkitarm/bin/../lib/gcc/arm-none-eabi/10.2.0/../../../../arm-none-eabi/lib/thumb\libg.a(lib_a-iswspace.o)
                0x000000000201c23c                iswspace
 .text._localeconv_r
                0x000000000201c24c        0x8 c:/devkitpro/devkitarm/bin/../lib/gcc/arm-none-eabi/10.2.0/../../../../arm-none-eabi/lib/thumb\libg.a(lib_a-localeconv.o)
                0x000000000201c24c                _localeconv_r
 .text._mbsnrtowcs_r
                0x000000000201c254       0xc0 c:/devkitpro/devkitarm/bin/../lib/gcc/arm-none-eabi/10.2.0/../../../../arm-none-eabi/lib/thumb\libg.a(lib_a-mbsnrtowcs.o)
                0x000000000201c254                _mbsnrtowcs_r
 .text.memchr   0x000000000201c314       0x78 c:/devkitpro/devkitarm/bin/../lib/gcc/arm-none-eabi/10.2.0/../../../../arm-none-eabi/lib/thumb\libg.a(lib_a-memchr-stub.o)
                0x000000000201c314                memchr
 .text._Balloc  0x000000000201c38c       0x54 c:/devkitpro/devkitarm/bin/../lib/gcc/arm-none-eabi/10.2.0/../../../../arm-none-eabi/lib/thumb\libg.a(lib_a-mprec.o)
                0x000000000201c38c                _Balloc
 .text._Bfree   0x000000000201c3e0       0x14 c:/devkitpro/devkitarm/bin/../lib/gcc/arm-none-eabi/10.2.0/../../../../arm-none-eabi/lib/thumb\libg.a(lib_a-mprec.o)
                0x000000000201c3e0                _Bfree
 .text.__multadd
                0x000000000201c3f4       0xac c:/devkitpro/devkitarm/bin/../lib/gcc/arm-none-eabi/10.2.0/../../../../arm-none-eabi/lib/thumb\libg.a(lib_a-mprec.o)
                0x000000000201c3f4                __multadd
 .text.__hi0bits
                0x000000000201c4a0       0x38 c:/devkitpro/devkitarm/bin/../lib/gcc/arm-none-eabi/10.2.0/../../../../arm-none-eabi/lib/thumb\libg.a(lib_a-mprec.o)
                0x000000000201c4a0                __hi0bits
 .text.__lo0bits
                0x000000000201c4d8       0x5c c:/devkitpro/devkitarm/bin/../lib/gcc/arm-none-eabi/10.2.0/../../../../arm-none-eabi/lib/thumb\libg.a(lib_a-mprec.o)
                0x000000000201c4d8                __lo0bits
 .text.__i2b    0x000000000201c534       0x64 c:/devkitpro/devkitarm/bin/../lib/gcc/arm-none-eabi/10.2.0/../../../../arm-none-eabi/lib/thumb\libg.a(lib_a-mprec.o)
                0x000000000201c534                __i2b
 .text.__multiply
                0x000000000201c598      0x1a8 c:/devkitpro/devkitarm/bin/../lib/gcc/arm-none-eabi/10.2.0/../../../../arm-none-eabi/lib/thumb\libg.a(lib_a-mprec.o)
                0x000000000201c598                __multiply
 .text.__pow5mult
                0x000000000201c740       0xdc c:/devkitpro/devkitarm/bin/../lib/gcc/arm-none-eabi/10.2.0/../../../../arm-none-eabi/lib/thumb\libg.a(lib_a-mprec.o)
                0x000000000201c740                __pow5mult
 .text.__lshift
                0x000000000201c81c      0x100 c:/devkitpro/devkitarm/bin/../lib/gcc/arm-none-eabi/10.2.0/../../../../arm-none-eabi/lib/thumb\libg.a(lib_a-mprec.o)
                0x000000000201c81c                __lshift
 .text.__mcmp   0x000000000201c91c       0x38 c:/devkitpro/devkitarm/bin/../lib/gcc/arm-none-eabi/10.2.0/../../../../arm-none-eabi/lib/thumb\libg.a(lib_a-mprec.o)
                0x000000000201c91c                __mcmp
 .text.__mdiff  0x000000000201c954      0x190 c:/devkitpro/devkitarm/bin/../lib/gcc/arm-none-eabi/10.2.0/../../../../arm-none-eabi/lib/thumb\libg.a(lib_a-mprec.o)
                0x000000000201c954                __mdiff
 .text.__d2b    0x000000000201cae4       0xdc c:/devkitpro/devkitarm/bin/../lib/gcc/arm-none-eabi/10.2.0/../../../../arm-none-eabi/lib/thumb\libg.a(lib_a-mprec.o)
                0x000000000201cae4                __d2b
 .text.__sccl   0x000000000201cbc0       0x90 c:/devkitpro/devkitarm/bin/../lib/gcc/arm-none-eabi/10.2.0/../../../../arm-none-eabi/lib/thumb\libg.a(lib_a-sccl.o)
                0x000000000201cbc0                __sccl
 .text.frexp    0x000000000201cc50       0x68 c:/devkitpro/devkitarm/bin/../lib/gcc/arm-none-eabi/10.2.0/../../../../arm-none-eabi/lib/thumb\libg.a(lib_a-s_frexp.o)
                0x000000000201cc50                frexp
 .text._strtoll_l.constprop.0
                0x000000000201ccb8      0x1ac c:/devkitpro/devkitarm/bin/../lib/gcc/arm-none-eabi/10.2.0/../../../../arm-none-eabi/lib/thumb\libg.a(lib_a-strtoll.o)
 .text._strtoll_r
                0x000000000201ce64        0xc c:/devkitpro/devkitarm/bin/../lib/gcc/arm-none-eabi/10.2.0/../../../../arm-none-eabi/lib/thumb\libg.a(lib_a-strtoll.o)
                0x000000000201ce64                _strtoll_r
 .text._strtoull_l.constprop.0
                0x000000000201ce70      0x1c8 c:/devkitpro/devkitarm/bin/../lib/gcc/arm-none-eabi/10.2.0/../../../../arm-none-eabi/lib/thumb\libg.a(lib_a-strtoull.o)
 .text._strtoull_r
                0x000000000201d038        0xc c:/devkitpro/devkitarm/bin/../lib/gcc/arm-none-eabi/10.2.0/../../../../arm-none-eabi/lib/thumb\libg.a(lib_a-strtoull.o)
                0x000000000201d038                _strtoull_r
 .text._strtoul_l.constprop.0
                0x000000000201d044      0x148 c:/devkitpro/devkitarm/bin/../lib/gcc/arm-none-eabi/10.2.0/../../../../arm-none-eabi/lib/thumb\libg.a(lib_a-strtoul.o)
 .text._strtoul_r
                0x000000000201d18c        0xc c:/devkitpro/devkitarm/bin/../lib/gcc/arm-none-eabi/10.2.0/../../../../arm-none-eabi/lib/thumb\libg.a(lib_a-strtoul.o)
                0x000000000201d18c                _strtoul_r
 .text.strtoul  0x000000000201d198       0x1c c:/devkitpro/devkitarm/bin/../lib/gcc/arm-none-eabi/10.2.0/../../../../arm-none-eabi/lib/thumb\libg.a(lib_a-strtoul.o)
                0x000000000201d198                strtoul
 .text.__ssprint_r
                0x000000000201d1b4      0x124 c:/devkitpro/devkitarm/bin/../lib/gcc/arm-none-eabi/10.2.0/../../../../arm-none-eabi/lib/thumb\libg.a(lib_a-svfiprintf.o)
                0x000000000201d1b4                __ssprint_r
 .text.towctrans
                0x000000000201d2d8       0x28 c:/devkitpro/devkitarm/bin/../lib/gcc/arm-none-eabi/10.2.0/../../../../arm-none-eabi/lib/thumb\libg.a(lib_a-towctrans.o)
                0x000000000201d2d8                towctrans
 .text._wcsnrtombs_l
                0x000000000201d300      0x138 c:/devkitpro/devkitarm/bin/../lib/gcc/arm-none-eabi/10.2.0/../../../../arm-none-eabi/lib/thumb\libg.a(lib_a-wcsnrtombs.o)
                0x000000000201d300                _wcsnrtombs_l
 .text._wcsnrtombs_r
                0x000000000201d438       0x30 c:/devkitpro/devkitarm/bin/../lib/gcc/arm-none-eabi/10.2.0/../../../../arm-none-eabi/lib/thumb\libg.a(lib_a-wcsnrtombs.o)
                0x000000000201d438                _wcsnrtombs_r
 .text.__assert_func
                0x000000000201d468       0x40 c:/devkitpro/devkitarm/bin/../lib/gcc/arm-none-eabi/10.2.0/../../../../arm-none-eabi/lib/thumb\libg.a(lib_a-assert.o)
                0x000000000201d468                __assert_func
 .text.__env_lock
                0x000000000201d4a8       0x14 c:/devkitpro/devkitarm/bin/../lib/gcc/arm-none-eabi/10.2.0/../../../../arm-none-eabi/lib/thumb\libg.a(lib_a-envlock.o)
                0x000000000201d4a8                __env_lock
 .text.__env_unlock
                0x000000000201d4bc       0x14 c:/devkitpro/devkitarm/bin/../lib/gcc/arm-none-eabi/10.2.0/../../../../arm-none-eabi/lib/thumb\libg.a(lib_a-envlock.o)
                0x000000000201d4bc                __env_unlock
 .text.fiprintf
                0x000000000201d4d0       0x28 c:/devkitpro/devkitarm/bin/../lib/gcc/arm-none-eabi/10.2.0/../../../../arm-none-eabi/lib/thumb\libg.a(lib_a-fiprintf.o)
                0x000000000201d4d0                fiprintf
 .text.iswspace_l
                0x000000000201d4f8       0x2c c:/devkitpro/devkitarm/bin/../lib/gcc/arm-none-eabi/10.2.0/../../../../arm-none-eabi/lib/thumb\libg.a(lib_a-iswspace_l.o)
                0x000000000201d4f8                iswspace_l
 .text.__jp2uc  0x000000000201d524      0x164 c:/devkitpro/devkitarm/bin/../lib/gcc/arm-none-eabi/10.2.0/../../../../arm-none-eabi/lib/thumb\libg.a(lib_a-jp2uc.o)
 .text._jp2uc_l
                0x000000000201d688       0x6c c:/devkitpro/devkitarm/bin/../lib/gcc/arm-none-eabi/10.2.0/../../../../arm-none-eabi/lib/thumb\libg.a(lib_a-jp2uc.o)
                0x000000000201d688                _jp2uc_l
 .text._uc2jp_l
                0x000000000201d6f4       0x4c c:/devkitpro/devkitarm/bin/../lib/gcc/arm-none-eabi/10.2.0/../../../../arm-none-eabi/lib/thumb\libg.a(lib_a-jp2uc.o)
                0x000000000201d6f4                _uc2jp_l
 .text.towctrans_l
                0x000000000201d740      0x1b4 c:/devkitpro/devkitarm/bin/../lib/gcc/arm-none-eabi/10.2.0/../../../../arm-none-eabi/lib/thumb\libg.a(lib_a-towctrans_l.o)
                0x000000000201d740                towctrans_l
 .text.abort    0x000000000201d8f4       0x10 c:/devkitpro/devkitarm/bin/../lib/gcc/arm-none-eabi/10.2.0/../../../../arm-none-eabi/lib/thumb\libg.a(lib_a-abort.o)
                0x000000000201d8f4                abort
 .text.category
                0x000000000201d904       0x54 c:/devkitpro/devkitarm/bin/../lib/gcc/arm-none-eabi/10.2.0/../../../../arm-none-eabi/lib/thumb\libg.a(lib_a-categories.o)
                0x000000000201d904                category
 .text._raise_r
                0x000000000201d958       0x64 c:/devkitpro/devkitarm/bin/../lib/gcc/arm-none-eabi/10.2.0/../../../../arm-none-eabi/lib/thumb\libg.a(lib_a-signal.o)
                0x000000000201d958                _raise_r
 .text.raise    0x000000000201d9bc       0x14 c:/devkitpro/devkitarm/bin/../lib/gcc/arm-none-eabi/10.2.0/../../../../arm-none-eabi/lib/thumb\libg.a(lib_a-signal.o)
                0x000000000201d9bc                raise
 .text.null_write
                0x000000000201d9d0        0x4 c:/devkitpro/devkitarm/bin/../lib/gcc/arm-none-eabi/10.2.0/../../../../arm-none-eabi/lib/thumb\libsysbase.a(iosupport.o)
 .text.setDefaultDevice
                0x000000000201d9d4       0x10 c:/devkitpro/devkitarm/bin/../lib/gcc/arm-none-eabi/10.2.0/../../../../arm-none-eabi/lib/thumb\libsysbase.a(iosupport.o)
                0x000000000201d9d4                setDefaultDevice
 .text.FindDevice
                0x000000000201d9e4       0x98 c:/devkitpro/devkitarm/bin/../lib/gcc/arm-none-eabi/10.2.0/../../../../arm-none-eabi/lib/thumb\libsysbase.a(iosupport.o)
                0x000000000201d9e4                FindDevice
 .text.AddDevice
                0x000000000201da7c       0x78 c:/devkitpro/devkitarm/bin/../lib/gcc/arm-none-eabi/10.2.0/../../../../arm-none-eabi/lib/thumb\libsysbase.a(iosupport.o)
                0x000000000201da7c                AddDevice
 .text.GetDeviceOpTab
                0x000000000201daf4       0x20 c:/devkitpro/devkitarm/bin/../lib/gcc/arm-none-eabi/10.2.0/../../../../arm-none-eabi/lib/thumb\libsysbase.a(iosupport.o)
                0x000000000201daf4                GetDeviceOpTab
 .text._fstat_r
                0x000000000201db14       0x4c c:/devkitpro/devkitarm/bin/../lib/gcc/arm-none-eabi/10.2.0/../../../../arm-none-eabi/lib/thumb\libsysbase.a(fstat.o)
                0x000000000201db14                _fstat_r
 .text._getpid_r
                0x000000000201db60        0xc c:/devkitpro/devkitarm/bin/../lib/gcc/arm-none-eabi/10.2.0/../../../../arm-none-eabi/lib/thumb\libsysbase.a(getpid.o)
                0x000000000201db60                _getpid_r
 .text._gettimeofday_r
                0x000000000201db6c       0x28 c:/devkitpro/devkitarm/bin/../lib/gcc/arm-none-eabi/10.2.0/../../../../arm-none-eabi/lib/thumb\libsysbase.a(gettod.o)
                0x000000000201db6c                _gettimeofday_r
 .text._isatty_r
                0x000000000201db94        0x4 c:/devkitpro/devkitarm/bin/../lib/gcc/arm-none-eabi/10.2.0/../../../../arm-none-eabi/lib/thumb\libsysbase.a(isatty.o)
                0x000000000201db94                _isatty_r
 .text._kill_r  0x000000000201db98        0xc c:/devkitpro/devkitarm/bin/../lib/gcc/arm-none-eabi/10.2.0/../../../../arm-none-eabi/lib/thumb\libsysbase.a(kill.o)
                0x000000000201db98                _kill_r
 .text._lseek_r
                0x000000000201dba4       0x5c c:/devkitpro/devkitarm/bin/../lib/gcc/arm-none-eabi/10.2.0/../../../../arm-none-eabi/lib/thumb\libsysbase.a(lseek.o)
                0x000000000201dba4                _lseek_r
 .text._open_r  0x000000000201dc00       0x9c c:/devkitpro/devkitarm/bin/../lib/gcc/arm-none-eabi/10.2.0/../../../../arm-none-eabi/lib/thumb\libsysbase.a(open.o)
                0x000000000201dc00                _open_r
 .text._read_r  0x000000000201dc9c       0x50 c:/devkitpro/devkitarm/bin/../lib/gcc/arm-none-eabi/10.2.0/../../../../arm-none-eabi/lib/thumb\libsysbase.a(read.o)
                0x000000000201dc9c                _read_r
 .text._sbrk_r  0x000000000201dcec       0x54 c:/devkitpro/devkitarm/bin/../lib/gcc/arm-none-eabi/10.2.0/../../../../arm-none-eabi/lib/thumb\libsysbase.a(sbrk.o)
                0x000000000201dcec                _sbrk_r
 .text._write_r
                0x000000000201dd40       0x50 c:/devkitpro/devkitarm/bin/../lib/gcc/arm-none-eabi/10.2.0/../../../../arm-none-eabi/lib/thumb\libsysbase.a(write.o)
                0x000000000201dd40                _write_r
 .text._exit    0x000000000201dd90       0x18 c:/devkitpro/devkitarm/bin/../lib/gcc/arm-none-eabi/10.2.0/../../../../arm-none-eabi/lib/thumb\libsysbase.a(_exit.o)
                0x000000000201dd90                _exit
 .text._concatenate_path
                0x000000000201dda8      0x128 c:/devkitpro/devkitarm/bin/../lib/gcc/arm-none-eabi/10.2.0/../../../../arm-none-eabi/lib/thumb\libsysbase.a(chdir.o)
                0x000000000201dda8                _concatenate_path
 .text.chdir    0x000000000201ded0       0xec c:/devkitpro/devkitarm/bin/../lib/gcc/arm-none-eabi/10.2.0/../../../../arm-none-eabi/lib/thumb\libsysbase.a(chdir.o)
                0x000000000201ded0                chdir
 .text.getcwd   0x000000000201dfbc       0x60 c:/devkitpro/devkitarm/bin/../lib/gcc/arm-none-eabi/10.2.0/../../../../arm-none-eabi/lib/thumb\libsysbase.a(chdir.o)
                0x000000000201dfbc                getcwd
 .text.build_argv
                0x000000000201e01c       0x4c c:/devkitpro/devkitarm/bin/../lib/gcc/arm-none-eabi/10.2.0/../../../../arm-none-eabi/lib/thumb\libsysbase.a(build_argv.o)
                0x000000000201e01c                build_argv
 .text.__flockfile
                0x000000000201e068       0x10 c:/devkitpro/devkitarm/bin/../lib/gcc/arm-none-eabi/10.2.0/../../../../arm-none-eabi/lib/thumb\libsysbase.a(flock.o)
                0x000000000201e068                __flockfile
 .text.__funlockfile
                0x000000000201e078       0x10 c:/devkitpro/devkitarm/bin/../lib/gcc/arm-none-eabi/10.2.0/../../../../arm-none-eabi/lib/thumb\libsysbase.a(flock.o)
                0x000000000201e078                __funlockfile
 .text.__libc_lock_acquire
                0x000000000201e088       0x1c c:/devkitpro/devkitarm/bin/../lib/gcc/arm-none-eabi/10.2.0/../../../../arm-none-eabi/lib/thumb\libsysbase.a(syscall_support.o)
                0x000000000201e088                __libc_lock_acquire
 .text.__libc_lock_release
                0x000000000201e0a4       0x1c c:/devkitpro/devkitarm/bin/../lib/gcc/arm-none-eabi/10.2.0/../../../../arm-none-eabi/lib/thumb\libsysbase.a(syscall_support.o)
                0x000000000201e0a4                __libc_lock_release
 .text.__libc_lock_init_recursive
                0x000000000201e0c0       0x1c c:/devkitpro/devkitarm/bin/../lib/gcc/arm-none-eabi/10.2.0/../../../../arm-none-eabi/lib/thumb\libsysbase.a(syscall_support.o)
                0x000000000201e0c0                __libc_lock_init_recursive
 .text.__libc_lock_acquire_recursive
                0x000000000201e0dc       0x1c c:/devkitpro/devkitarm/bin/../lib/gcc/arm-none-eabi/10.2.0/../../../../arm-none-eabi/lib/thumb\libsysbase.a(syscall_support.o)
                0x000000000201e0dc                __libc_lock_acquire_recursive
 .text.__libc_lock_release_recursive
                0x000000000201e0f8       0x1c c:/devkitpro/devkitarm/bin/../lib/gcc/arm-none-eabi/10.2.0/../../../../arm-none-eabi/lib/thumb\libsysbase.a(syscall_support.o)
                0x000000000201e0f8                __libc_lock_release_recursive
 .text.__libc_lock_close_recursive
                0x000000000201e114       0x1c c:/devkitpro/devkitarm/bin/../lib/gcc/arm-none-eabi/10.2.0/../../../../arm-none-eabi/lib/thumb\libsysbase.a(syscall_support.o)
                0x000000000201e114                __libc_lock_close_recursive
 .text.__release_handle
                0x000000000201e130       0x68 c:/devkitpro/devkitarm/bin/../lib/gcc/arm-none-eabi/10.2.0/../../../../arm-none-eabi/lib/thumb\libsysbase.a(handle_manager.o)
                0x000000000201e130                __release_handle
 .text.__alloc_handle
                0x000000000201e198       0x80 c:/devkitpro/devkitarm/bin/../lib/gcc/arm-none-eabi/10.2.0/../../../../arm-none-eabi/lib/thumb\libsysbase.a(handle_manager.o)
                0x000000000201e198                __alloc_handle
 .text.__get_handle
                0x000000000201e218       0x34 c:/devkitpro/devkitarm/bin/../lib/gcc/arm-none-eabi/10.2.0/../../../../arm-none-eabi/lib/thumb\libsysbase.a(handle_manager.o)
                0x000000000201e218                __get_handle
 .text._close_r
                0x000000000201e24c       0xb8 c:/devkitpro/devkitarm/bin/../lib/gcc/arm-none-eabi/10.2.0/../../../../arm-none-eabi/lib/thumb\libsysbase.a(handle_manager.o)
                0x000000000201e24c                _close_r
 .text.__getreent
                0x000000000201e304       0x28 c:/devkitpro/devkitarm/bin/../lib/gcc/arm-none-eabi/10.2.0/../../../../arm-none-eabi/lib/thumb\libsysbase.a(getreent.o)
                0x000000000201e304                __getreent
 *fill*         0x000000000201e32c        0x4 ff
 .text.__getreent.__stub
                0x000000000201e330      0x108 linker stubs
 *(EXCLUDE_FILE(*.twl*) .gnu.warning)
 *(EXCLUDE_FILE(*.twl*) .gnu.linkonce.t*)
 *(.glue_7)
 .glue_7        0x000000000201e448        0x0 linker stubs
 *(.glue_7t)
 .glue_7t       0x000000000201e448        0x0 linker stubs
                0x000000000201e448                . = ALIGN (0x4)

.vfp11_veneer   0x000000000201e448        0x0
 .vfp11_veneer  0x000000000201e448        0x0 linker stubs

.v4_bx          0x000000000201e448        0x0
 .v4_bx         0x000000000201e448        0x0 linker stubs

.iplt           0x000000000201e448        0x0
 .iplt          0x000000000201e448        0x0 c:/devkitpro/devkitarm/bin/../lib/gcc/arm-none-eabi/10.2.0/../../../../arm-none-eabi/lib/thumb/ds_arm9_crt0.o

.fini           0x000000000201e448        0xc
 *(.fini)
 .fini          0x000000000201e448        0x4 c:/devkitpro/devkitarm/bin/../lib/gcc/arm-none-eabi/10.2.0/thumb/crti.o
                0x000000000201e448                _fini
 .fini          0x000000000201e44c        0x8 c:/devkitpro/devkitarm/bin/../lib/gcc/arm-none-eabi/10.2.0/thumb/crtn.o
                0x000000000201e454                __text_end = .

.rodata         0x000000000201e460     0x9920
 *(EXCLUDE_FILE(*.twl*) .rodata)
 .rodata        0x000000000201e460       0x4c C:/Users/juanr/Desktop/AeroGuyRedo/nflib/lib\libnflib.a(nf_basic.o)
 *all.rodata*(*)
 *(EXCLUDE_FILE(*.twl*) .roda)
 *(EXCLUDE_FILE(*.twl*) .rodata.*)
 .rodata.str1.4
                0x000000000201e4ac       0x29 game.o
 *fill*         0x000000000201e4d5        0x3 ff
 .rodata.str1.4
                0x000000000201e4d8        0x8 init.o
 .rodata.str1.4
                0x000000000201e4e0       0x2c titleScreen.o
 .rodata.str1.4
                0x000000000201e50c       0x27 C:/Users/juanr/Desktop/AeroGuyRedo/nflib/lib\libnflib.a(nf_2d.o)
                                         0x28 (size before relaxing)
 *fill*         0x000000000201e533        0x1 ff
 .rodata.str1.4
                0x000000000201e534      0x5c7 C:/Users/juanr/Desktop/AeroGuyRedo/nflib/lib\libnflib.a(nf_basic.o)
                                        0x5dc (size before relaxing)
 *fill*         0x000000000201eafb        0x1 ff
 .rodata.str1.4
                0x000000000201eafc       0x70 C:/Users/juanr/Desktop/AeroGuyRedo/nflib/lib\libnflib.a(nf_sprite256.o)
                                         0x7c (size before relaxing)
 .rodata.str1.4
                0x000000000201eb6c       0x4c C:/Users/juanr/Desktop/AeroGuyRedo/nflib/lib\libnflib.a(nf_tiledbg.o)
                                         0x6c (size before relaxing)
 .rodata.nitroFSInit.str1.4
                0x000000000201ebb8        0x8 C:/devkitPro/libnds/lib\libfilesystem.a(nitrofs.o)
 .rodata.str1.4
                0x000000000201ebb8        0xe C:/devkitPro/libnds/lib\libfilesystem.a(nitrofs.o)
 *fill*         0x000000000201ebc6        0x2 ff
 .rodata.fatMount.part.0.str1.4
                0x000000000201ebc8        0x2 C:/devkitPro/libnds/lib\libfat.a(libfat.o)
 *fill*         0x000000000201ebca        0x2 ff
 .rodata.fatInit.str1.4
                0x000000000201ebcc        0x3 C:/devkitPro/libnds/lib\libfat.a(libfat.o)
 *fill*         0x000000000201ebcf        0x1 ff
 .rodata.str1.4
                0x000000000201ebd0        0x4 C:/devkitPro/libnds/lib\libfat.a(libfat.o)
 .rodata.dotab_fat
                0x000000000201ebd4       0x70 C:/devkitPro/libnds/lib\libfat.a(libfat.o)
 .rodata.str1.4
                0x000000000201ec44        0x3 C:/devkitPro/libnds/lib\libfat.a(disc.o)
                                          0x8 (size before relaxing)
 *fill*         0x000000000201ec47        0x1 ff
 .rodata._FAT_disc_interfaces
                0x000000000201ec48       0x18 C:/devkitPro/libnds/lib\libfat.a(disc.o)
                0x000000000201ec48                _FAT_disc_interfaces
 .rodata._FAT_directory_entryFromPath.str1.4
                0x000000000201ec60        0x7 C:/devkitPro/libnds/lib\libfat.a(directory.o)
 .rodata.ILLEGAL_ALIAS_CHARACTERS
                0x000000000201ec60       0x12 C:/devkitPro/libnds/lib\libfat.a(directory.o)
 *fill*         0x000000000201ec72        0x2 ff
 .rodata.ILLEGAL_LFN_CHARACTERS
                0x000000000201ec74        0xa C:/devkitPro/libnds/lib\libfat.a(directory.o)
 *fill*         0x000000000201ec7e        0x2 ff
 .rodata.LFN_offset_table
                0x000000000201ec80       0x34 C:/devkitPro/libnds/lib\libfat.a(directory.o)
 .rodata.FAT_SIG
                0x000000000201ecb4        0x3 C:/devkitPro/libnds/lib\libfat.a(partition.o)
 *fill*         0x000000000201ecb7        0x1 ff
 .rodata.FS_TWL_SIG
                0x000000000201ecb8        0x8 C:/devkitPro/libnds/lib\libfat.a(partition.o)
 .rodata.con_write.str1.4
                0x000000000201ecc0       0x30 C:/devkitPro/libnds/lib\libnds9.a(console.o)
 .rodata.con_write
                0x000000000201ecf0       0xd4 C:/devkitPro/libnds/lib\libnds9.a(console.o)
 .rodata.consoleClear.str1.4
                0x000000000201edc4        0x5 C:/devkitPro/libnds/lib\libnds9.a(console.o)
 *fill*         0x000000000201edc9        0x3 ff
 .rodata.str1.4
                0x000000000201edcc       0x14 C:/devkitPro/libnds/lib\libnds9.a(console.o)
 .rodata.dotab_stdout
                0x000000000201ede0       0x70 C:/devkitPro/libnds/lib\libnds9.a(console.o)
 *fill*         0x000000000201ee50       0x10 ff
 .rodata.default_font_bin
                0x000000000201ee60     0x2000 C:/devkitPro/libnds/lib\libnds9.a(default_font.bin.o)
                0x000000000201ee60                default_font_bin
                0x0000000002020e60                default_font_bin_end
 .rodata.SIN_LUT
                0x0000000002020e60      0x102 C:/devkitPro/libnds/lib\libnds9.a(trig.o)
                0x0000000002020e60                SIN_LUT
 *fill*         0x0000000002020f62        0x2 ff
 .rodata._ctype_
                0x0000000002020f64      0x101 c:/devkitpro/devkitarm/bin/../lib/gcc/arm-none-eabi/10.2.0/../../../../arm-none-eabi/lib/thumb\libg.a(lib_a-ctype_.o)
                0x0000000002020f64                _ctype_
 *fill*         0x0000000002021065        0x3 ff
 .rodata._global_impure_ptr
                0x0000000002021068        0x4 c:/devkitpro/devkitarm/bin/../lib/gcc/arm-none-eabi/10.2.0/../../../../arm-none-eabi/lib/thumb\libg.a(lib_a-impure.o)
                0x0000000002021068                _global_impure_ptr
 .rodata.str1.4
                0x000000000202106c       0x44 c:/devkitpro/devkitarm/bin/../lib/gcc/arm-none-eabi/10.2.0/../../../../arm-none-eabi/lib/thumb\libg.a(lib_a-locale.o)
                                         0x4c (size before relaxing)
 .rodata._mbrtowc_r.str1.4
                0x00000000020210b0        0x1 c:/devkitpro/devkitarm/bin/../lib/gcc/arm-none-eabi/10.2.0/../../../../arm-none-eabi/lib/thumb\libg.a(lib_a-mbrtowc.o)
 .rodata.DAYS_IN_MONTH
                0x00000000020210b0       0x30 c:/devkitpro/devkitarm/bin/../lib/gcc/arm-none-eabi/10.2.0/../../../../arm-none-eabi/lib/thumb\libg.a(lib_a-mktime.o)
 .rodata._DAYS_BEFORE_MONTH
                0x00000000020210e0       0x30 c:/devkitpro/devkitarm/bin/../lib/gcc/arm-none-eabi/10.2.0/../../../../arm-none-eabi/lib/thumb\libg.a(lib_a-mktime.o)
 .rodata.__month_lengths
                0x0000000002021110       0x60 c:/devkitpro/devkitarm/bin/../lib/gcc/arm-none-eabi/10.2.0/../../../../arm-none-eabi/lib/thumb\libg.a(lib_a-month_lengths.o)
                0x0000000002021110                __month_lengths
 .rodata.basefix.0
                0x0000000002021170       0x22 c:/devkitpro/devkitarm/bin/../lib/gcc/arm-none-eabi/10.2.0/../../../../arm-none-eabi/lib/thumb\libg.a(lib_a-svfiscanf.o)
 .rodata._svfprintf_r.str1.1
                0x0000000002021192       0x3b c:/devkitpro/devkitarm/bin/../lib/gcc/arm-none-eabi/10.2.0/../../../../arm-none-eabi/lib/thumb\libg.a(lib_a-svfprintf.o)
 *fill*         0x00000000020211cd        0x3 ff
 .rodata.blanks.1
                0x00000000020211d0       0x10 c:/devkitpro/devkitarm/bin/../lib/gcc/arm-none-eabi/10.2.0/../../../../arm-none-eabi/lib/thumb\libg.a(lib_a-svfprintf.o)
 .rodata.zeroes.0
                0x00000000020211e0       0x10 c:/devkitpro/devkitarm/bin/../lib/gcc/arm-none-eabi/10.2.0/../../../../arm-none-eabi/lib/thumb\libg.a(lib_a-svfprintf.o)
 .rodata._tzset_unlocked_r.str1.4
                0x00000000020211f0       0x53 c:/devkitpro/devkitarm/bin/../lib/gcc/arm-none-eabi/10.2.0/../../../../arm-none-eabi/lib/thumb\libg.a(lib_a-tzset_r.o)
 .rodata.str1.4
                0x0000000002021243        0x4 c:/devkitpro/devkitarm/bin/../lib/gcc/arm-none-eabi/10.2.0/../../../../arm-none-eabi/lib/thumb\libg.a(lib_a-tzvars.o)
 .rodata._vfiprintf_r.str1.1
                0x0000000002021243       0x29 c:/devkitpro/devkitarm/bin/../lib/gcc/arm-none-eabi/10.2.0/../../../../arm-none-eabi/lib/thumb\libg.a(lib_a-vfiprintf.o)
 *fill*         0x0000000002021243        0x1 ff
 .rodata.blanks.1
                0x0000000002021244       0x10 c:/devkitpro/devkitarm/bin/../lib/gcc/arm-none-eabi/10.2.0/../../../../arm-none-eabi/lib/thumb\libg.a(lib_a-vfiprintf.o)
 .rodata.zeroes.0
                0x0000000002021254       0x10 c:/devkitpro/devkitarm/bin/../lib/gcc/arm-none-eabi/10.2.0/../../../../arm-none-eabi/lib/thumb\libg.a(lib_a-vfiprintf.o)
 .rodata._dtoa_r.str1.4
                0x0000000002021264       0x64 c:/devkitpro/devkitarm/bin/../lib/gcc/arm-none-eabi/10.2.0/../../../../arm-none-eabi/lib/thumb\libg.a(lib_a-dtoa.o)
 .rodata.__multadd.str1.4
                0x00000000020212c8       0x3d c:/devkitpro/devkitarm/bin/../lib/gcc/arm-none-eabi/10.2.0/../../../../arm-none-eabi/lib/thumb\libg.a(lib_a-mprec.o)
                                         0x51 (size before relaxing)
 *fill*         0x0000000002021305        0x3 ff
 .rodata.__mprec_bigtens
                0x0000000002021308       0x28 c:/devkitpro/devkitarm/bin/../lib/gcc/arm-none-eabi/10.2.0/../../../../arm-none-eabi/lib/thumb\libg.a(lib_a-mprec.o)
                0x0000000002021308                __mprec_bigtens
 .rodata.__mprec_tens
                0x0000000002021330       0xc8 c:/devkitpro/devkitarm/bin/../lib/gcc/arm-none-eabi/10.2.0/../../../../arm-none-eabi/lib/thumb\libg.a(lib_a-mprec.o)
                0x0000000002021330                __mprec_tens
 .rodata.p05.0  0x00000000020213f8        0xc c:/devkitpro/devkitarm/bin/../lib/gcc/arm-none-eabi/10.2.0/../../../../arm-none-eabi/lib/thumb\libg.a(lib_a-mprec.o)
 .rodata.__action_table
                0x0000000002021404       0x6c c:/devkitpro/devkitarm/bin/../lib/gcc/arm-none-eabi/10.2.0/../../../../arm-none-eabi/lib/thumb\libg.a(lib_a-svfiprintf.o)
                0x0000000002021404                __action_table
 .rodata.__chclass
                0x0000000002021470      0x100 c:/devkitpro/devkitarm/bin/../lib/gcc/arm-none-eabi/10.2.0/../../../../arm-none-eabi/lib/thumb\libg.a(lib_a-svfiprintf.o)
                0x0000000002021470                __chclass
 .rodata.__state_table
                0x0000000002021570       0x6c c:/devkitpro/devkitarm/bin/../lib/gcc/arm-none-eabi/10.2.0/../../../../arm-none-eabi/lib/thumb\libg.a(lib_a-svfiprintf.o)
                0x0000000002021570                __state_table
 .rodata.__assert_func.str1.4
                0x00000000020215dc       0x3f c:/devkitpro/devkitarm/bin/../lib/gcc/arm-none-eabi/10.2.0/../../../../arm-none-eabi/lib/thumb\libg.a(lib_a-assert.o)
                                         0x43 (size before relaxing)
 *fill*         0x000000000202161b        0x1 ff
 .rodata.__jp2uc
                0x000000000202161c       0x20 c:/devkitpro/devkitarm/bin/../lib/gcc/arm-none-eabi/10.2.0/../../../../arm-none-eabi/lib/thumb\libg.a(lib_a-jp2uc.o)
 .rodata._jp2uc_l.str1.4
                0x000000000202163c       0x12 c:/devkitpro/devkitarm/bin/../lib/gcc/arm-none-eabi/10.2.0/../../../../arm-none-eabi/lib/thumb\libg.a(lib_a-jp2uc.o)