Archive member included to satisfy reference by file (symbol)

C:/Users/juanr/Desktop/AeroGuyRedo/nflib/lib\libnflib.a(nf_2d.o)
                              init.o (NF_Set2D)
C:/Users/juanr/Desktop/AeroGuyRedo/nflib/lib\libnflib.a(nf_basic.o)
                              C:/Users/juanr/Desktop/AeroGuyRedo/nflib/lib\libnflib.a(nf_2d.o) (NF_Error)
C:/Users/juanr/Desktop/AeroGuyRedo/nflib/lib\libnflib.a(nf_sprite256.o)
                              init.o (NF_InitSpriteBuffers)
C:/Users/juanr/Desktop/AeroGuyRedo/nflib/lib\libnflib.a(nf_text.o)
                              init.o (NF_InitTextSys)
C:/Users/juanr/Desktop/AeroGuyRedo/nflib/lib\libnflib.a(nf_tiledbg.o)
                              init.o (NF_InitTiledBgBuffers)
C:/devkitPro/libnds/lib\libfilesystem.a(nitrofs.o)
                              C:/Users/juanr/Desktop/AeroGuyRedo/nflib/lib\libnflib.a(nf_basic.o) (nitroFSInit)
C:/devkitPro/libnds/lib\libfat.a(libfat.o)
                              C:/Users/juanr/Desktop/AeroGuyRedo/nflib/lib\libnflib.a(nf_basic.o) (fatInitDefault)
C:/devkitPro/libnds/lib\libfat.a(disc.o)
                              C:/devkitPro/libnds/lib\libfat.a(libfat.o) (_FAT_disc_interfaces)
C:/devkitPro/libnds/lib\libfat.a(fatfile.o)
                              C:/devkitPro/libnds/lib\libfat.a(libfat.o) (_FAT_open_r)
C:/devkitPro/libnds/lib\libfat.a(cache.o)
                              C:/devkitPro/libnds/lib\libfat.a(fatfile.o) (_FAT_cache_readSectors)
C:/devkitPro/libnds/lib\libfat.a(fatdir.o)
                              C:/devkitPro/libnds/lib\libfat.a(libfat.o) (_FAT_stat_r)
C:/devkitPro/libnds/lib\libfat.a(directory.o)
                              C:/devkitPro/libnds/lib\libfat.a(fatfile.o) (_FAT_directory_entryGetCluster)
C:/devkitPro/libnds/lib\libfat.a(partition.o)
                              C:/devkitPro/libnds/lib\libfat.a(libfat.o) (_FAT_partition_destructor)
C:/devkitPro/libnds/lib\libfat.a(lock.o)
                              C:/devkitPro/libnds/lib\libfat.a(partition.o) (_FAT_lock_init)
C:/devkitPro/libnds/lib\libfat.a(filetime.o)
                              C:/devkitPro/libnds/lib\libfat.a(fatfile.o) (_FAT_filetime_getTimeFromRTC)
C:/devkitPro/libnds/lib\libfat.a(file_allocation_table.o)
                              C:/devkitPro/libnds/lib\libfat.a(fatfile.o) (_FAT_fat_nextCluster)
C:/devkitPro/libnds/lib\libnds9.a(video.o)
                              C:/Users/juanr/Desktop/AeroGuyRedo/nflib/lib\libnflib.a(nf_basic.o) (setBrightness)
C:/devkitPro/libnds/lib\libnds9.a(console.o)
                              C:/Users/juanr/Desktop/AeroGuyRedo/nflib/lib\libnflib.a(nf_basic.o) (consoleDemoInit)
C:/devkitPro/libnds/lib\libnds9.a(sprite.o)
                              C:/Users/juanr/Desktop/AeroGuyRedo/nflib/lib\libnflib.a(nf_sprite256.o) (oamInit)
C:/devkitPro/libnds/lib\libnds9.a(keys.o)
                              game.o (scanKeys)
C:/devkitPro/libnds/lib\libnds9.a(dldi.o)
                              C:/devkitPro/libnds/lib\libfat.a(disc.o) (dldiGetInternal)
C:/devkitPro/libnds/lib\libnds9.a(initSystem.o)
                              c:/devkitpro/devkitarm/bin/../lib/gcc/arm-none-eabi/10.2.0/../../../../arm-none-eabi/lib/thumb/ds_arm9_crt0.o (initSystem)
C:/devkitPro/libnds/lib\libnds9.a(timeSupport.o)
                              C:/devkitPro/libnds/lib\libnds9.a(initSystem.o) (__libnds_gtod)
C:/devkitPro/libnds/lib\libnds9.a(securearea.o)
                              c:/devkitpro/devkitarm/bin/../lib/gcc/arm-none-eabi/10.2.0/../../../../arm-none-eabi/lib/thumb/ds_arm9_crt0.o (__secure_area__)
C:/devkitPro/libnds/lib\libnds9.a(interrupts.o)
                              C:/devkitPro/libnds/lib\libnds9.a(initSystem.o) (irqInit)
C:/devkitPro/libnds/lib\libnds9.a(libnds_exit.arm.o)
                              c:/devkitpro/devkitarm/bin/../lib/gcc/arm-none-eabi/10.2.0/../../../../arm-none-eabi/lib/thumb/ds_arm9_crt0.o (__libnds_exit)
C:/devkitPro/libnds/lib\libnds9.a(card.o)
                              C:/devkitPro/libnds/lib\libfilesystem.a(nitrofs.o) (cardParamCommand)
C:/devkitPro/libnds/lib\libnds9.a(fifosystem.o)
                              C:/devkitPro/libnds/lib\libnds9.a(initSystem.o) (fifoSetValue32Handler)
C:/devkitPro/libnds/lib\libnds9.a(dcache.o)
                              C:/Users/juanr/Desktop/AeroGuyRedo/nflib/lib\libnflib.a(nf_basic.o) (DC_FlushRange)
C:/devkitPro/libnds/lib\libnds9.a(dldi_stub.o)
                              C:/devkitPro/libnds/lib\libnds9.a(dldi.o) (_io_dldi_stub)
C:/devkitPro/libnds/lib\libnds9.a(mpu_setup.o)
                              c:/devkitpro/devkitarm/bin/../lib/gcc/arm-none-eabi/10.2.0/../../../../arm-none-eabi/lib/thumb/ds_arm9_crt0.o (__libnds_mpu_setup)
C:/devkitPro/libnds/lib\libnds9.a(IntrWait.o)
                              game.o (swiWaitForVBlank)
C:/devkitPro/libnds/lib\libnds9.a(cpu_clock.o)
                              C:/devkitPro/libnds/lib\libnds9.a(initSystem.o) (setCpuClock)
[...]
Memory Configuration

Name             Origin             Length             Attributes
ewram            0x0000000002000000 0x0000000000380000
dtcm             0x0000000002ff0000 0x0000000000004000
vectors          0x0000000001000000 0x0000000000000100
itcm             0x0000000001000100 0x0000000000007f00
*default*        0x0000000000000000 0xffffffffffffffff

Linker script and memory map

                0x0000000002380000                __ewram_end = (ORIGIN (ewram) + LENGTH (ewram))
                0x0000000002380000                __eheap_end = (ORIGIN (ewram) + LENGTH (ewram))
                0x0000000002ff4000                __dtcm_top = (ORIGIN (dtcm) + LENGTH (dtcm))
                0x0000000002ff3ff8                __irq_flags = (__dtcm_top - 0x8)
                0x0000000002ff3ffc                __irq_vector = (__dtcm_top - 0x4)
                0x0000000002ff3f00                __sp_svc = (__dtcm_top - 0x100)
                0x0000000002ff3e00                __sp_irq = (__sp_svc - 0x100)
                0x0000000002ff3d00                __sp_usr = (__sp_irq - 0x100)

.secure         0x0000000002000000      0x800
 *(.secure)
 .secure        0x0000000002000000      0x800 C:/devkitPro/libnds/lib\libnds9.a(securearea.o)
                0x0000000002000000                __secure_area__

.crt0           0x0000000002000800      0x300
                0x0000000002000800                __text_start = .
 *(.crt0)
 .crt0          0x0000000002000800      0x300 c:/devkitpro/devkitarm/bin/../lib/gcc/arm-none-eabi/10.2.0/../../../../arm-none-eabi/lib/thumb/ds_arm9_crt0.o
                0x0000000002000800                _start
                0x0000000002000b00                . = ALIGN (0x4)

.plt
 *(.plt)

.init           0x0000000002000b00        0xc
 *(SORT_NONE(.init))
 .init          0x0000000002000b00        0x4 c:/devkitpro/devkitarm/bin/../lib/gcc/arm-none-eabi/10.2.0/thumb/crti.o
                0x0000000002000b00                _init
 .init          0x0000000002000b04        0x8 c:/devkitpro/devkitarm/bin/../lib/gcc/arm-none-eabi/10.2.0/thumb/crtn.o

.text           0x0000000002000b40    0x1e308
 *(EXCLUDE_FILE(*.twl* *.vectors* *.itcm*) .text)
 .text          0x0000000002000b40       0x2c collision.o
                0x0000000002000b40                checkCollision
 .text          0x0000000002000b6c      0x1cc game.o
                0x0000000002000b6c                game
 .text          0x0000000002000d38       0x44 init.o
                0x0000000002000d38                init
 .text          0x0000000002000d7c       0x2c move.o
                0x0000000002000d7c                move
 .text          0x0000000002000da8       0x68 titleScreen.o
                0x0000000002000da8                titleScreen
 .text          0x0000000002000e10      0x868 C:/Users/juanr/Desktop/AeroGuyRedo/nflib/lib\libnflib.a(nf_2d.o)
                0x0000000002000e10                NF_Set2D
                0x0000000002000e74                NF_ShowBg
                0x0000000002000ef0                NF_HideBg
                0x0000000002000f94                NF_ScrollBg
                0x0000000002001304                NF_MoveSprite
                0x0000000002001324                NF_SpriteLayer
                0x0000000002001340                NF_ShowSprite
                0x0000000002001360                NF_HflipSprite
                0x000000000200137c                NF_GetSpriteHflip
                0x0000000002001398                NF_VflipSprite
                0x00000000020013b4                NF_GetSpriteVflip
                0x00000000020013d0                NF_SpriteFrame
                0x000000000200149c                NF_EnableSpriteRotScale
                0x0000000002001534                NF_DisableSpriteRotScale
                0x00000000020015a8                NF_SpriteRotScale
 .text          0x0000000002001678      0x474 C:/Users/juanr/Desktop/AeroGuyRedo/nflib/lib\libnflib.a(nf_basic.o)
                0x0000000002001678                NF_Error
                0x0000000002001900                NF_SetRootFolder
                0x0000000002001a58                NF_DmaMemCopy
                0x0000000002001adc                NF_GetLanguage
 .text          0x0000000002001aec     0x1358 C:/Users/juanr/Desktop/AeroGuyRedo/nflib/lib\libnflib.a(nf_sprite256.o)
                0x0000000002001aec                NF_InitSpriteBuffers
                0x0000000002001b38                NF_ResetSpriteBuffers
                0x0000000002001b6c                NF_InitSpriteSys
                0x0000000002001d78                NF_LoadSpriteGfx
                0x0000000002001e90                NF_UnloadSpriteGfx
                0x0000000002001ef8                NF_LoadSpritePal
                0x0000000002001ffc                NF_UnloadSpritePal
                0x000000000200204c                NF_VramSpriteGfx
                0x0000000002002384                NF_VramSpriteGfxDefrag
                0x00000000020025a0                NF_FreeSpriteGfx
                0x00000000020026a8                NF_VramSpritePal
                0x0000000002002774                NF_CreateSprite
                0x0000000002002aa4                NF_DeleteSprite
                0x0000000002002b44                NF_SpriteOamSet
                0x0000000002002c34                NF_SpriteSetPalColor
                0x0000000002002ccc                NF_SpriteEditPalColor
                0x0000000002002d48                NF_SpriteUpdatePalette
                0x0000000002002dd8                NF_SpriteGetPalColor
 .text          0x0000000002002e44      0x95c C:/Users/juanr/Desktop/AeroGuyRedo/nflib/lib\libnflib.a(nf_text.o)
                0x0000000002002e44                NF_InitTextSys
                0x0000000002002e78                NF_LoadTextFont
                0x00000000020030d0                NF_UnloadTextFont
                0x00000000020030d8                NF_CreateTextLayer
                0x000000000200316c                NF_DeleteTextLayer
                0x00000000020031c4                NF_WriteText
                0x0000000002003624                NF_UpdateTextLayers
                0x0000000002003678                NF_ClearTextLayer
                0x00000000020036e0                NF_DefineTextColor
                0x0000000002003784                NF_SetTextColor
 .text          0x00000000020037a0     0x1a84 C:/Users/juanr/Desktop/AeroGuyRedo/nflib/lib\libnflib.a(nf_tiledbg.o)
                0x00000000020037a0                NF_InitTiledBgBuffers
                0x0000000002003858                NF_ResetTiledBgBuffers
                0x00000000020038a8                NF_InitTiledBgSys
                0x00000000020039dc                NF_LoadTiledBg
                0x0000000002003c60                NF_LoadTilesForBg
                0x0000000002003ee0                NF_UnloadTiledBg
                0x0000000002003f90                NF_DeleteTiledBg
                0x0000000002004138                NF_CreateTiledBg
                0x00000000020047f8                NF_GetTileMapAdress
                0x00000000020048b4                NF_GetTileOfMap
                0x00000000020048f0                NF_SetTileOfMap
                0x0000000002004934                NF_UpdateVramMap
                0x0000000002004a54                NF_BgSetPalColor
                0x0000000002004b04                NF_BgEditPalColor
                0x0000000002004bac                NF_BgUpdatePalette
                0x0000000002004c6c                NF_BgGetPalColor
                0x0000000002004d04                NF_GetTilePal
                0x0000000002004d38                NF_SetTilePal
                0x0000000002004d7c                NF_LoadExBgPal
                0x0000000002004e5c                NF_UnloadExBgPal
                0x0000000002004ea8                NF_VramExBgPal
                0x0000000002004f50                NF_SetExBgPal
                0x0000000002005010                NF_SetTileHflip
                0x000000000200504c                NF_SetTileVflip
                0x0000000002005088                NF_RotateTileGfx
 *fill*         0x0000000002005224       0x1c ff
 .text          0x0000000002005240     0x4000 C:/devkitPro/libnds/lib\libnds9.a(dldi_stub.o)
                0x0000000002005240                _io_dldi_stub
 .text          0x0000000002009240      0x11c c:/devkitpro/devkitarm/bin/../lib/gcc/arm-none-eabi/10.2.0/thumb\libgcc.a(_udivsi3.o)
                0x0000000002009240                __aeabi_uidiv
                0x0000000002009240                __udivsi3
                0x000000000200933c                __aeabi_uidivmod
 .text          0x000000000200935c      0x150 c:/devkitpro/devkitarm/bin/../lib/gcc/arm-none-eabi/10.2.0/thumb\libgcc.a(_divsi3.o)
                0x000000000200935c                __divsi3
                0x000000000200935c                __aeabi_idiv
                0x000000000200948c                __aeabi_idivmod
 .text          0x00000000020094ac        0x4 c:/devkitpro/devkitarm/bin/../lib/gcc/arm-none-eabi/10.2.0/thumb\libgcc.a(_dvmd_tls.o)
                0x00000000020094ac                __aeabi_idiv0
                0x00000000020094ac                __aeabi_ldiv0
 .text          0x00000000020094b0       0xd4 c:/devkitpro/devkitarm/bin/../lib/gcc/arm-none-eabi/10.2.0/thumb\libgcc.a(_aeabi_ldivmod.o)
                0x00000000020094b0                __aeabi_ldivmod
 .text          0x0000000002009584       0x28 c:/devkitpro/devkitarm/bin/../lib/gcc/arm-none-eabi/10.2.0/thumb\libgcc.a(_clzdi2.o)
                0x0000000002009584                __clzdi2
 .text          0x00000000020095ac       0x48 c:/devkitpro/devkitarm/bin/../lib/gcc/arm-none-eabi/10.2.0/thumb\libgcc.a(_clzsi2.o)
                0x00000000020095ac                __clzsi2
 .text          0x00000000020095f4      0x224 c:/devkitpro/devkitarm/bin/../lib/gcc/arm-none-eabi/10.2.0/../../../../arm-none-eabi/lib/thumb\libg.a(lib_a-strcmp.o)
                0x00000000020095f4                strcmp
 .text          0x0000000002009818       0x14 c:/devkitpro/devkitarm/bin/../lib/gcc/arm-none-eabi/10.2.0/thumb\libgcc.a(_thumb1_case_uqi.o)
                0x0000000002009818                __gnu_thumb1_case_uqi
 .text          0x000000000200982c       0x14 c:/devkitpro/devkitarm/bin/../lib/gcc/arm-none-eabi/10.2.0/thumb\libgcc.a(_thumb1_case_uhi.o)
                0x000000000200982c                __gnu_thumb1_case_uhi
 .text          0x0000000002009840      0x424 c:/devkitpro/devkitarm/bin/../lib/gcc/arm-none-eabi/10.2.0/thumb\libgcc.a(_arm_addsubdf3.o)
                0x0000000002009840                __aeabi_drsub
                0x0000000002009848                __aeabi_dsub
                0x0000000002009848                __subdf3
                0x000000000200984c                __aeabi_dadd
                0x000000000200984c                __adddf3
                0x0000000002009b5c                __floatunsidf
                0x0000000002009b5c                __aeabi_ui2d
                0x0000000002009b80                __floatsidf
                0x0000000002009b80                __aeabi_i2d
                0x0000000002009ba8                __aeabi_f2d
                0x0000000002009ba8                __extendsfdf2
                0x0000000002009bf0                __floatundidf
                0x0000000002009bf0                __aeabi_ul2d
                0x0000000002009c04                __floatdidf
                0x0000000002009c04                __aeabi_l2d
 .text          0x0000000002009c64      0x49c c:/devkitpro/devkitarm/bin/../lib/gcc/arm-none-eabi/10.2.0/thumb\libgcc.a(_arm_muldivdf3.o)
                0x0000000002009c64                __aeabi_dmul
                0x0000000002009c64                __muldf3
                0x0000000002009ef4                __divdf3
                0x0000000002009ef4                __aeabi_ddiv
 .text          0x000000000200a100      0x144 c:/devkitpro/devkitarm/bin/../lib/gcc/arm-none-eabi/10.2.0/thumb\libgcc.a(_arm_cmpdf2.o)
                0x000000000200a100                __gtdf2
                0x000000000200a100                __gedf2
                0x000000000200a108                __ltdf2
                0x000000000200a108                __ledf2
                0x000000000200a110                __nedf2
                0x000000000200a110                __eqdf2
                0x000000000200a110                __cmpdf2
                0x000000000200a198                __aeabi_cdrcmple
                0x000000000200a1b4                __aeabi_cdcmpeq
                0x000000000200a1b4                __aeabi_cdcmple
                0x000000000200a1cc                __aeabi_dcmpeq
                0x000000000200a1e4                __aeabi_dcmplt
                0x000000000200a1fc                __aeabi_dcmple
                0x000000000200a214                __aeabi_dcmpge
                0x000000000200a22c                __aeabi_dcmpgt
 .text          0x000000000200a244       0x38 c:/devkitpro/devkitarm/bin/../lib/gcc/arm-none-eabi/10.2.0/thumb\libgcc.a(_arm_unorddf2.o)
                0x000000000200a244                __unorddf2
                0x000000000200a244                __aeabi_dcmpun
 .text          0x000000000200a27c       0x5c c:/devkitpro/devkitarm/bin/../lib/gcc/arm-none-eabi/10.2.0/thumb\libgcc.a(_arm_fixdfsi.o)
                0x000000000200a27c                __aeabi_d2iz
                0x000000000200a27c                __fixdfsi
 .text          0x000000000200a2d8       0x3c c:/devkitpro/devkitarm/bin/../lib/gcc/arm-none-eabi/10.2.0/thumb\libgcc.a(_aeabi_uldivmod.o)
                0x000000000200a2d8                __aeabi_uldivmod
 *(EXCLUDE_FILE(*.twl* *.vectors* *.itcm*) .stub)
 *(EXCLUDE_FILE(*.twl* *.vectors* *.itcm*) .text.*)
 .text.__do_global_dtors_aux
                0x000000000200a314       0x2c c:/devkitpro/devkitarm/bin/../lib/gcc/arm-none-eabi/10.2.0/thumb/crtbegin.o
 .text.frame_dummy
                0x000000000200a340       0x24 c:/devkitpro/devkitarm/bin/../lib/gcc/arm-none-eabi/10.2.0/thumb/crtbegin.o
 .text.startup  0x000000000200a364       0x14 main.o
                0x000000000200a364                main
 .text.nitroFSDirClose
                0x000000000200a378        0x4 C:/devkitPro/libnds/lib\libfilesystem.a(nitrofs.o)
 .text.nitroFSSeek
                0x000000000200a37c       0x78 C:/devkitPro/libnds/lib\libfilesystem.a(nitrofs.o)
 .text.nitroFSFstat
                0x000000000200a3f4       0x10 C:/devkitPro/libnds/lib\libfilesystem.a(nitrofs.o)
 .text.nitroSubReadBlock
                0x000000000200a404       0x54 C:/devkitPro/libnds/lib\libfilesystem.a(nitrofs.o)
 .text.nitroSubReadCard
                0x000000000200a458       0xb0 C:/devkitPro/libnds/lib\libfilesystem.a(nitrofs.o)
 .text.nitroFSClose
                0x000000000200a508        0x4 C:/devkitPro/libnds/lib\libfilesystem.a(nitrofs.o)
 .text.nitroDirReset
                0x000000000200a50c       0x9c C:/devkitPro/libnds/lib\libfilesystem.a(nitrofs.o)
 .text.nitroFSRead
                0x000000000200a5a8       0xbc C:/devkitPro/libnds/lib\libfilesystem.a(nitrofs.o)
 .text.nitroFSDirNext
                0x000000000200a664      0x30c C:/devkitPro/libnds/lib\libfilesystem.a(nitrofs.o)
 .text.nitroFSDirOpen
                0x000000000200a970       0xe0 C:/devkitPro/libnds/lib\libfilesystem.a(nitrofs.o)
 .text.nitroFSChdir
                0x000000000200aa50       0x30 C:/devkitPro/libnds/lib\libfilesystem.a(nitrofs.o)
 .text.nitroFSOpen
                0x000000000200aa80       0xc4 C:/devkitPro/libnds/lib\libfilesystem.a(nitrofs.o)
 .text.nitroFSstat
                0x000000000200ab44       0x68 C:/devkitPro/libnds/lib\libfilesystem.a(nitrofs.o)
 .text.nitroFSInit
                0x000000000200abac      0x12c C:/devkitPro/libnds/lib\libfilesystem.a(nitrofs.o)
                0x000000000200abac                nitroFSInit
 .text.fatMount.part.0
                0x000000000200acd8       0xa0 C:/devkitPro/libnds/lib\libfat.a(libfat.o)
 .text.fatMount
                0x000000000200ad78       0x3c C:/devkitPro/libnds/lib\libfat.a(libfat.o)
                0x000000000200ad78                fatMount
 .text.fatInit  0x000000000200adb4      0x130 C:/devkitPro/libnds/lib\libfat.a(libfat.o)
                0x000000000200adb4                fatInit
 .text.fatInitDefault
                0x000000000200aee4        0xc C:/devkitPro/libnds/lib\libfat.a(libfat.o)
                0x000000000200aee4                fatInitDefault
 .text._FAT_check_position_for_next_cluster.part.0
                0x000000000200aef0       0x68 C:/devkitPro/libnds/lib\libfat.a(fatfile.o)
 .text._FAT_syncToDisc.part.0
                0x000000000200af58       0xd4 C:/devkitPro/libnds/lib\libfat.a(fatfile.o)
 .text._FAT_file_extend_r
                0x000000000200b02c      0x208 C:/devkitPro/libnds/lib\libfat.a(fatfile.o)
 .text._FAT_open_r
                0x000000000200b234      0x2d4 C:/devkitPro/libnds/lib\libfat.a(fatfile.o)
                0x000000000200b234                _FAT_open_r
 .text._FAT_close_r
                0x000000000200b508       0x74 C:/devkitPro/libnds/lib\libfat.a(fatfile.o)
                0x000000000200b508                _FAT_close_r
 .text._FAT_read_r
                0x000000000200b57c      0x398 C:/devkitPro/libnds/lib\libfat.a(fatfile.o)
                0x000000000200b57c                _FAT_read_r
 .text._FAT_write_r
                0x000000000200b914      0x53c C:/devkitPro/libnds/lib\libfat.a(fatfile.o)
                0x000000000200b914                _FAT_write_r
 .text._FAT_seek_r
                0x000000000200be50      0x194 C:/devkitPro/libnds/lib\libfat.a(fatfile.o)
                0x000000000200be50                _FAT_seek_r
 .text._FAT_fstat_r
                0x000000000200bfe4       0x8c C:/devkitPro/libnds/lib\libfat.a(fatfile.o)
                0x000000000200bfe4                _FAT_fstat_r
 .text._FAT_ftruncate_r
                0x000000000200c070      0x16c C:/devkitPro/libnds/lib\libfat.a(fatfile.o)
                0x000000000200c070                _FAT_ftruncate_r
 .text._FAT_fsync_r
                0x000000000200c1dc       0x44 C:/devkitPro/libnds/lib\libfat.a(fatfile.o)
                0x000000000200c1dc                _FAT_fsync_r
 .text._FAT_cache_getPage
                0x000000000200c220       0xf0 C:/devkitPro/libnds/lib\libfat.a(cache.o)
 .text._FAT_cache_constructor
                0x000000000200c310       0x90 C:/devkitPro/libnds/lib\libfat.a(cache.o)
                0x000000000200c310                _FAT_cache_constructor
 .text._FAT_cache_readSectors
                0x000000000200c3a0       0x60 C:/devkitPro/libnds/lib\libfat.a(cache.o)
                0x000000000200c3a0                _FAT_cache_readSectors
 .text._FAT_cache_readPartialSector
                0x000000000200c400       0x3c C:/devkitPro/libnds/lib\libfat.a(cache.o)
                0x000000000200c400                _FAT_cache_readPartialSector
 .text._FAT_cache_readLittleEndianValue
                0x000000000200c43c       0x70 C:/devkitPro/libnds/lib\libfat.a(cache.o)
                0x000000000200c43c                _FAT_cache_readLittleEndianValue
 .text._FAT_cache_writePartialSector
                0x000000000200c4ac       0x4c C:/devkitPro/libnds/lib\libfat.a(cache.o)
                0x000000000200c4ac                _FAT_cache_writePartialSector
 .text._FAT_cache_writeLittleEndianValue
                0x000000000200c4f8       0x8c C:/devkitPro/libnds/lib\libfat.a(cache.o)
                0x000000000200c4f8                _FAT_cache_writeLittleEndianValue
 .text._FAT_cache_eraseWritePartialSector
                0x000000000200c584       0x60 C:/devkitPro/libnds/lib\libfat.a(cache.o)
                0x000000000200c584                _FAT_cache_eraseWritePartialSector
 .text._FAT_cache_writeSectors
                0x000000000200c5e4       0x80 C:/devkitPro/libnds/lib\libfat.a(cache.o)
                0x000000000200c5e4                _FAT_cache_writeSectors
 .text._FAT_cache_flush
                0x000000000200c664       0x40 C:/devkitPro/libnds/lib\libfat.a(cache.o)
                0x000000000200c664                _FAT_cache_flush
 .text._FAT_stat_r
                0x000000000200c6a4       0x90 C:/devkitPro/libnds/lib\libfat.a(fatdir.o)
                0x000000000200c6a4                _FAT_stat_r
 .text._FAT_link_r
                0x000000000200c734        0xc C:/devkitPro/libnds/lib\libfat.a(fatdir.o)
                0x000000000200c734                _FAT_link_r
 .text._FAT_unlink_r
                0x000000000200c740      0x184 C:/devkitPro/libnds/lib\libfat.a(fatdir.o)
                0x000000000200c740                _FAT_unlink_r
 .text._FAT_chdir_r
                0x000000000200c8c4       0x70 C:/devkitPro/libnds/lib\libfat.a(fatdir.o)
                0x000000000200c8c4                _FAT_chdir_r
 .text._FAT_rename_r
                0x000000000200c934      0x1c4 C:/devkitPro/libnds/lib\libfat.a(fatdir.o)
                0x000000000200c934                _FAT_rename_r
 .text._FAT_mkdir_r
                0x000000000200caf8      0x244 C:/devkitPro/libnds/lib\libfat.a(fatdir.o)
                0x000000000200caf8                _FAT_mkdir_r
 .text._FAT_statvfs_r
                0x000000000200cd3c       0x78 C:/devkitPro/libnds/lib\libfat.a(fatdir.o)
                0x000000000200cd3c                _FAT_statvfs_r
 .text._FAT_diropen_r
                0x000000000200cdb4       0xb0 C:/devkitPro/libnds/lib\libfat.a(fatdir.o)
                0x000000000200cdb4                _FAT_diropen_r
 .text._FAT_dirreset_r
                0x000000000200ce64       0x4c C:/devkitPro/libnds/lib\libfat.a(fatdir.o)
                0x000000000200ce64                _FAT_dirreset_r
 .text._FAT_dirnext_r
                0x000000000200ceb0       0x7c C:/devkitPro/libnds/lib\libfat.a(fatdir.o)
                0x000000000200ceb0                _FAT_dirnext_r
 .text._FAT_dirclose_r
                0x000000000200cf2c       0x20 C:/devkitPro/libnds/lib\libfat.a(fatdir.o)
                0x000000000200cf2c                _FAT_dirclose_r
 .text._FAT_directory_entryGetAlias
                0x000000000200cf4c       0xc8 C:/devkitPro/libnds/lib\libfat.a(directory.o)
 .text._FAT_directory_incrementDirEntryPosition
                0x000000000200d014       0x80 C:/devkitPro/libnds/lib\libfat.a(directory.o)
 .text._FAT_directory_mbsncasecmp
                0x000000000200d094       0xa8 C:/devkitPro/libnds/lib\libfat.a(directory.o)
 .text._FAT_directory_ucs2tombs.constprop.0
                0x000000000200d13c       0x90 C:/devkitPro/libnds/lib\libfat.a(directory.o)
 .text._FAT_directory_entryGetCluster
                0x000000000200d1cc       0x20 C:/devkitPro/libnds/lib\libfat.a(directory.o)
                0x000000000200d1cc                _FAT_directory_entryGetCluster
 .text._FAT_directory_getNextEntry
                0x000000000200d1ec      0x23c C:/devkitPro/libnds/lib\libfat.a(directory.o)
                0x000000000200d1ec                _FAT_directory_getNextEntry
 .text._FAT_directory_entryExists
                0x000000000200d428       0x80 C:/devkitPro/libnds/lib\libfat.a(directory.o)
 .text._FAT_directory_getFirstEntry
                0x000000000200d4a8       0x20 C:/devkitPro/libnds/lib\libfat.a(directory.o)
                0x000000000200d4a8                _FAT_directory_getFirstEntry
 .text._FAT_directory_getRootEntry
                0x000000000200d4c8       0x60 C:/devkitPro/libnds/lib\libfat.a(directory.o)
                0x000000000200d4c8                _FAT_directory_getRootEntry
 .text._FAT_directory_entryFromPosition
                0x000000000200d528      0x150 C:/devkitPro/libnds/lib\libfat.a(directory.o)
                0x000000000200d528                _FAT_directory_entryFromPosition
 .text._FAT_directory_entryFromPath
                0x000000000200d678      0x248 C:/devkitPro/libnds/lib\libfat.a(directory.o)
                0x000000000200d678                _FAT_directory_entryFromPath
 .text._FAT_directory_removeEntry
                0x000000000200d8c0       0xd8 C:/devkitPro/libnds/lib\libfat.a(directory.o)
                0x000000000200d8c0                _FAT_directory_removeEntry
 .text._FAT_directory_addEntry
                0x000000000200d998      0x808 C:/devkitPro/libnds/lib\libfat.a(directory.o)
                0x000000000200d998                _FAT_directory_addEntry
 .text._FAT_directory_chdir
                0x000000000200e1a0       0x3c C:/devkitPro/libnds/lib\libfat.a(directory.o)
                0x000000000200e1a0                _FAT_directory_chdir
 .text._FAT_directory_entryStat
                0x000000000200e1dc       0xe4 C:/devkitPro/libnds/lib\libfat.a(directory.o)
                0x000000000200e1dc                _FAT_directory_entryStat
 .text.isValidMBR
                0x000000000200e2c0       0x5c C:/devkitPro/libnds/lib\libfat.a(partition.o)
 .text._FAT_updateFS_INFO
                0x000000000200e31c       0x54 C:/devkitPro/libnds/lib\libfat.a(partition.o)
 .text.FindFirstValidPartition_buf.part.0
                0x000000000200e370      0x11c C:/devkitPro/libnds/lib\libfat.a(partition.o)
 .text._FAT_partition_getPartitionFromPath
                0x000000000200e48c       0x10 C:/devkitPro/libnds/lib\libfat.a(partition.o)
                0x000000000200e48c                _FAT_partition_getPartitionFromPath
 .text._FAT_partition_createFSinfo
                0x000000000200e49c       0x50 C:/devkitPro/libnds/lib\libfat.a(partition.o)
                0x000000000200e49c                _FAT_partition_createFSinfo
 .text._FAT_partition_readFSinfo.part.0
                0x000000000200e4ec       0x74 C:/devkitPro/libnds/lib\libfat.a(partition.o)
 .text._FAT_partition_constructor_buf
                0x000000000200e560      0x2e8 C:/devkitPro/libnds/lib\libfat.a(partition.o)
                0x000000000200e560                _FAT_partition_constructor_buf
 .text._FAT_partition_constructor
                0x000000000200e848       0x40 C:/devkitPro/libnds/lib\libfat.a(partition.o)
                0x000000000200e848                _FAT_partition_constructor
 .text._FAT_partition_readFSinfo
                0x000000000200e888       0x10 C:/devkitPro/libnds/lib\libfat.a(partition.o)
                0x000000000200e888                _FAT_partition_readFSinfo
 .text._FAT_lock_init
                0x000000000200e898        0x4 C:/devkitPro/libnds/lib\libfat.a(lock.o)
                0x000000000200e898                _FAT_lock_init
 .text._FAT_lock
                0x000000000200e89c        0x4 C:/devkitPro/libnds/lib\libfat.a(lock.o)
                0x000000000200e89c                _FAT_lock
 .text._FAT_unlock
                0x000000000200e8a0        0x4 C:/devkitPro/libnds/lib\libfat.a(lock.o)
                0x000000000200e8a0                _FAT_unlock
 .text._FAT_filetime_getTimeFromRTC
                0x000000000200e8a4       0x44 C:/devkitPro/libnds/lib\libfat.a(filetime.o)
                0x000000000200e8a4                _FAT_filetime_getTimeFromRTC
 .text._FAT_filetime_getDateFromRTC
                0x000000000200e8e8       0x44 C:/devkitPro/libnds/lib\libfat.a(filetime.o)
                0x000000000200e8e8                _FAT_filetime_getDateFromRTC
 .text._FAT_filetime_to_time_t
                0x000000000200e92c       0x38 C:/devkitPro/libnds/lib\libfat.a(filetime.o)
                0x000000000200e92c                _FAT_filetime_to_time_t
 .text._FAT_fat_writeFatEntry.part.0.isra.0
                0x000000000200e964      0x12c C:/devkitPro/libnds/lib\libfat.a(file_allocation_table.o)
 .text._FAT_fat_nextCluster
                0x000000000200ea90      0x108 C:/devkitPro/libnds/lib\libfat.a(file_allocation_table.o)
                0x000000000200ea90                _FAT_fat_nextCluster
 .text._FAT_fat_linkFreeCluster
                0x000000000200eb98       0xac C:/devkitPro/libnds/lib\libfat.a(file_allocation_table.o)
                0x000000000200eb98                _FAT_fat_linkFreeCluster
 .text._FAT_fat_linkFreeClusterCleared
                0x000000000200ec44       0x68 C:/devkitPro/libnds/lib\libfat.a(file_allocation_table.o)
                0x000000000200ec44                _FAT_fat_linkFreeClusterCleared
 .text._FAT_fat_clearLinks
                0x000000000200ecac       0x7c C:/devkitPro/libnds/lib\libfat.a(file_allocation_table.o)
                0x000000000200ecac                _FAT_fat_clearLinks
 .text._FAT_fat_trimChain
                0x000000000200ed28       0x80 C:/devkitPro/libnds/lib\libfat.a(file_allocation_table.o)
                0x000000000200ed28                _FAT_fat_trimChain
 .text._FAT_fat_lastCluster
                0x000000000200eda8       0x34 C:/devkitPro/libnds/lib\libfat.a(file_allocation_table.o)
                0x000000000200eda8                _FAT_fat_lastCluster
 .text._FAT_fat_freeClusterCount
                0x000000000200eddc       0x2c C:/devkitPro/libnds/lib\libfat.a(file_allocation_table.o)
                0x000000000200eddc                _FAT_fat_freeClusterCount
 .text.setBrightness
                0x000000000200ee08       0x40 C:/devkitPro/libnds/lib\libnds9.a(video.o)
                0x000000000200ee08                setBrightness
 .text.vramDefault
                0x000000000200ee48       0xd0 C:/devkitPro/libnds/lib\libnds9.a(video.o)
                0x000000000200ee48                vramDefault
 .text.newRow   0x000000000200ef18       0xb0 C:/devkitPro/libnds/lib\libnds9.a(console.o)
 .text.consolePrintChar
                0x000000000200efc8       0xec C:/devkitPro/libnds/lib\libnds9.a(console.o)
                0x000000000200efc8                consolePrintChar
 .text.con_write
                0x000000000200f0b4      0x374 C:/devkitPro/libnds/lib\libnds9.a(console.o)
                0x000000000200f0b4                con_write
 .text.consoleLoadFont
                0x000000000200f428      0x2a8 C:/devkitPro/libnds/lib\libnds9.a(console.o)
                0x000000000200f428                consoleLoadFont
 .text.consoleInit
                0x000000000200f6d0      0x194 C:/devkitPro/libnds/lib\libnds9.a(console.o)
                0x000000000200f6d0                consoleInit
 .text.consoleDemoInit
                0x000000000200f864       0x40 C:/devkitPro/libnds/lib\libnds9.a(console.o)
                0x000000000200f864                consoleDemoInit
 .text.consoleClear
                0x000000000200f8a4       0x10 C:/devkitPro/libnds/lib\libnds9.a(console.o)
                0x000000000200f8a4                consoleClear
 .text.oamInit  0x000000000200f8b4      0x118 C:/devkitPro/libnds/lib\libnds9.a(sprite.o)
                0x000000000200f8b4                oamInit
 .text.oamGfxPtrToOffset
                0x000000000200f9cc       0x34 C:/devkitPro/libnds/lib\libnds9.a(sprite.o)
                0x000000000200f9cc                oamGfxPtrToOffset
 .text.oamSet   0x000000000200fa00      0x11c C:/devkitPro/libnds/lib\libnds9.a(sprite.o)
                0x000000000200fa00                oamSet
 .text.oamUpdate
                0x000000000200fb1c       0x60 C:/devkitPro/libnds/lib\libnds9.a(sprite.o)
                0x000000000200fb1c                oamUpdate
 .text.oamRotateScale
                0x000000000200fb7c       0x4c C:/devkitPro/libnds/lib\libnds9.a(sprite.o)
                0x000000000200fb7c                oamRotateScale
 .text.scanKeys
                0x000000000200fbc8       0x8c C:/devkitPro/libnds/lib\libnds9.a(keys.o)
                0x000000000200fbc8                scanKeys
 .text.keysHeld
                0x000000000200fc54        0xc C:/devkitPro/libnds/lib\libnds9.a(keys.o)
                0x000000000200fc54                keysHeld
 .text.dldiGetInternal
                0x000000000200fc60       0x34 C:/devkitPro/libnds/lib\libnds9.a(dldi.o)
                0x000000000200fc60                dldiGetInternal
 .text.get_io_dsisd
                0x000000000200fc94       0x24 C:/devkitPro/libnds/lib\libnds9.a(dldi.o)
                0x000000000200fc94                get_io_dsisd
 .text.initSystem
                0x000000000200fcb8      0x198 C:/devkitPro/libnds/lib\libnds9.a(initSystem.o)
                0x000000000200fcb8                initSystem
 .text.__libnds_gtod
                0x000000000200fe50       0x28 C:/devkitPro/libnds/lib\libnds9.a(timeSupport.o)
                0x000000000200fe50                __libnds_gtod
 .text.irqDummy
                0x000000000200fe78        0x4 C:/devkitPro/libnds/lib\libnds9.a(interrupts.o)
                0x000000000200fe78                irqDummy
 .text.irqSet   0x000000000200fe7c       0x6c C:/devkitPro/libnds/lib\libnds9.a(interrupts.o)
                0x000000000200fe7c                irqSet
 .text.irqInit  0x000000000200fee8       0x50 C:/devkitPro/libnds/lib\libnds9.a(interrupts.o)
                0x000000000200fee8                irqInit
 .text.irqEnable
                0x000000000200ff38       0x64 C:/devkitPro/libnds/lib\libnds9.a(interrupts.o)
                0x000000000200ff38                irqEnable
 .text.systemErrorExit
                0x000000000200ff9c        0x4 C:/devkitPro/libnds/lib\libnds9.a(libnds_exit.arm.o)
                0x000000000200ff9c                systemErrorExit
 .text.__libnds_exit
                0x000000000200ffa0       0x5c C:/devkitPro/libnds/lib\libnds9.a(libnds_exit.arm.o)
                0x000000000200ffa0                __libnds_exit
 .text.cardPolledTransfer
                0x000000000200fffc       0x54 C:/devkitPro/libnds/lib\libnds9.a(card.o)
                0x000000000200fffc                cardPolledTransfer
 .text.cardParamCommand
                0x0000000002010050       0x34 C:/devkitPro/libnds/lib\libnds9.a(card.o)
                0x0000000002010050                cardParamCommand
 .text.fifo_queueBlock
                0x0000000002010084       0x44 C:/devkitPro/libnds/lib\libnds9.a(fifosystem.o)
 .text.fifo_waitBlock
                0x00000000020100c8       0x80 C:/devkitPro/libnds/lib\libnds9.a(fifosystem.o)
 .text.fifoInternalSend.part.0
                0x0000000002010148       0xd4 C:/devkitPro/libnds/lib\libnds9.a(fifosystem.o)
 .text.fifoInternalSendInterrupt
                0x000000000201021c       0xa8 C:/devkitPro/libnds/lib\libnds9.a(fifosystem.o)
 .text.fifoSetValue32Handler
                0x00000000020102c4       0xd8 C:/devkitPro/libnds/lib\libnds9.a(fifosystem.o)
                0x00000000020102c4                fifoSetValue32Handler
 .text.fifoSendValue32
                0x000000000201039c       0x4c C:/devkitPro/libnds/lib\libnds9.a(fifosystem.o)
                0x000000000201039c                fifoSendValue32
 .text.fifoSendDatamsg
                0x00000000020103e8       0x90 C:/devkitPro/libnds/lib\libnds9.a(fifosystem.o)
                0x00000000020103e8                fifoSendDatamsg
 .text.fifoGetValue32
                0x0000000002010478       0x70 C:/devkitPro/libnds/lib\libnds9.a(fifosystem.o)
                0x0000000002010478                fifoGetValue32
 .text.fifoGetDatamsg
                0x00000000020104e8       0xf4 C:/devkitPro/libnds/lib\libnds9.a(fifosystem.o)
                0x00000000020104e8                fifoGetDatamsg
 .text.fifoInternalRecvInterrupt
                0x00000000020105dc      0x380 C:/devkitPro/libnds/lib\libnds9.a(fifosystem.o)
 .text.fifoSetDatamsgHandler
                0x000000000201095c       0x9c C:/devkitPro/libnds/lib\libnds9.a(fifosystem.o)
                0x000000000201095c                fifoSetDatamsgHandler
 .text.fifoCheckValue32
                0x00000000020109f8       0x24 C:/devkitPro/libnds/lib\libnds9.a(fifosystem.o)
                0x00000000020109f8                fifoCheckValue32
 .text.fifoInit
                0x0000000002010a1c       0xf8 C:/devkitPro/libnds/lib\libnds9.a(fifosystem.o)
                0x0000000002010a1c                fifoInit
 .text.DC_FlushRange
                0x0000000002010b14       0x24 C:/devkitPro/libnds/lib\libnds9.a(dcache.o)
                0x0000000002010b14                DC_FlushRange
 .text.DC_InvalidateRange
                0x0000000002010b38       0x2c C:/devkitPro/libnds/lib\libnds9.a(dcache.o)
                0x0000000002010b38                DC_InvalidateRange
 .text.__libnds_mpu_setup
                0x0000000002010b64      0x174 C:/devkitPro/libnds/lib\libnds9.a(mpu_setup.o)
                0x0000000002010b64                __libnds_mpu_setup
 .text.memUncached
                0x0000000002010cd8       0x20 C:/devkitPro/libnds/lib\libnds9.a(mpu_setup.o)
                0x0000000002010cd8                memUncached
 .text.swiWaitForVBlank
                0x0000000002010cf8        0x8 C:/devkitPro/libnds/lib\libnds9.a(IntrWait.o)
                0x0000000002010cf8                swiWaitForVBlank
 .text.swiIntrWait
                0x0000000002010d00       0x70 C:/devkitPro/libnds/lib\libnds9.a(IntrWait.o)
                0x0000000002010d00                swiIntrWait
 .text.setCpuClock
                0x0000000002010d70       0x50 C:/devkitPro/libnds/lib\libnds9.a(cpu_clock.o)
                0x0000000002010d70                setCpuClock
 .text.swiSoftReset
                0x0000000002010dc0       0x2c C:/devkitPro/libnds/lib\libnds9.a(swiSoftReset.o)
                0x0000000002010dc0                swiSoftReset
 .text.swiDelay
                0x0000000002010dec        0x4 C:/devkitPro/libnds/lib\libnds9.a(biosCalls.o)
                0x0000000002010dec                swiDelay
 .text.checkIfText
                0x0000000002010df0       0x5c C:/devkitPro/libnds/lib\libnds9.a(background.o)
                0x0000000002010df0                checkIfText
 .text.bgUpdate
                0x0000000002010e4c       0xf4 C:/devkitPro/libnds/lib\libnds9.a(background.o)
                0x0000000002010e4c                bgUpdate
 .text.bgInit_call
                0x0000000002010f40       0xc4 C:/devkitPro/libnds/lib\libnds9.a(background.o)
                0x0000000002010f40                bgInit_call
 .text.bgInitSub_call
                0x0000000002011004       0xcc C:/devkitPro/libnds/lib\libnds9.a(background.o)
                0x0000000002011004                bgInitSub_call
 .text.oamAllocReset
                0x00000000020110d0       0x1c C:/devkitPro/libnds/lib\libnds9.a(sprite_alloc.o)
                0x00000000020110d0                oamAllocReset
 .text.systemValueHandler
                0x00000000020110ec       0x48 C:/devkitPro/libnds/lib\libnds9.a(system.o)
                0x00000000020110ec                systemValueHandler
 .text.systemMsgHandler
                0x0000000002011134       0x60 C:/devkitPro/libnds/lib\libnds9.a(system.o)
                0x0000000002011134                systemMsgHandler
 .text.powerOn  0x0000000002011194       0x2c C:/devkitPro/libnds/lib\libnds9.a(system.o)
                0x0000000002011194                powerOn
 .text.sinLutLookup
                0x00000000020111c0       0x38 C:/devkitPro/libnds/lib\libnds9.a(trig.o)
                0x00000000020111c0                sinLutLookup
 .text.sinLerp  0x00000000020111f8       0x40 C:/devkitPro/libnds/lib\libnds9.a(trig.o)
                0x00000000020111f8                sinLerp
 .text.cosLerp  0x0000000002011238       0x4c C:/devkitPro/libnds/lib\libnds9.a(trig.o)
                0x0000000002011238                cosLerp
 .text.__muldi3
                0x0000000002011284       0x54 c:/devkitpro/devkitarm/bin/../lib/gcc/arm-none-eabi/10.2.0/thumb\libgcc.a(_muldi3.o)
                0x0000000002011284                __muldi3
                0x0000000002011284                __aeabi_lmul
 .text.__udivmoddi4
                0x00000000020112d8      0x19c c:/devkitpro/devkitarm/bin/../lib/gcc/arm-none-eabi/10.2.0/thumb\libgcc.a(_udivmoddi4.o)
                0x00000000020112d8                __udivmoddi4
 .text.calloc   0x0000000002011474       0x18 c:/devkitpro/devkitarm/bin/../lib/gcc/arm-none-eabi/10.2.0/../../../../arm-none-eabi/lib/thumb\libg.a(lib_a-calloc.o)
                0x0000000002011474                calloc
 .text._calloc_r
                0x000000000201148c       0x60 c:/devkitpro/devkitarm/bin/../lib/gcc/arm-none-eabi/10.2.0/../../../../arm-none-eabi/lib/thumb\libg.a(lib_a-callocr.o)
                0x000000000201148c                _calloc_r
 .text._fclose_r
                0x00000000020114ec       0xe8 c:/devkitpro/devkitarm/bin/../lib/gcc/arm-none-eabi/10.2.0/../../../../arm-none-eabi/lib/thumb\libg.a(lib_a-fclose.o)
                0x00000000020114ec                _fclose_r
 .text.fclose   0x00000000020115d4       0x14 c:/devkitpro/devkitarm/bin/../lib/gcc/arm-none-eabi/10.2.0/../../../../arm-none-eabi/lib/thumb\libg.a(lib_a-fclose.o)
                0x00000000020115d4                fclose
 .text.__sflush_r
                0x00000000020115e8      0x1c0 c:/devkitpro/devkitarm/bin/../lib/gcc/arm-none-eabi/10.2.0/../../../../arm-none-eabi/lib/thumb\libg.a(lib_a-fflush.o)
                0x00000000020115e8                __sflush_r
 .text._fflush_r
                0x00000000020117a8       0x70 c:/devkitpro/devkitarm/bin/../lib/gcc/arm-none-eabi/10.2.0/../../../../arm-none-eabi/lib/thumb\libg.a(lib_a-fflush.o)
                0x00000000020117a8                _fflush_r
 .text.fflush   0x0000000002011818       0x2c c:/devkitpro/devkitarm/bin/../lib/gcc/arm-none-eabi/10.2.0/../../../../arm-none-eabi/lib/thumb\libg.a(lib_a-fflush.o)
                0x0000000002011818                fflush
 .text._cleanup_r
                0x0000000002011844       0x14 c:/devkitpro/devkitarm/bin/../lib/gcc/arm-none-eabi/10.2.0/../../../../arm-none-eabi/lib/thumb\libg.a(lib_a-findfp.o)
                0x0000000002011844                _cleanup_r
 .text.__sinit  0x0000000002011858      0x124 c:/devkitpro/devkitarm/bin/../lib/gcc/arm-none-eabi/10.2.0/../../../../arm-none-eabi/lib/thumb\libg.a(lib_a-findfp.o)
                0x0000000002011858                __sinit
 .text.__sfp    0x000000000201197c       0xdc c:/devkitpro/devkitarm/bin/../lib/gcc/arm-none-eabi/10.2.0/../../../../arm-none-eabi/lib/thumb\libg.a(lib_a-findfp.o)
                0x000000000201197c                __sfp
 .text.__sfp_lock_acquire
                0x0000000002011a58       0x14 c:/devkitpro/devkitarm/bin/../lib/gcc/arm-none-eabi/10.2.0/../../../../arm-none-eabi/lib/thumb\libg.a(lib_a-findfp.o)
                0x0000000002011a58                __sfp_lock_acquire
 .text.__sfp_lock_release
                0x0000000002011a6c       0x14 c:/devkitpro/devkitarm/bin/../lib/gcc/arm-none-eabi/10.2.0/../../../../arm-none-eabi/lib/thumb\libg.a(lib_a-findfp.o)
                0x0000000002011a6c                __sfp_lock_release
 .text._fopen_r
                0x0000000002011a80       0xb8 c:/devkitpro/devkitarm/bin/../lib/gcc/arm-none-eabi/10.2.0/../../../../arm-none-eabi/lib/thumb\libg.a(lib_a-fopen.o)
                0x0000000002011a80                _fopen_r
 .text.fopen    0x0000000002011b38       0x18 c:/devkitpro/devkitarm/bin/../lib/gcc/arm-none-eabi/10.2.0/../../../../arm-none-eabi/lib/thumb\libg.a(lib_a-fopen.o)
                0x0000000002011b38                fopen
 .text._fread_r
                0x0000000002011b50      0x1f0 c:/devkitpro/devkitarm/bin/../lib/gcc/arm-none-eabi/10.2.0/../../../../arm-none-eabi/lib/thumb\libg.a(lib_a-fread.o)
                0x0000000002011b50                _fread_r
 .text.fread    0x0000000002011d40       0x24 c:/devkitpro/devkitarm/bin/../lib/gcc/arm-none-eabi/10.2.0/../../../../arm-none-eabi/lib/thumb\libg.a(lib_a-fread.o)
                0x0000000002011d40                fread
 .text._malloc_trim_r
                0x0000000002011d64       0xa0 c:/devkitpro/devkitarm/bin/../lib/gcc/arm-none-eabi/10.2.0/../../../../arm-none-eabi/lib/thumb\libg.a(lib_a-freer.o)
                0x0000000002011d64                _malloc_trim_r
 .text._free_r  0x0000000002011e04      0x1e0 c:/devkitpro/devkitarm/bin/../lib/gcc/arm-none-eabi/10.2.0/../../../../arm-none-eabi/lib/thumb\libg.a(lib_a-freer.o)
                0x0000000002011e04                _free_r
 .text._fseek_r
                0x0000000002011fe4       0x18 c:/devkitpro/devkitarm/bin/../lib/gcc/arm-none-eabi/10.2.0/../../../../arm-none-eabi/lib/thumb\libg.a(lib_a-fseek.o)
                0x0000000002011fe4                _fseek_r
 .text.fseek    0x0000000002011ffc       0x24 c:/devkitpro/devkitarm/bin/../lib/gcc/arm-none-eabi/10.2.0/../../../../arm-none-eabi/lib/thumb\libg.a(lib_a-fseek.o)
                0x0000000002011ffc                fseek
 .text._fseeko_r
                0x0000000002012020      0x39c c:/devkitpro/devkitarm/bin/../lib/gcc/arm-none-eabi/10.2.0/../../../../arm-none-eabi/lib/thumb\libg.a(lib_a-fseeko.o)
                0x0000000002012020                _fseeko_r
 .text.ftell    0x00000000020123bc       0x24 c:/devkitpro/devkitarm/bin/../lib/gcc/arm-none-eabi/10.2.0/../../../../arm-none-eabi/lib/thumb\libg.a(lib_a-ftell.o)
                0x00000000020123bc                ftell
 .text._ftello_r
                0x00000000020123e0      0x118 c:/devkitpro/devkitarm/bin/../lib/gcc/arm-none-eabi/10.2.0/../../../../arm-none-eabi/lib/thumb\libg.a(lib_a-ftello.o)
                0x00000000020123e0                _ftello_r
 .text._fwalk   0x00000000020124f8       0x48 c:/devkitpro/devkitarm/bin/../lib/gcc/arm-none-eabi/10.2.0/../../../../arm-none-eabi/lib/thumb\libg.a(lib_a-fwalk.o)
                0x00000000020124f8                _fwalk
 .text._fwalk_reent
                0x0000000002012540       0x50 c:/devkitpro/devkitarm/bin/../lib/gcc/arm-none-eabi/10.2.0/../../../../arm-none-eabi/lib/thumb\libg.a(lib_a-fwalk.o)
                0x0000000002012540                _fwalk_reent
 .text.__libc_init_array
                0x0000000002012590       0x50 c:/devkitpro/devkitarm/bin/../lib/gcc/arm-none-eabi/10.2.0/../../../../arm-none-eabi/lib/thumb\libg.a(lib_a-init.o)
                0x0000000002012590                __libc_init_array
 .text.iprintf  0x00000000020125e0       0x24 c:/devkitpro/devkitarm/bin/../lib/gcc/arm-none-eabi/10.2.0/../../../../arm-none-eabi/lib/thumb\libg.a(lib_a-iprintf.o)
                0x00000000020125e0                iprintf
 .text.localtime_r
                0x0000000002012604      0x244 c:/devkitpro/devkitarm/bin/../lib/gcc/arm-none-eabi/10.2.0/../../../../arm-none-eabi/lib/thumb\libg.a(lib_a-lcltime_r.o)
                0x0000000002012604                localtime_r
 .text.__locale_mb_cur_max
                0x0000000002012848       0x10 c:/devkitpro/devkitarm/bin/../lib/gcc/arm-none-eabi/10.2.0/../../../../arm-none-eabi/lib/thumb\libg.a(lib_a-locale.o)
                0x0000000002012848                __locale_mb_cur_max
 .text.__smakebuf_r
                0x0000000002012858       0xec c:/devkitpro/devkitarm/bin/../lib/gcc/arm-none-eabi/10.2.0/../../../../arm-none-eabi/lib/thumb\libg.a(lib_a-makebuf.o)
                0x0000000002012858                __smakebuf_r
 .text.__swhatbuf_r
                0x0000000002012944       0x64 c:/devkitpro/devkitarm/bin/../lib/gcc/arm-none-eabi/10.2.0/../../../../arm-none-eabi/lib/thumb\libg.a(lib_a-makebuf.o)
                0x0000000002012944                __swhatbuf_r
 .text.malloc   0x00000000020129a8       0x14 c:/devkitpro/devkitarm/bin/../lib/gcc/arm-none-eabi/10.2.0/../../../../arm-none-eabi/lib/thumb\libg.a(lib_a-malloc.o)
                0x00000000020129a8                malloc
 .text.free     0x00000000020129bc       0x14 c:/devkitpro/devkitarm/bin/../lib/gcc/arm-none-eabi/10.2.0/../../../../arm-none-eabi/lib/thumb\libg.a(lib_a-malloc.o)
                0x00000000020129bc                free
 .text._malloc_r
                0x00000000020129d0      0x59c c:/devkitpro/devkitarm/bin/../lib/gcc/arm-none-eabi/10.2.0/../../../../arm-none-eabi/lib/thumb\libg.a(lib_a-mallocr.o)
                0x00000000020129d0                _malloc_r
 .text._mbrtowc_r
                0x0000000002012f6c       0x60 c:/devkitpro/devkitarm/bin/../lib/gcc/arm-none-eabi/10.2.0/../../../../arm-none-eabi/lib/thumb\libg.a(lib_a-mbrtowc.o)
                0x0000000002012f6c                _mbrtowc_r
 .text.mbrtowc  0x0000000002012fcc       0x80 c:/devkitpro/devkitarm/bin/../lib/gcc/arm-none-eabi/10.2.0/../../../../arm-none-eabi/lib/thumb\libg.a(lib_a-mbrtowc.o)
                0x0000000002012fcc                mbrtowc
 .text.mbsrtowcs
                0x000000000201304c       0x28 c:/devkitpro/devkitarm/bin/../lib/gcc/arm-none-eabi/10.2.0/../../../../arm-none-eabi/lib/thumb\libg.a(lib_a-mbsrtowcs.o)
                0x000000000201304c                mbsrtowcs
 .text.__utf8_mbtowc
                0x0000000002013074      0x280 c:/devkitpro/devkitarm/bin/../lib/gcc/arm-none-eabi/10.2.0/../../../../arm-none-eabi/lib/thumb\libg.a(lib_a-mbtowc_r.o)
                0x0000000002013074                __utf8_mbtowc
 .text.memcmp   0x00000000020132f4       0x4c c:/devkitpro/devkitarm/bin/../lib/gcc/arm-none-eabi/10.2.0/../../../../arm-none-eabi/lib/thumb\libg.a(lib_a-memcmp.o)
                0x00000000020132f4                memcmp
 .text.memcpy   0x0000000002013340       0xa8 c:/devkitpro/devkitarm/bin/../lib/gcc/arm-none-eabi/10.2.0/../../../../arm-none-eabi/lib/thumb\libg.a(lib_a-memcpy-stub.o)
                0x0000000002013340                memcpy
 .text.memmove  0x00000000020133e8       0xbc c:/devkitpro/devkitarm/bin/../lib/gcc/arm-none-eabi/10.2.0/../../../../arm-none-eabi/lib/thumb\libg.a(lib_a-memmove.o)
                0x00000000020133e8                memmove
 .text.memset   0x00000000020134a4       0xb0 c:/devkitpro/devkitarm/bin/../lib/gcc/arm-none-eabi/10.2.0/../../../../arm-none-eabi/lib/thumb\libg.a(lib_a-memset.o)
                0x00000000020134a4                memset
 .text.validate_structure
                0x0000000002013554      0x1e8 c:/devkitpro/devkitarm/bin/../lib/gcc/arm-none-eabi/10.2.0/../../../../arm-none-eabi/lib/thumb\libg.a(lib_a-mktime.o)
 .text.mktime   0x000000000201373c      0x450 c:/devkitpro/devkitarm/bin/../lib/gcc/arm-none-eabi/10.2.0/../../../../arm-none-eabi/lib/thumb\libg.a(lib_a-mktime.o)
                0x000000000201373c                mktime
 .text.__malloc_lock
                0x0000000002013b8c       0x14 c:/devkitpro/devkitarm/bin/../lib/gcc/arm-none-eabi/10.2.0/../../../../arm-none-eabi/lib/thumb\libg.a(lib_a-mlock.o)
                0x0000000002013b8c                __malloc_lock
 .text.__malloc_unlock
                0x0000000002013ba0       0x14 c:/devkitpro/devkitarm/bin/../lib/gcc/arm-none-eabi/10.2.0/../../../../arm-none-eabi/lib/thumb\libg.a(lib_a-mlock.o)
                0x0000000002013ba0                __malloc_unlock
 .text.realloc  0x0000000002013bb4       0x18 c:/devkitpro/devkitarm/bin/../lib/gcc/arm-none-eabi/10.2.0/../../../../arm-none-eabi/lib/thumb\libg.a(lib_a-realloc.o)
                0x0000000002013bb4                realloc
 .text._realloc_r
                0x0000000002013bcc      0x38c c:/devkitpro/devkitarm/bin/../lib/gcc/arm-none-eabi/10.2.0/../../../../arm-none-eabi/lib/thumb\libg.a(lib_a-reallocr.o)
                0x0000000002013bcc                _realloc_r
 .text.lflush   0x0000000002013f58       0x20 c:/devkitpro/devkitarm/bin/../lib/gcc/arm-none-eabi/10.2.0/../../../../arm-none-eabi/lib/thumb\libg.a(lib_a-refill.o)
 .text.__srefill_r
                0x0000000002013f78      0x118 c:/devkitpro/devkitarm/bin/../lib/gcc/arm-none-eabi/10.2.0/../../../../arm-none-eabi/lib/thumb\libg.a(lib_a-refill.o)
                0x0000000002013f78                __srefill_r
 .text.rewind   0x0000000002014090       0x20 c:/devkitpro/devkitarm/bin/../lib/gcc/arm-none-eabi/10.2.0/../../../../arm-none-eabi/lib/thumb\libg.a(lib_a-rewind.o)
                0x0000000002014090                rewind
 .text.setvbuf  0x00000000020140b0      0x1ac c:/devkitpro/devkitarm/bin/../lib/gcc/arm-none-eabi/10.2.0/../../../../arm-none-eabi/lib/thumb\libg.a(lib_a-setvbuf.o)
                0x00000000020140b0                setvbuf
 .text.siscanf  0x000000000201425c       0x4c c:/devkitpro/devkitarm/bin/../lib/gcc/arm-none-eabi/10.2.0/../../../../arm-none-eabi/lib/thumb\libg.a(lib_a-siscanf.o)
                0x000000000201425c                siscanf
 .text.sprintf  0x00000000020142a8       0x40 c:/devkitpro/devkitarm/bin/../lib/gcc/arm-none-eabi/10.2.0/../../../../arm-none-eabi/lib/thumb\libg.a(lib_a-sprintf.o)
                0x00000000020142a8                sprintf
 .text.__sread  0x00000000020142e8       0x34 c:/devkitpro/devkitarm/bin/../lib/gcc/arm-none-eabi/10.2.0/../../../../arm-none-eabi/lib/thumb\libg.a(lib_a-stdio.o)
                0x00000000020142e8                __sread
 .text.__seofread
                0x000000000201431c        0x4 c:/devkitpro/devkitarm/bin/../lib/gcc/arm-none-eabi/10.2.0/../../../../arm-none-eabi/lib/thumb\libg.a(lib_a-stdio.o)
                0x000000000201431c                __seofread
 .text.__swrite
                0x0000000002014320       0x54 c:/devkitpro/devkitarm/bin/../lib/gcc/arm-none-eabi/10.2.0/../../../../arm-none-eabi/lib/thumb\libg.a(lib_a-stdio.o)
                0x0000000002014320                __swrite
 .text.__sseek  0x0000000002014374       0x40 c:/devkitpro/devkitarm/bin/../lib/gcc/arm-none-eabi/10.2.0/../../../../arm-none-eabi/lib/thumb\libg.a(lib_a-stdio.o)
                0x0000000002014374                __sseek
 .text.__sclose
                0x00000000020143b4       0x10 c:/devkitpro/devkitarm/bin/../lib/gcc/arm-none-eabi/10.2.0/../../../../arm-none-eabi/lib/thumb\libg.a(lib_a-stdio.o)
                0x00000000020143b4                __sclose
 .text.stpcpy   0x00000000020143c4       0x50 c:/devkitpro/devkitarm/bin/../lib/gcc/arm-none-eabi/10.2.0/../../../../arm-none-eabi/lib/thumb\libg.a(lib_a-stpcpy.o)
                0x00000000020143c4                stpcpy
 .text.strcasecmp
                0x0000000002014414       0x48 c:/devkitpro/devkitarm/bin/../lib/gcc/arm-none-eabi/10.2.0/../../../../arm-none-eabi/lib/thumb\libg.a(lib_a-strcasecmp.o)
                0x0000000002014414                strcasecmp
 .text.strchr   0x000000000201445c       0xc8 c:/devkitpro/devkitarm/bin/../lib/gcc/arm-none-eabi/10.2.0/../../../../arm-none-eabi/lib/thumb\libg.a(lib_a-strchr.o)
                0x000000000201445c                strchr
 .text.strcpy   0x0000000002014524       0x10 c:/devkitpro/devkitarm/bin/../lib/gcc/arm-none-eabi/10.2.0/../../../../arm-none-eabi/lib/thumb\libg.a(lib_a-strcpy.o)
                0x0000000002014524                strcpy
 .text.strdup   0x0000000002014534       0x14 c:/devkitpro/devkitarm/bin/../lib/gcc/arm-none-eabi/10.2.0/../../../../arm-none-eabi/lib/thumb\libg.a(lib_a-strdup.o)
                0x0000000002014534                strdup
 .text._strdup_r
                0x0000000002014548       0x2c c:/devkitpro/devkitarm/bin/../lib/gcc/arm-none-eabi/10.2.0/../../../../arm-none-eabi/lib/thumb\libg.a(lib_a-strdup_r.o)
                0x0000000002014548                _strdup_r
 .text.strlen   0x0000000002014574       0x60 c:/devkitpro/devkitarm/bin/../lib/gcc/arm-none-eabi/10.2.0/../../../../arm-none-eabi/lib/thumb\libg.a(lib_a-strlen-stub.o)
                0x0000000002014574                strlen
 .text.strncasecmp
                0x00000000020145d4       0x54 c:/devkitpro/devkitarm/bin/../lib/gcc/arm-none-eabi/10.2.0/../../../../arm-none-eabi/lib/thumb\libg.a(lib_a-strncasecmp.o)
                0x00000000020145d4                strncasecmp
 .text.strncmp  0x0000000002014628       0x78 c:/devkitpro/devkitarm/bin/../lib/gcc/arm-none-eabi/10.2.0/../../../../arm-none-eabi/lib/thumb\libg.a(lib_a-strncmp.o)
                0x0000000002014628                strncmp
 .text.strncpy  0x00000000020146a0       0x74 c:/devkitpro/devkitarm/bin/../lib/gcc/arm-none-eabi/10.2.0/../../../../arm-none-eabi/lib/thumb\libg.a(lib_a-strncpy.o)
                0x00000000020146a0                strncpy
 .text.strnlen  0x0000000002014714       0x28 c:/devkitpro/devkitarm/bin/../lib/gcc/arm-none-eabi/10.2.0/../../../../arm-none-eabi/lib/thumb\libg.a(lib_a-strnlen.o)
                0x0000000002014714                strnlen
 .text.strpbrk  0x000000000201473c       0x40 c:/devkitpro/devkitarm/bin/../lib/gcc/arm-none-eabi/10.2.0/../../../../arm-none-eabi/lib/thumb\libg.a(lib_a-strpbrk.o)
                0x000000000201473c                strpbrk
 .text.strrchr  0x000000000201477c       0x2c c:/devkitpro/devkitarm/bin/../lib/gcc/arm-none-eabi/10.2.0/../../../../arm-none-eabi/lib/thumb\libg.a(lib_a-strrchr.o)
                0x000000000201477c                strrchr
 .text._strtol_l.part.0
                0x00000000020147a8      0x150 c:/devkitpro/devkitarm/bin/../lib/gcc/arm-none-eabi/10.2.0/../../../../arm-none-eabi/lib/thumb\libg.a(lib_a-strtol.o)
 .text._strtol_r
                0x00000000020148f8       0x20 c:/devkitpro/devkitarm/bin/../lib/gcc/arm-none-eabi/10.2.0/../../../../arm-none-eabi/lib/thumb\libg.a(lib_a-strtol.o)
                0x00000000020148f8                _strtol_r
 .text.get_arg  0x0000000002014918       0x32 c:/devkitpro/devkitarm/bin/../lib/gcc/arm-none-eabi/10.2.0/../../../../arm-none-eabi/lib/thumb\libg.a(lib_a-svfiscanf.o)
 .text._sungetc_r
                0x000000000201494a       0x7e c:/devkitpro/devkitarm/bin/../lib/gcc/arm-none-eabi/10.2.0/../../../../arm-none-eabi/lib/thumb\libg.a(lib_a-svfiscanf.o)
                0x000000000201494a                _sungetc_r
 .text.__ssrefill_r
                0x00000000020149c8       0x42 c:/devkitpro/devkitarm/bin/../lib/gcc/arm-none-eabi/10.2.0/../../../../arm-none-eabi/lib/thumb\libg.a(lib_a-svfiscanf.o)
                0x00000000020149c8                __ssrefill_r
 .text._sfread_r
                0x0000000002014a0a       0x8a c:/devkitpro/devkitarm/bin/../lib/gcc/arm-none-eabi/10.2.0/../../../../arm-none-eabi/lib/thumb\libg.a(lib_a-svfiscanf.o)
                0x0000000002014a0a                _sfread_r
 .text.__ssvfiscanf_r
                0x0000000002014a94     0x1b6c c:/devkitpro/devkitarm/bin/../lib/gcc/arm-none-eabi/10.2.0/../../../../arm-none-eabi/lib/thumb\libg.a(lib_a-svfiscanf.o)
                0x0000000002014a94                __ssvfiscanf_r
 .text.get_arg  0x0000000002016600      0x3f0 c:/devkitpro/devkitarm/bin/../lib/gcc/arm-none-eabi/10.2.0/../../../../arm-none-eabi/lib/thumb\libg.a(lib_a-svfprintf.o)
 .text._svfprintf_r
                0x00000000020169f0     0x2498 c:/devkitpro/devkitarm/bin/../lib/gcc/arm-none-eabi/10.2.0/../../../../arm-none-eabi/lib/thumb\libg.a(lib_a-svfprintf.o)
                0x00000000020169f0                _svfprintf_r
 .text.lseek    0x0000000002018e88       0x24 c:/devkitpro/devkitarm/bin/../lib/gcc/arm-none-eabi/10.2.0/../../../../arm-none-eabi/lib/thumb\libg.a(lib_a-syslseek.o)
                0x0000000002018e88                lseek
 .text.open     0x0000000002018eac       0x28 c:/devkitpro/devkitarm/bin/../lib/gcc/arm-none-eabi/10.2.0/../../../../arm-none-eabi/lib/thumb\libg.a(lib_a-sysopen.o)
                0x0000000002018eac                open
 .text.read     0x0000000002018ed4       0x1c c:/devkitpro/devkitarm/bin/../lib/gcc/arm-none-eabi/10.2.0/../../../../arm-none-eabi/lib/thumb\libg.a(lib_a-sysread.o)
                0x0000000002018ed4                read
 .text.time     0x0000000002018ef0       0x34 c:/devkitpro/devkitarm/bin/../lib/gcc/arm-none-eabi/10.2.0/../../../../arm-none-eabi/lib/thumb\libg.a(lib_a-time.o)
                0x0000000002018ef0                time
 .text.towlower
                0x0000000002018f24       0x10 c:/devkitpro/devkitarm/bin/../lib/gcc/arm-none-eabi/10.2.0/../../../../arm-none-eabi/lib/thumb\libg.a(lib_a-towlower.o)
                0x0000000002018f24                towlower
 .text.towupper
                0x0000000002018f34       0x10 c:/devkitpro/devkitarm/bin/../lib/gcc/arm-none-eabi/10.2.0/../../../../arm-none-eabi/lib/thumb\libg.a(lib_a-towupper.o)
                0x0000000002018f34                towupper
 .text.__tzcalc_limits
                0x0000000002018f44      0x1a8 c:/devkitpro/devkitarm/bin/../lib/gcc/arm-none-eabi/10.2.0/../../../../arm-none-eabi/lib/thumb\libg.a(lib_a-tzcalc_limits.o)
                0x0000000002018f44                __tzcalc_limits
 .text.__tz_lock
                0x00000000020190ec       0x14 c:/devkitpro/devkitarm/bin/../lib/gcc/arm-none-eabi/10.2.0/../../../../arm-none-eabi/lib/thumb\libg.a(lib_a-tzlock.o)
                0x00000000020190ec                __tz_lock
 .text.__tz_unlock
                0x0000000002019100       0x14 c:/devkitpro/devkitarm/bin/../lib/gcc/arm-none-eabi/10.2.0/../../../../arm-none-eabi/lib/thumb\libg.a(lib_a-tzlock.o)
                0x0000000002019100                __tz_unlock
 .text._tzset_unlocked
                0x0000000002019114       0x10 c:/devkitpro/devkitarm/bin/../lib/gcc/arm-none-eabi/10.2.0/../../../../arm-none-eabi/lib/thumb\libg.a(lib_a-tzset.o)
                0x0000000002019114                _tzset_unlocked
 .text._tzset_unlocked_r
                0x0000000002019124      0x360 c:/devkitpro/devkitarm/bin/../lib/gcc/arm-none-eabi/10.2.0/../../../../arm-none-eabi/lib/thumb\libg.a(lib_a-tzset_r.o)
                0x0000000002019124                _tzset_unlocked_r
 .text.__submore
                0x0000000002019484       0x88 c:/devkitpro/devkitarm/bin/../lib/gcc/arm-none-eabi/10.2.0/../../../../arm-none-eabi/lib/thumb\libg.a(lib_a-ungetc.o)
                0x0000000002019484                __submore
 .text.get_arg  0x000000000201950c      0x3f0 c:/devkitpro/devkitarm/bin/../lib/gcc/arm-none-eabi/10.2.0/../../../../arm-none-eabi/lib/thumb\libg.a(lib_a-vfiprintf.o)
 .text.__sprint_r
                0x00000000020198fc       0x20 c:/devkitpro/devkitarm/bin/../lib/gcc/arm-none-eabi/10.2.0/../../../../arm-none-eabi/lib/thumb\libg.a(lib_a-vfiprintf.o)
                0x00000000020198fc                __sprint_r
 .text._vfiprintf_r
                0x000000000201991c     0x1800 c:/devkitpro/devkitarm/bin/../lib/gcc/arm-none-eabi/10.2.0/../../../../arm-none-eabi/lib/thumb\libg.a(lib_a-vfiprintf.o)
                0x000000000201991c                _vfiprintf_r
 .text.__sbprintf
                0x000000000201b11c       0x8c c:/devkitpro/devkitarm/bin/../lib/gcc/arm-none-eabi/10.2.0/../../../../arm-none-eabi/lib/thumb\libg.a(lib_a-vfiprintf.o)
 .text._wcrtomb_r
                0x000000000201b1a8       0x5c c:/devkitpro/devkitarm/bin/../lib/gcc/arm-none-eabi/10.2.0/../../../../arm-none-eabi/lib/thumb\libg.a(lib_a-wcrtomb.o)
                0x000000000201b1a8                _wcrtomb_r
 .text.wcrtomb  0x000000000201b204       0x74 c:/devkitpro/devkitarm/bin/../lib/gcc/arm-none-eabi/10.2.0/../../../../arm-none-eabi/lib/thumb\libg.a(lib_a-wcrtomb.o)
                0x000000000201b204                wcrtomb
 .text._wcsrtombs_r
                0x000000000201b278       0x1c c:/devkitpro/devkitarm/bin/../lib/gcc/arm-none-eabi/10.2.0/../../../../arm-none-eabi/lib/thumb\libg.a(lib_a-wcsrtombs.o)
                0x000000000201b278                _wcsrtombs_r
 .text.wctob    0x000000000201b294       0x48 c:/devkitpro/devkitarm/bin/../lib/gcc/arm-none-eabi/10.2.0/../../../../arm-none-eabi/lib/thumb\libg.a(lib_a-wctob.o)
                0x000000000201b294                wctob
 .text.__utf8_wctomb
                0x000000000201b2dc       0xb4 c:/devkitpro/devkitarm/bin/../lib/gcc/arm-none-eabi/10.2.0/../../../../arm-none-eabi/lib/thumb\libg.a(lib_a-wctomb_r.o)
                0x000000000201b2dc                __utf8_wctomb
 .text.__swsetup_r
                0x000000000201b390       0xe4 c:/devkitpro/devkitarm/bin/../lib/gcc/arm-none-eabi/10.2.0/../../../../arm-none-eabi/lib/thumb\libg.a(lib_a-wsetup.o)
                0x000000000201b390                __swsetup_r
 .text.div      0x000000000201b474       0x34 c:/devkitpro/devkitarm/bin/../lib/gcc/arm-none-eabi/10.2.0/../../../../arm-none-eabi/lib/thumb\libg.a(lib_a-div.o)
                0x000000000201b474                div
 .text.quorem   0x000000000201b4a8      0x14c c:/devkitpro/devkitarm/bin/../lib/gcc/arm-none-eabi/10.2.0/../../../../arm-none-eabi/lib/thumb\libg.a(lib_a-dtoa.o)
 .text._dtoa_r  0x000000000201b5f4      0xff0 c:/devkitpro/devkitarm/bin/../lib/gcc/arm-none-eabi/10.2.0/../../../../arm-none-eabi/lib/thumb\libg.a(lib_a-dtoa.o)
                0x000000000201b5f4                _dtoa_r
 .text.__errno  0x000000000201c5e4        0xc c:/devkitpro/devkitarm/bin/../lib/gcc/arm-none-eabi/10.2.0/../../../../arm-none-eabi/lib/thumb\libg.a(lib_a-errno.o)
                0x000000000201c5e4                __errno
 .text.__sflags
                0x000000000201c5f0       0xa4 c:/devkitpro/devkitarm/bin/../lib/gcc/arm-none-eabi/10.2.0/../../../../arm-none-eabi/lib/thumb\libg.a(lib_a-flags.o)
                0x000000000201c5f0                __sflags
 .text.__sfvwrite_r
                0x000000000201c694      0x324 c:/devkitpro/devkitarm/bin/../lib/gcc/arm-none-eabi/10.2.0/../../../../arm-none-eabi/lib/thumb\libg.a(lib_a-fvwrite.o)
                0x000000000201c694                __sfvwrite_r
 .text._findenv_r
                0x000000000201c9b8       0x94 c:/devkitpro/devkitarm/bin/../lib/gcc/arm-none-eabi/10.2.0/../../../../arm-none-eabi/lib/thumb\libg.a(lib_a-getenv_r.o)
                0x000000000201c9b8                _findenv_r
 .text._getenv_r
                0x000000000201ca4c       0x10 c:/devkitpro/devkitarm/bin/../lib/gcc/arm-none-eabi/10.2.0/../../../../arm-none-eabi/lib/thumb\libg.a(lib_a-getenv_r.o)
                0x000000000201ca4c                _getenv_r
 .text.__gettzinfo
                0x000000000201ca5c        0x8 c:/devkitpro/devkitarm/bin/../lib/gcc/arm-none-eabi/10.2.0/../../../../arm-none-eabi/lib/thumb\libg.a(lib_a-gettzinfo.o)
                0x000000000201ca5c                __gettzinfo
 .text.gmtime_r
                0x000000000201ca64      0x1d8 c:/devkitpro/devkitarm/bin/../lib/gcc/arm-none-eabi/10.2.0/../../../../arm-none-eabi/lib/thumb\libg.a(lib_a-gmtime_r.o)
                0x000000000201ca64                gmtime_r
 .text.iswspace
                0x000000000201cc3c       0x10 c:/devkitpro/devkitarm/bin/../lib/gcc/arm-none-eabi/10.2.0/../../../../arm-none-eabi/lib/thumb\libg.a(lib_a-iswspace.o)
                0x000000000201cc3c                iswspace
 .text._localeconv_r
                0x000000000201cc4c        0x8 c:/devkitpro/devkitarm/bin/../lib/gcc/arm-none-eabi/10.2.0/../../../../arm-none-eabi/lib/thumb\libg.a(lib_a-localeconv.o)
                0x000000000201cc4c                _localeconv_r
 .text._mbsnrtowcs_r
                0x000000000201cc54       0xc0 c:/devkitpro/devkitarm/bin/../lib/gcc/arm-none-eabi/10.2.0/../../../../arm-none-eabi/lib/thumb\libg.a(lib_a-mbsnrtowcs.o)
                0x000000000201cc54                _mbsnrtowcs_r
 .text.memchr   0x000000000201cd14       0x78 c:/devkitpro/devkitarm/bin/../lib/gcc/arm-none-eabi/10.2.0/../../../../arm-none-eabi/lib/thumb\libg.a(lib_a-memchr-stub.o)
                0x000000000201cd14                memchr
 .text._Balloc  0x000000000201cd8c       0x54 c:/devkitpro/devkitarm/bin/../lib/gcc/arm-none-eabi/10.2.0/../../../../arm-none-eabi/lib/thumb\libg.a(lib_a-mprec.o)
                0x000000000201cd8c                _Balloc
 .text._Bfree   0x000000000201cde0       0x14 c:/devkitpro/devkitarm/bin/../lib/gcc/arm-none-eabi/10.2.0/../../../../arm-none-eabi/lib/thumb\libg.a(lib_a-mprec.o)
                0x000000000201cde0                _Bfree
 .text.__multadd
                0x000000000201cdf4       0xac c:/devkitpro/devkitarm/bin/../lib/gcc/arm-none-eabi/10.2.0/../../../../arm-none-eabi/lib/thumb\libg.a(lib_a-mprec.o)
                0x000000000201cdf4                __multadd
 .text.__hi0bits
                0x000000000201cea0       0x38 c:/devkitpro/devkitarm/bin/../lib/gcc/arm-none-eabi/10.2.0/../../../../arm-none-eabi/lib/thumb\libg.a(lib_a-mprec.o)
                0x000000000201cea0                __hi0bits
 .text.__lo0bits
                0x000000000201ced8       0x5c c:/devkitpro/devkitarm/bin/../lib/gcc/arm-none-eabi/10.2.0/../../../../arm-none-eabi/lib/thumb\libg.a(lib_a-mprec.o)
                0x000000000201ced8                __lo0bits
 .text.__i2b    0x000000000201cf34       0x64 c:/devkitpro/devkitarm/bin/../lib/gcc/arm-none-eabi/10.2.0/../../../../arm-none-eabi/lib/thumb\libg.a(lib_a-mprec.o)
                0x000000000201cf34                __i2b
 .text.__multiply
                0x000000000201cf98      0x1a8 c:/devkitpro/devkitarm/bin/../lib/gcc/arm-none-eabi/10.2.0/../../../../arm-none-eabi/lib/thumb\libg.a(lib_a-mprec.o)
                0x000000000201cf98                __multiply
 .text.__pow5mult
                0x000000000201d140       0xdc c:/devkitpro/devkitarm/bin/../lib/gcc/arm-none-eabi/10.2.0/../../../../arm-none-eabi/lib/thumb\libg.a(lib_a-mprec.o)
                0x000000000201d140                __pow5mult
 .text.__lshift
                0x000000000201d21c      0x100 c:/devkitpro/devkitarm/bin/../lib/gcc/arm-none-eabi/10.2.0/../../../../arm-none-eabi/lib/thumb\libg.a(lib_a-mprec.o)
                0x000000000201d21c                __lshift
 .text.__mcmp   0x000000000201d31c       0x38 c:/devkitpro/devkitarm/bin/../lib/gcc/arm-none-eabi/10.2.0/../../../../arm-none-eabi/lib/thumb\libg.a(lib_a-mprec.o)
                0x000000000201d31c                __mcmp
 .text.__mdiff  0x000000000201d354      0x190 c:/devkitpro/devkitarm/bin/../lib/gcc/arm-none-eabi/10.2.0/../../../../arm-none-eabi/lib/thumb\libg.a(lib_a-mprec.o)
                0x000000000201d354                __mdiff
 .text.__d2b    0x000000000201d4e4       0xdc c:/devkitpro/devkitarm/bin/../lib/gcc/arm-none-eabi/10.2.0/../../../../arm-none-eabi/lib/thumb\libg.a(lib_a-mprec.o)
                0x000000000201d4e4                __d2b
 .text.__sccl   0x000000000201d5c0       0x90 c:/devkitpro/devkitarm/bin/../lib/gcc/arm-none-eabi/10.2.0/../../../../arm-none-eabi/lib/thumb\libg.a(lib_a-sccl.o)
                0x000000000201d5c0                __sccl
 .text.frexp    0x000000000201d650       0x68 c:/devkitpro/devkitarm/bin/../lib/gcc/arm-none-eabi/10.2.0/../../../../arm-none-eabi/lib/thumb\libg.a(lib_a-s_frexp.o)
                0x000000000201d650                frexp
 .text._strtoll_l.constprop.0
                0x000000000201d6b8      0x1ac c:/devkitpro/devkitarm/bin/../lib/gcc/arm-none-eabi/10.2.0/../../../../arm-none-eabi/lib/thumb\libg.a(lib_a-strtoll.o)
 .text._strtoll_r
                0x000000000201d864        0xc c:/devkitpro/devkitarm/bin/../lib/gcc/arm-none-eabi/10.2.0/../../../../arm-none-eabi/lib/thumb\libg.a(lib_a-strtoll.o)
                0x000000000201d864                _strtoll_r
 .text._strtoull_l.constprop.0
                0x000000000201d870      0x1c8 c:/devkitpro/devkitarm/bin/../lib/gcc/arm-none-eabi/10.2.0/../../../../arm-none-eabi/lib/thumb\libg.a(lib_a-strtoull.o)
 .text._strtoull_r
                0x000000000201da38        0xc c:/devkitpro/devkitarm/bin/../lib/gcc/arm-none-eabi/10.2.0/../../../../arm-none-eabi/lib/thumb\libg.a(lib_a-strtoull.o)
                0x000000000201da38                _strtoull_r
 .text._strtoul_l.constprop.0
                0x000000000201da44      0x148 c:/devkitpro/devkitarm/bin/../lib/gcc/arm-none-eabi/10.2.0/../../../../arm-none-eabi/lib/thumb\libg.a(lib_a-strtoul.o)
 .text._strtoul_r
                0x000000000201db8c        0xc c:/devkitpro/devkitarm/bin/../lib/gcc/arm-none-eabi/10.2.0/../../../../arm-none-eabi/lib/thumb\libg.a(lib_a-strtoul.o)
                0x000000000201db8c                _strtoul_r
 .text.strtoul  0x000000000201db98       0x1c c:/devkitpro/devkitarm/bin/../lib/gcc/arm-none-eabi/10.2.0/../../../../arm-none-eabi/lib/thumb\libg.a(lib_a-strtoul.o)
                0x000000000201db98                strtoul
 .text.__ssprint_r
                0x000000000201dbb4      0x124 c:/devkitpro/devkitarm/bin/../lib/gcc/arm-none-eabi/10.2.0/../../../../arm-none-eabi/lib/thumb\libg.a(lib_a-svfiprintf.o)
                0x000000000201dbb4                __ssprint_r
 .text.towctrans
                0x000000000201dcd8       0x28 c:/devkitpro/devkitarm/bin/../lib/gcc/arm-none-eabi/10.2.0/../../../../arm-none-eabi/lib/thumb\libg.a(lib_a-towctrans.o)
                0x000000000201dcd8                towctrans
 .text._wcsnrtombs_l
                0x000000000201dd00      0x138 c:/devkitpro/devkitarm/bin/../lib/gcc/arm-none-eabi/10.2.0/../../../../arm-none-eabi/lib/thumb\libg.a(lib_a-wcsnrtombs.o)
                0x000000000201dd00                _wcsnrtombs_l
 .text._wcsnrtombs_r
                0x000000000201de38       0x30 c:/devkitpro/devkitarm/bin/../lib/gcc/arm-none-eabi/10.2.0/../../../../arm-none-eabi/lib/thumb\libg.a(lib_a-wcsnrtombs.o)
                0x000000000201de38                _wcsnrtombs_r
 .text.__assert_func
                0x000000000201de68       0x40 c:/devkitpro/devkitarm/bin/../lib/gcc/arm-none-eabi/10.2.0/../../../../arm-none-eabi/lib/thumb\libg.a(lib_a-assert.o)
                0x000000000201de68                __assert_func
 .text.__env_lock
                0x000000000201dea8       0x14 c:/devkitpro/devkitarm/bin/../lib/gcc/arm-none-eabi/10.2.0/../../../../arm-none-eabi/lib/thumb\libg.a(lib_a-envlock.o)
                0x000000000201dea8                __env_lock
 .text.__env_unlock
                0x000000000201debc       0x14 c:/devkitpro/devkitarm/bin/../lib/gcc/arm-none-eabi/10.2.0/../../../../arm-none-eabi/lib/thumb\libg.a(lib_a-envlock.o)
                0x000000000201debc                __env_unlock
 .text.fiprintf
                0x000000000201ded0       0x28 c:/devkitpro/devkitarm/bin/../lib/gcc/arm-none-eabi/10.2.0/../../../../arm-none-eabi/lib/thumb\libg.a(lib_a-fiprintf.o)
                0x000000000201ded0                fiprintf
 .text.iswspace_l
                0x000000000201def8       0x2c c:/devkitpro/devkitarm/bin/../lib/gcc/arm-none-eabi/10.2.0/../../../../arm-none-eabi/lib/thumb\libg.a(lib_a-iswspace_l.o)
                0x000000000201def8                iswspace_l
 .text.__jp2uc  0x000000000201df24      0x164 c:/devkitpro/devkitarm/bin/../lib/gcc/arm-none-eabi/10.2.0/../../../../arm-none-eabi/lib/thumb\libg.a(lib_a-jp2uc.o)
 .text._jp2uc_l
                0x000000000201e088       0x6c c:/devkitpro/devkitarm/bin/../lib/gcc/arm-none-eabi/10.2.0/../../../../arm-none-eabi/lib/thumb\libg.a(lib_a-jp2uc.o)
                0x000000000201e088                _jp2uc_l
 .text._uc2jp_l
                0x000000000201e0f4       0x4c c:/devkitpro/devkitarm/bin/../lib/gcc/arm-none-eabi/10.2.0/../../../../arm-none-eabi/lib/thumb\libg.a(lib_a-jp2uc.o)
                0x000000000201e0f4                _uc2jp_l
 .text.towctrans_l
                0x000000000201e140      0x1b4 c:/devkitpro/devkitarm/bin/../lib/gcc/arm-none-eabi/10.2.0/../../../../arm-none-eabi/lib/thumb\libg.a(lib_a-towctrans_l.o)
                0x000000000201e140                towctrans_l
 .text.abort    0x000000000201e2f4       0x10 c:/devkitpro/devkitarm/bin/../lib/gcc/arm-none-eabi/10.2.0/../../../../arm-none-eabi/lib/thumb\libg.a(lib_a-abort.o)
                0x000000000201e2f4                abort
 .text.category
                0x000000000201e304       0x54 c:/devkitpro/devkitarm/bin/../lib/gcc/arm-none-eabi/10.2.0/../../../../arm-none-eabi/lib/thumb\libg.a(lib_a-categories.o)
                0x000000000201e304                category
 .text._raise_r
                0x000000000201e358       0x64 c:/devkitpro/devkitarm/bin/../lib/gcc/arm-none-eabi/10.2.0/../../../../arm-none-eabi/lib/thumb\libg.a(lib_a-signal.o)
                0x000000000201e358                _raise_r
 .text.raise    0x000000000201e3bc       0x14 c:/devkitpro/devkitarm/bin/../lib/gcc/arm-none-eabi/10.2.0/../../../../arm-none-eabi/lib/thumb\libg.a(lib_a-signal.o)
                0x000000000201e3bc                raise
 .text.null_write
                0x000000000201e3d0        0x4 c:/devkitpro/devkitarm/bin/../lib/gcc/arm-none-eabi/10.2.0/../../../../arm-none-eabi/lib/thumb\libsysbase.a(iosupport.o)
 .text.setDefaultDevice
                0x000000000201e3d4       0x10 c:/devkitpro/devkitarm/bin/../lib/gcc/arm-none-eabi/10.2.0/../../../../arm-none-eabi/lib/thumb\libsysbase.a(iosupport.o)
                0x000000000201e3d4                setDefaultDevice
 .text.FindDevice
                0x000000000201e3e4       0x98 c:/devkitpro/devkitarm/bin/../lib/gcc/arm-none-eabi/10.2.0/../../../../arm-none-eabi/lib/thumb\libsysbase.a(iosupport.o)
                0x000000000201e3e4                FindDevice
 .text.AddDevice
                0x000000000201e47c       0x78 c:/devkitpro/devkitarm/bin/../lib/gcc/arm-none-eabi/10.2.0/../../../../arm-none-eabi/lib/thumb\libsysbase.a(iosupport.o)
                0x000000000201e47c                AddDevice
 .text.GetDeviceOpTab
                0x000000000201e4f4       0x20 c:/devkitpro/devkitarm/bin/../lib/gcc/arm-none-eabi/10.2.0/../../../../arm-none-eabi/lib/thumb\libsysbase.a(iosupport.o)
                0x000000000201e4f4                GetDeviceOpTab
 .text._fstat_r
                0x000000000201e514       0x4c c:/devkitpro/devkitarm/bin/../lib/gcc/arm-none-eabi/10.2.0/../../../../arm-none-eabi/lib/thumb\libsysbase.a(fstat.o)
                0x000000000201e514                _fstat_r
 .text._getpid_r
                0x000000000201e560        0xc c:/devkitpro/devkitarm/bin/../lib/gcc/arm-none-eabi/10.2.0/../../../../arm-none-eabi/lib/thumb\libsysbase.a(getpid.o)
                0x000000000201e560                _getpid_r
 .text._gettimeofday_r
                0x000000000201e56c       0x28 c:/devkitpro/devkitarm/bin/../lib/gcc/arm-none-eabi/10.2.0/../../../../arm-none-eabi/lib/thumb\libsysbase.a(gettod.o)
                0x000000000201e56c                _gettimeofday_r
 .text._isatty_r
                0x000000000201e594        0x4 c:/devkitpro/devkitarm/bin/../lib/gcc/arm-none-eabi/10.2.0/../../../../arm-none-eabi/lib/thumb\libsysbase.a(isatty.o)
                0x000000000201e594                _isatty_r
 .text._kill_r  0x000000000201e598        0xc c:/devkitpro/devkitarm/bin/../lib/gcc/arm-none-eabi/10.2.0/../../../../arm-none-eabi/lib/thumb\libsysbase.a(kill.o)
                0x000000000201e598                _kill_r
 .text._lseek_r
                0x000000000201e5a4       0x5c c:/devkitpro/devkitarm/bin/../lib/gcc/arm-none-eabi/10.2.0/../../../../arm-none-eabi/lib/thumb\libsysbase.a(lseek.o)
                0x000000000201e5a4                _lseek_r
 .text._open_r  0x000000000201e600       0x9c c:/devkitpro/devkitarm/bin/../lib/gcc/arm-none-eabi/10.2.0/../../../../arm-none-eabi/lib/thumb\libsysbase.a(open.o)
                0x000000000201e600                _open_r
 .text._read_r  0x000000000201e69c       0x50 c:/devkitpro/devkitarm/bin/../lib/gcc/arm-none-eabi/10.2.0/../../../../arm-none-eabi/lib/thumb\libsysbase.a(read.o)
                0x000000000201e69c                _read_r
 .text._sbrk_r  0x000000000201e6ec       0x54 c:/devkitpro/devkitarm/bin/../lib/gcc/arm-none-eabi/10.2.0/../../../../arm-none-eabi/lib/thumb\libsysbase.a(sbrk.o)
                0x000000000201e6ec                _sbrk_r
 .text._write_r
                0x000000000201e740       0x50 c:/devkitpro/devkitarm/bin/../lib/gcc/arm-none-eabi/10.2.0/../../../../arm-none-eabi/lib/thumb\libsysbase.a(write.o)
                0x000000000201e740                _write_r
 .text._exit    0x000000000201e790       0x18 c:/devkitpro/devkitarm/bin/../lib/gcc/arm-none-eabi/10.2.0/../../../../arm-none-eabi/lib/thumb\libsysbase.a(_exit.o)
                0x000000000201e790                _exit
 .text._concatenate_path
                0x000000000201e7a8      0x128 c:/devkitpro/devkitarm/bin/../lib/gcc/arm-none-eabi/10.2.0/../../../../arm-none-eabi/lib/thumb\libsysbase.a(chdir.o)
                0x000000000201e7a8                _concatenate_path
 .text.chdir    0x000000000201e8d0       0xec c:/devkitpro/devkitarm/bin/../lib/gcc/arm-none-eabi/10.2.0/../../../../arm-none-eabi/lib/thumb\libsysbase.a(chdir.o)
                0x000000000201e8d0                chdir
 .text.getcwd   0x000000000201e9bc       0x60 c:/devkitpro/devkitarm/bin/../lib/gcc/arm-none-eabi/10.2.0/../../../../arm-none-eabi/lib/thumb\libsysbase.a(chdir.o)
                0x000000000201e9bc                getcwd
 .text.build_argv
                0x000000000201ea1c       0x4c c:/devkitpro/devkitarm/bin/../lib/gcc/arm-none-eabi/10.2.0/../../../../arm-none-eabi/lib/thumb\libsysbase.a(build_argv.o)
                0x000000000201ea1c                build_argv
 .text.__flockfile
                0x000000000201ea68       0x10 c:/devkitpro/devkitarm/bin/../lib/gcc/arm-none-eabi/10.2.0/../../../../arm-none-eabi/lib/thumb\libsysbase.a(flock.o)
                0x000000000201ea68                __flockfile
 .text.__funlockfile
                0x000000000201ea78       0x10 c:/devkitpro/devkitarm/bin/../lib/gcc/arm-none-eabi/10.2.0/../../../../arm-none-eabi/lib/thumb\libsysbase.a(flock.o)
                0x000000000201ea78                __funlockfile
 .text.__libc_lock_acquire
                0x000000000201ea88       0x1c c:/devkitpro/devkitarm/bin/../lib/gcc/arm-none-eabi/10.2.0/../../../../arm-none-eabi/lib/thumb\libsysbase.a(syscall_support.o)
                0x000000000201ea88                __libc_lock_acquire
 .text.__libc_lock_release
                0x000000000201eaa4       0x1c c:/devkitpro/devkitarm/bin/../lib/gcc/arm-none-eabi/10.2.0/../../../../arm-none-eabi/lib/thumb\libsysbase.a(syscall_support.o)
                0x000000000201eaa4                __libc_lock_release
 .text.__libc_lock_init_recursive
                0x000000000201eac0       0x1c c:/devkitpro/devkitarm/bin/../lib/gcc/arm-none-eabi/10.2.0/../../../../arm-none-eabi/lib/thumb\libsysbase.a(syscall_support.o)
                0x000000000201eac0                __libc_lock_init_recursive
 .text.__libc_lock_acquire_recursive
                0x000000000201eadc       0x1c c:/devkitpro/devkitarm/bin/../lib/gcc/arm-none-eabi/10.2.0/../../../../arm-none-eabi/lib/thumb\libsysbase.a(syscall_support.o)
                0x000000000201eadc                __libc_lock_acquire_recursive
 .text.__libc_lock_release_recursive
                0x000000000201eaf8       0x1c c:/devkitpro/devkitarm/bin/../lib/gcc/arm-none-eabi/10.2.0/../../../../arm-none-eabi/lib/thumb\libsysbase.a(syscall_support.o)
                0x000000000201eaf8                __libc_lock_release_recursive
 .text.__libc_lock_close_recursive
                0x000000000201eb14       0x1c c:/devkitpro/devkitarm/bin/../lib/gcc/arm-none-eabi/10.2.0/../../../../arm-none-eabi/lib/thumb\libsysbase.a(syscall_support.o)
                0x000000000201eb14                __libc_lock_close_recursive
 .text.__release_handle
                0x000000000201eb30       0x68 c:/devkitpro/devkitarm/bin/../lib/gcc/arm-none-eabi/10.2.0/../../../../arm-none-eabi/lib/thumb\libsysbase.a(handle_manager.o)
                0x000000000201eb30                __release_handle
 .text.__alloc_handle
                0x000000000201eb98       0x80 c:/devkitpro/devkitarm/bin/../lib/gcc/arm-none-eabi/10.2.0/../../../../arm-none-eabi/lib/thumb\libsysbase.a(handle_manager.o)
                0x000000000201eb98                __alloc_handle
 .text.__get_handle
                0x000000000201ec18       0x34 c:/devkitpro/devkitarm/bin/../lib/gcc/arm-none-eabi/10.2.0/../../../../arm-none-eabi/lib/thumb\libsysbase.a(handle_manager.o)
                0x000000000201ec18                __get_handle
 .text._close_r
                0x000000000201ec4c       0xb8 c:/devkitpro/devkitarm/bin/../lib/gcc/arm-none-eabi/10.2.0/../../../../arm-none-eabi/lib/thumb\libsysbase.a(handle_manager.o)
                0x000000000201ec4c                _close_r
 .text.__getreent
                0x000000000201ed04       0x28 c:/devkitpro/devkitarm/bin/../lib/gcc/arm-none-eabi/10.2.0/../../../../arm-none-eabi/lib/thumb\libsysbase.a(getreent.o)
                0x000000000201ed04                __getreent
 *fill*         0x000000000201ed2c        0x4 ff
 .text.__getreent.__stub
                0x000000000201ed30      0x108 linker stubs
 *(EXCLUDE_FILE(*.twl*) .gnu.warning)
 *(EXCLUDE_FILE(*.twl*) .gnu.linkonce.t*)
 *(.glue_7)
 .glue_7        0x000000000201ee48        0x0 linker stubs
 *(.glue_7t)
 .glue_7t       0x000000000201ee48        0x0 linker stubs
                0x000000000201ee48                . = ALIGN (0x4)

.vfp11_veneer   0x000000000201ee48        0x0
 .vfp11_veneer  0x000000000201ee48        0x0 linker stubs

.v4_bx          0x000000000201ee48        0x0
 .v4_bx         0x000000000201ee48        0x0 linker stubs

.iplt           0x000000000201ee48        0x0
 .iplt          0x000000000201ee48        0x0 c:/devkitpro/devkitarm/bin/../lib/gcc/arm-none-eabi/10.2.0/../../../../arm-none-eabi/lib/thumb/ds_arm9_crt0.o

.fini           0x000000000201ee48        0xc
 *(.fini)
 .fini          0x000000000201ee48        0x4 c:/devkitpro/devkitarm/bin/../lib/gcc/arm-none-eabi/10.2.0/thumb/crti.o
                0x000000000201ee48                _fini
 .fini          0x000000000201ee4c        0x8 c:/devkitpro/devkitarm/bin/../lib/gcc/arm-none-eabi/10.2.0/thumb/crtn.o
                0x000000000201ee54                __text_end = .

.rodata         0x000000000201ee60     0x9960
 *(EXCLUDE_FILE(*.twl*) .rodata)
 .rodata        0x000000000201ee60       0x4c C:/Users/juanr/Desktop/AeroGuyRedo/nflib/lib\libnflib.a(nf_basic.o)
 *all.rodata*(*)
 *(EXCLUDE_FILE(*.twl*) .roda)
 *(EXCLUDE_FILE(*.twl*) .rodata.*)
 .rodata.str1.4
                0x000000000201eeac       0x5a game.o
 *fill*         0x000000000201ef06        0x2 ff
 .rodata.str1.4
                0x000000000201ef08        0x8 init.o
 .rodata.str1.4
                0x000000000201ef10       0x2c titleScreen.o
 .rodata.str1.4
                0x000000000201ef3c       0x27 C:/Users/juanr/Desktop/AeroGuyRedo/nflib/lib\libnflib.a(nf_2d.o)
                                         0x28 (size before relaxing)
 *fill*         0x000000000201ef63        0x1 ff
 .rodata.str1.4
                0x000000000201ef64      0x5c7 C:/Users/juanr/Desktop/AeroGuyRedo/nflib/lib\libnflib.a(nf_basic.o)
                                        0x5dc (size before relaxing)
 *fill*         0x000000000201f52b        0x1 ff
 .rodata.str1.4
                0x000000000201f52c       0x70 C:/Users/juanr/Desktop/AeroGuyRedo/nflib/lib\libnflib.a(nf_sprite256.o)
                                         0x7c (size before relaxing)
 .rodata.str1.4
                0x000000000201f59c       0x16 C:/Users/juanr/Desktop/AeroGuyRedo/nflib/lib\libnflib.a(nf_text.o)
                                         0x28 (size before relaxing)
 *fill*         0x000000000201f5b2        0x2 ff
 .rodata.str1.4
                0x000000000201f5b4       0x40 C:/Users/juanr/Desktop/AeroGuyRedo/nflib/lib\libnflib.a(nf_tiledbg.o)
                                         0x6c (size before relaxing)
 .rodata.nitroFSInit.str1.4
                0x000000000201f5f4        0x8 C:/devkitPro/libnds/lib\libfilesystem.a(nitrofs.o)
 .rodata.str1.4
                0x000000000201f5f4        0xe C:/devkitPro/libnds/lib\libfilesystem.a(nitrofs.o)
 *fill*         0x000000000201f602        0x2 ff
 .rodata.fatMount.part.0.str1.4
                0x000000000201f604        0x2 C:/devkitPro/libnds/lib\libfat.a(libfat.o)
 *fill*         0x000000000201f606        0x2 ff
 .rodata.fatInit.str1.4
                0x000000000201f608        0x3 C:/devkitPro/libnds/lib\libfat.a(libfat.o)
 *fill*         0x000000000201f60b        0x1 ff
 .rodata.str1.4
                0x000000000201f60c        0x4 C:/devkitPro/libnds/lib\libfat.a(libfat.o)
 .rodata.dotab_fat
                0x000000000201f610       0x70 C:/devkitPro/libnds/lib\libfat.a(libfat.o)
 .rodata.str1.4
                0x000000000201f680        0x3 C:/devkitPro/libnds/lib\libfat.a(disc.o)
                                          0x8 (size before relaxing)
 *fill*         0x000000000201f683        0x1 ff
 .rodata._FAT_disc_interfaces
                0x000000000201f684       0x18 C:/devkitPro/libnds/lib\libfat.a(disc.o)
                0x000000000201f684                _FAT_disc_interfaces
 .rodata._FAT_directory_entryFromPath.str1.4
                0x000000000201f69c        0x7 C:/devkitPro/libnds/lib\libfat.a(directory.o)
 .rodata.ILLEGAL_ALIAS_CHARACTERS
                0x000000000201f69c       0x12 C:/devkitPro/libnds/lib\libfat.a(directory.o)
 *fill*         0x000000000201f6ae        0x2 ff
 .rodata.ILLEGAL_LFN_CHARACTERS
                0x000000000201f6b0        0xa C:/devkitPro/libnds/lib\libfat.a(directory.o)
 *fill*         0x000000000201f6ba        0x2 ff
 .rodata.LFN_offset_table
                0x000000000201f6bc       0x34 C:/devkitPro/libnds/lib\libfat.a(directory.o)
 .rodata.FAT_SIG
                0x000000000201f6f0        0x3 C:/devkitPro/libnds/lib\libfat.a(partition.o)
 *fill*         0x000000000201f6f3        0x1 ff
 .rodata.FS_TWL_SIG
                0x000000000201f6f4        0x8 C:/devkitPro/libnds/lib\libfat.a(partition.o)
 .rodata.con_write.str1.4
                0x000000000201f6fc       0x30 C:/devkitPro/libnds/lib\libnds9.a(console.o)
 .rodata.con_write
                0x000000000201f72c       0xd4 C:/devkitPro/libnds/lib\libnds9.a(console.o)
 .rodata.consoleClear.str1.4
                0x000000000201f800        0x5 C:/devkitPro/libnds/lib\libnds9.a(console.o)
 *fill*         0x000000000201f805        0x3 ff
 .rodata.str1.4
                0x000000000201f808       0x14 C:/devkitPro/libnds/lib\libnds9.a(console.o)
 .rodata.dotab_stdout
                0x000000000201f81c       0x70 C:/devkitPro/libnds/lib\libnds9.a(console.o)
 *fill*         0x000000000201f88c       0x14 ff
 .rodata.default_font_bin
                0x000000000201f8a0     0x2000 C:/devkitPro/libnds/lib\libnds9.a(default_font.bin.o)
                0x000000000201f8a0                default_font_bin
                0x00000000020218a0                default_font_bin_end
 .rodata.SIN_LUT
                0x00000000020218a0      0x102 C:/devkitPro/libnds/lib\libnds9.a(trig.o)
                0x00000000020218a0                SIN_LUT
 *fill*         0x00000000020219a2        0x2 ff
 .rodata._ctype_
                0x00000000020219a4      0x101 c:/devkitpro/devkitarm/bin/../lib/gcc/arm-none-eabi/10.2.0/../../../../arm-none-eabi/lib/thumb\libg.a(lib_a-ctype_.o)
                0x00000000020219a4                _ctype_
 *fill*         0x0000000002021aa5        0x3 ff
 .rodata._global_impure_ptr
                0x0000000002021aa8        0x4 c:/devkitpro/devkitarm/bin/../lib/gcc/arm-none-eabi/10.2.0/../../../../arm-none-eabi/lib/thumb\libg.a(lib_a-impure.o)
                0x0000000002021aa8                _global_impure_ptr
 .rodata.str1.4
                0x0000000002021aac       0x44 c:/devkitpro/devkitarm/bin/../lib/gcc/arm-none-eabi/10.2.0/../../../../arm-none-eabi/lib/thumb\libg.a(lib_a-locale.o)
                                         0x4c (size before relaxing)
 .rodata._mbrtowc_r.str1.4
                0x0000000002021af0        0x1 c:/devkitpro/devkitarm/bin/../lib/gcc/arm-none-eabi/10.2.0/../../../../arm-none-eabi/lib/thumb\libg.a(lib_a-mbrtowc.o)
 .rodata.DAYS_IN_MONTH
                0x0000000002021af0       0x30 c:/devkitpro/devkitarm/bin/../lib/gcc/arm-none-eabi/10.2.0/../../../../arm-none-eabi/lib/thumb\libg.a(lib_a-mktime.o)
 .rodata._DAYS_BEFORE_MONTH
                0x0000000002021b20       0x30 c:/devkitpro/devkitarm/bin/../lib/gcc/arm-none-eabi/10.2.0/../../../../arm-none-eabi/lib/thumb\libg.a(lib_a-mktime.o)
 .rodata.__month_lengths
                0x0000000002021b50       0x60 c:/devkitpro/devkitarm/bin/../lib/gcc/arm-none-eabi/10.2.0/../../../../arm-none-eabi/lib/thumb\libg.a(lib_a-month_lengths.o)
                0x0000000002021b50                __month_lengths
 .rodata.basefix.0
                0x0000000002021bb0       0x22 c:/devkitpro/devkitarm/bin/../lib/gcc/arm-none-eabi/10.2.0/../../../../arm-none-eabi/lib/thumb\libg.a(lib_a-svfiscanf.o)
 .rodata._svfprintf_r.str1.1
                0x0000000002021bd2       0x3b c:/devkitpro/devkitarm/bin/../lib/gcc/arm-none-eabi/10.2.0/../../../../arm-none-eabi/lib/thumb\libg.a(lib_a-svfprintf.o)
 *fill*         0x0000000002021c0d        0x3 ff
 .rodata.blanks.1
                0x0000000002021c10       0x10 c:/devkitpro/devkitarm/bin/../lib/gcc/arm-none-eabi/10.2.0/../../../../arm-none-eabi/lib/thumb\libg.a(lib_a-svfprintf.o)
 .rodata.zeroes.0
                0x0000000002021c20       0x10 c:/devkitpro/devkitarm/bin/../lib/gcc/arm-none-eabi/10.2.0/../../../../arm-none-eabi/lib/thumb\libg.a(lib_a-svfprintf.o)
 .rodata._tzset_unlocked_r.str1.4
                0x0000000002021c30       0x53 c:/devkitpro/devkitarm/bin/../lib/gcc/arm-none-eabi/10.2.0/../../../../arm-none-eabi/lib/thumb\libg.a(lib_a-tzset_r.o)
 .rodata.str1.4
                0x0000000002021c83        0x4 c:/devkitpro/devkitarm/bin/../lib/gcc/arm-none-eabi/10.2.0/../../../../arm-none-eabi/lib/thumb\libg.a(lib_a-tzvars.o)
 .rodata._vfiprintf_r.str1.1
                0x0000000002021c83       0x29 c:/devkitpro/devkitarm/bin/../lib/gcc/arm-none-eabi/10.2.0/../../../../arm-none-eabi/lib/thumb\libg.a(lib_a-vfiprintf.o)
 *fill*         0x0000000002021c83        0x1 ff
 .rodata.blanks.1
                0x0000000002021c84       0x10 c:/devkitpro/devkitarm/bin/../lib/gcc/arm-none-eabi/10.2.0/../../../../arm-none-eabi/lib/thumb\libg.a(lib_a-vfiprintf.o)
 .rodata.zeroes.0
                0x0000000002021c94       0x10 c:/devkitpro/devkitarm/bin/../lib/gcc/arm-none-eabi/10.2.0/../../../../arm-none-eabi/lib/thumb\libg.a(lib_a-vfiprintf.o)
 .rodata._dtoa_r.str1.4
                0x0000000002021ca4       0x64 c:/devkitpro/devkitarm/bin/../lib/gcc/arm-none-eabi/10.2.0/../../../../arm-none-eabi/lib/thumb\libg.a(lib_a-dtoa.o)
 .rodata.__multadd.str1.4
                0x0000000002021d08       0x3d c:/devkitpro/devkitarm/bin/../lib/gcc/arm-none-eabi/10.2.0/../../../../arm-none-eabi/lib/thumb\libg.a(lib_a-mprec.o)
                                         0x51 (size before relaxing)
 *fill*         0x0000000002021d45        0x3 ff
 .rodata.__mprec_bigtens
                0x0000000002021d48       0x28 c:/devkitpro/devkitarm/bin/../lib/gcc/arm-none-eabi/10.2.0/../../../../arm-none-eabi/lib/thumb\libg.a(lib_a-mprec.o)
                0x0000000002021d48                __mprec_bigtens
 .rodata.__mprec_tens
                0x0000000002021d70       0xc8 c:/devkitpro/devkitarm/bin/../lib/gcc/arm-none-eabi/10.2.0/../../../../arm-none-eabi/lib/thumb\libg.a(lib_a-mprec.o)
                0x0000000002021d70                __mprec_tens
 .rodata.p05.0  0x0000000002021e38        0xc c:/devkitpro/devkitarm/bin/../lib/gcc/arm-none-eabi/10.2.0/../../../../arm-none-eabi/lib/thumb\libg.a(lib_a-mprec.o)
 .rodata.__action_table
                0x0000000002021e44       0x6c c:/devkitpro/devkitarm/bin/../lib/gcc/arm-none-eabi/10.2.0/../../../../arm-none-eabi/lib/thumb\libg.a(lib_a-svfiprintf.o)
                0x0000000002021e44                __action_table
 .rodata.__chclass